Running: mvn test through docker-compose.test.yml
time="2026-03-07T16:55:48-06:00" level=warning msg="Found orphan containers ([crm-app crm-mysql]) for this project. If you removed or renamed this service in your compose file, you can run this command with the --remove-orphans flag to clean it up."
 Container crm-esse-test-db-1  Running
[INFO] Scanning for projects...
[INFO] 
[INFO] ------------------------< com.esse.crm:crm-app >------------------------
[INFO] Building crm-app 0.0.1-SNAPSHOT
[INFO]   from pom.xml
[INFO] --------------------------------[ jar ]---------------------------------
[INFO] 
[INFO] --- jacoco:0.8.11:prepare-agent (default) @ crm-app ---
[INFO] argLine set to -javaagent:/root/.m2/repository/org/jacoco/org.jacoco.agent/0.8.11/org.jacoco.agent-0.8.11-runtime.jar=destfile=/app/target/jacoco.exec
[INFO] 
[INFO] --- resources:3.3.1:resources (default-resources) @ crm-app ---
[INFO] Copying 1 resource from src/main/resources to target/classes
[INFO] Copying 5 resources from src/main/resources to target/classes
[INFO] 
[INFO] --- compiler:3.11.0:compile (default-compile) @ crm-app ---
[INFO] Nothing to compile - all classes are up to date
[INFO] 
[INFO] --- resources:3.3.1:testResources (default-testResources) @ crm-app ---
[INFO] Copying 2 resources from src/test/resources to target/test-classes
[INFO] 
[INFO] --- compiler:3.11.0:testCompile (default-testCompile) @ crm-app ---
[INFO] Nothing to compile - all classes are up to date
[INFO] 
[INFO] --- surefire:3.1.2:test (default-test) @ crm-app ---
[INFO] Using auto detected provider org.apache.maven.surefire.junitplatform.JUnitPlatformProvider
[INFO] 
[INFO] -------------------------------------------------------
[INFO]  T E S T S
[INFO] -------------------------------------------------------
[INFO] Running com.esse.crm.config.AuditingIT
22:55:58.767 [main] INFO org.springframework.test.context.support.AnnotationConfigContextLoaderUtils -- Could not detect default configuration classes for test class [com.esse.crm.config.AuditingIT]: AuditingIT does not declare any static, non-private, non-final, nested classes annotated with @Configuration.
22:55:59.736 [main] INFO org.springframework.boot.test.context.SpringBootTestContextBootstrapper -- Found @SpringBootConfiguration com.esse.crm.CrmApplication for test class com.esse.crm.config.AuditingIT

  .   ____          _            __ _ _
 /\\ / ___'_ __ _ _(_)_ __  __ _ \ \ \ \
( ( )\___ | '_ | '_| | '_ \/ _` | \ \ \ \
 \\/  ___)| |_)| | | | | || (_| |  ) ) ) )
  '  |____| .__|_| |_|_| |_\__, | / / / /
 =========|_|==============|___/=/_/_/_/
 :: Spring Boot ::                (v3.2.2)

2026-03-07T22:56:04.756Z  INFO 65 --- [           main] com.esse.crm.config.AuditingIT           : Starting AuditingIT using Java 17.0.11 with PID 65 (started by root in /app)
2026-03-07T22:56:04.763Z  INFO 65 --- [           main] com.esse.crm.config.AuditingIT           : The following 1 profile is active: "test"
2026-03-07T22:56:19.110Z  INFO 65 --- [           main] .s.d.r.c.RepositoryConfigurationDelegate : Bootstrapping Spring Data JPA repositories in DEFAULT mode.
2026-03-07T22:56:19.957Z  INFO 65 --- [           main] .s.d.r.c.RepositoryConfigurationDelegate : Finished Spring Data repository scanning in 773 ms. Found 9 JPA repository interfaces.
2026-03-07T22:56:25.747Z  INFO 65 --- [           main] o.hibernate.jpa.internal.util.LogHelper  : HHH000204: Processing PersistenceUnitInfo [name: default]
2026-03-07T22:56:27.171Z  INFO 65 --- [           main] org.hibernate.Version                    : HHH000412: Hibernate ORM core version 6.4.1.Final
2026-03-07T22:56:27.633Z  INFO 65 --- [           main] o.h.c.internal.RegionFactoryInitiator    : HHH000026: Second-level cache disabled
2026-03-07T22:56:30.715Z  INFO 65 --- [           main] o.s.o.j.p.SpringPersistenceUnitInfo      : No LoadTimeWeaver setup: ignoring JPA class transformer
2026-03-07T22:56:31.100Z  INFO 65 --- [           main] com.zaxxer.hikari.HikariDataSource       : HikariPool-1 - Starting...
2026-03-07T22:56:32.416Z  INFO 65 --- [           main] com.zaxxer.hikari.pool.HikariPool        : HikariPool-1 - Added connection com.mysql.cj.jdbc.ConnectionImpl@fdbf68d
2026-03-07T22:56:32.435Z  INFO 65 --- [           main] com.zaxxer.hikari.HikariDataSource       : HikariPool-1 - Start completed.
2026-03-07T22:56:32.945Z  WARN 65 --- [           main] org.hibernate.orm.deprecation            : HHH90000025: MySQLDialect does not need to be specified explicitly using 'hibernate.dialect' (remove the property setting and it will be selected by default)
2026-03-07T22:56:45.269Z  INFO 65 --- [           main] o.h.e.t.j.p.i.JtaPlatformInitiator       : HHH000489: No JTA platform available (set 'hibernate.transaction.jta.platform' to enable JTA platform integration)
Hibernate: alter table account_contacts drop foreign key FK1i4p37b8too4t95ommx3c4nnq
2026-03-07T22:56:45.587Z  WARN 65 --- [           main] o.h.t.s.i.ExceptionHandlerLoggedImpl     : GenerationTarget encountered exception accepting command : Error executing DDL "alter table account_contacts drop foreign key FK1i4p37b8too4t95ommx3c4nnq" via JDBC [Can't DROP 'FK1i4p37b8too4t95ommx3c4nnq'; check that column/key exists]

org.hibernate.tool.schema.spi.CommandAcceptanceException: Error executing DDL "alter table account_contacts drop foreign key FK1i4p37b8too4t95ommx3c4nnq" via JDBC [Can't DROP 'FK1i4p37b8too4t95ommx3c4nnq'; check that column/key exists]
	at org.hibernate.tool.schema.internal.exec.GenerationTargetToDatabase.accept(GenerationTargetToDatabase.java:94) ~[hibernate-core-6.4.1.Final.jar:6.4.1.Final]
	at org.hibernate.tool.schema.internal.Helper.applySqlString(Helper.java:233) ~[hibernate-core-6.4.1.Final.jar:6.4.1.Final]
	at org.hibernate.tool.schema.internal.Helper.applySqlStrings(Helper.java:217) ~[hibernate-core-6.4.1.Final.jar:6.4.1.Final]
	at org.hibernate.tool.schema.internal.SchemaDropperImpl.applyConstraintDropping(SchemaDropperImpl.java:470) ~[hibernate-core-6.4.1.Final.jar:6.4.1.Final]
	at org.hibernate.tool.schema.internal.SchemaDropperImpl.dropConstraintsTablesSequences(SchemaDropperImpl.java:242) ~[hibernate-core-6.4.1.Final.jar:6.4.1.Final]
	at org.hibernate.tool.schema.internal.SchemaDropperImpl.dropFromMetadata(SchemaDropperImpl.java:215) ~[hibernate-core-6.4.1.Final.jar:6.4.1.Final]
	at org.hibernate.tool.schema.internal.SchemaDropperImpl.performDrop(SchemaDropperImpl.java:185) ~[hibernate-core-6.4.1.Final.jar:6.4.1.Final]
	at org.hibernate.tool.schema.internal.SchemaDropperImpl.doDrop(SchemaDropperImpl.java:155) ~[hibernate-core-6.4.1.Final.jar:6.4.1.Final]
	at org.hibernate.tool.schema.internal.SchemaDropperImpl.doDrop(SchemaDropperImpl.java:115) ~[hibernate-core-6.4.1.Final.jar:6.4.1.Final]
	at org.hibernate.tool.schema.spi.SchemaManagementToolCoordinator.performDatabaseAction(SchemaManagementToolCoordinator.java:244) ~[hibernate-core-6.4.1.Final.jar:6.4.1.Final]
	at org.hibernate.tool.schema.spi.SchemaManagementToolCoordinator.lambda$process$5(SchemaManagementToolCoordinator.java:145) ~[hibernate-core-6.4.1.Final.jar:6.4.1.Final]
	at java.base/java.util.HashMap.forEach(HashMap.java:1421) ~[na:na]
	at org.hibernate.tool.schema.spi.SchemaManagementToolCoordinator.process(SchemaManagementToolCoordinator.java:142) ~[hibernate-core-6.4.1.Final.jar:6.4.1.Final]
	at org.hibernate.boot.internal.SessionFactoryObserverForSchemaExport.sessionFactoryCreated(SessionFactoryObserverForSchemaExport.java:37) ~[hibernate-core-6.4.1.Final.jar:6.4.1.Final]
	at org.hibernate.internal.SessionFactoryObserverChain.sessionFactoryCreated(SessionFactoryObserverChain.java:35) ~[hibernate-core-6.4.1.Final.jar:6.4.1.Final]
	at org.hibernate.internal.SessionFactoryImpl.<init>(SessionFactoryImpl.java:315) ~[hibernate-core-6.4.1.Final.jar:6.4.1.Final]
	at org.hibernate.boot.internal.SessionFactoryBuilderImpl.build(SessionFactoryBuilderImpl.java:450) ~[hibernate-core-6.4.1.Final.jar:6.4.1.Final]
	at org.hibernate.jpa.boot.internal.EntityManagerFactoryBuilderImpl.build(EntityManagerFactoryBuilderImpl.java:1507) ~[hibernate-core-6.4.1.Final.jar:6.4.1.Final]
	at org.springframework.orm.jpa.vendor.SpringHibernateJpaPersistenceProvider.createContainerEntityManagerFactory(SpringHibernateJpaPersistenceProvider.java:75) ~[spring-orm-6.1.3.jar:6.1.3]
	at org.springframework.orm.jpa.LocalContainerEntityManagerFactoryBean.createNativeEntityManagerFactory(LocalContainerEntityManagerFactoryBean.java:376) ~[spring-orm-6.1.3.jar:6.1.3]
	at org.springframework.orm.jpa.AbstractEntityManagerFactoryBean.buildNativeEntityManagerFactory(AbstractEntityManagerFactoryBean.java:409) ~[spring-orm-6.1.3.jar:6.1.3]
	at org.springframework.orm.jpa.AbstractEntityManagerFactoryBean.afterPropertiesSet(AbstractEntityManagerFactoryBean.java:396) ~[spring-orm-6.1.3.jar:6.1.3]
	at org.springframework.orm.jpa.LocalContainerEntityManagerFactoryBean.afterPropertiesSet(LocalContainerEntityManagerFactoryBean.java:352) ~[spring-orm-6.1.3.jar:6.1.3]
	at org.springframework.beans.factory.support.AbstractAutowireCapableBeanFactory.invokeInitMethods(AbstractAutowireCapableBeanFactory.java:1820) ~[spring-beans-6.1.3.jar:6.1.3]
	at org.springframework.beans.factory.support.AbstractAutowireCapableBeanFactory.initializeBean(AbstractAutowireCapableBeanFactory.java:1769) ~[spring-beans-6.1.3.jar:6.1.3]
	at org.springframework.beans.factory.support.AbstractAutowireCapableBeanFactory.doCreateBean(AbstractAutowireCapableBeanFactory.java:599) ~[spring-beans-6.1.3.jar:6.1.3]
	at org.springframework.beans.factory.support.AbstractAutowireCapableBeanFactory.createBean(AbstractAutowireCapableBeanFactory.java:521) ~[spring-beans-6.1.3.jar:6.1.3]
	at org.springframework.beans.factory.support.AbstractBeanFactory.lambda$doGetBean$0(AbstractBeanFactory.java:325) ~[spring-beans-6.1.3.jar:6.1.3]
	at org.springframework.beans.factory.support.DefaultSingletonBeanRegistry.getSingleton(DefaultSingletonBeanRegistry.java:234) ~[spring-beans-6.1.3.jar:6.1.3]
	at org.springframework.beans.factory.support.AbstractBeanFactory.doGetBean(AbstractBeanFactory.java:323) ~[spring-beans-6.1.3.jar:6.1.3]
	at org.springframework.beans.factory.support.AbstractBeanFactory.getBean(AbstractBeanFactory.java:199) ~[spring-beans-6.1.3.jar:6.1.3]
	at org.springframework.context.support.AbstractApplicationContext.getBean(AbstractApplicationContext.java:1231) ~[spring-context-6.1.3.jar:6.1.3]
	at org.springframework.context.support.AbstractApplicationContext.finishBeanFactoryInitialization(AbstractApplicationContext.java:949) ~[spring-context-6.1.3.jar:6.1.3]
	at org.springframework.context.support.AbstractApplicationContext.refresh(AbstractApplicationContext.java:624) ~[spring-context-6.1.3.jar:6.1.3]
	at org.springframework.boot.SpringApplication.refresh(SpringApplication.java:754) ~[spring-boot-3.2.2.jar:3.2.2]
	at org.springframework.boot.SpringApplication.refreshContext(SpringApplication.java:456) ~[spring-boot-3.2.2.jar:3.2.2]
	at org.springframework.boot.SpringApplication.run(SpringApplication.java:334) ~[spring-boot-3.2.2.jar:3.2.2]
	at org.springframework.boot.test.context.SpringBootContextLoader.lambda$loadContext$3(SpringBootContextLoader.java:137) ~[spring-boot-test-3.2.2.jar:3.2.2]
	at org.springframework.util.function.ThrowingSupplier.get(ThrowingSupplier.java:58) ~[spring-core-6.1.3.jar:6.1.3]
	at org.springframework.util.function.ThrowingSupplier.get(ThrowingSupplier.java:46) ~[spring-core-6.1.3.jar:6.1.3]
	at org.springframework.boot.SpringApplication.withHook(SpringApplication.java:1454) ~[spring-boot-3.2.2.jar:3.2.2]
	at org.springframework.boot.test.context.SpringBootContextLoader$ContextLoaderHook.run(SpringBootContextLoader.java:552) ~[spring-boot-test-3.2.2.jar:3.2.2]
	at org.springframework.boot.test.context.SpringBootContextLoader.loadContext(SpringBootContextLoader.java:137) ~[spring-boot-test-3.2.2.jar:3.2.2]
	at org.springframework.boot.test.context.SpringBootContextLoader.loadContext(SpringBootContextLoader.java:108) ~[spring-boot-test-3.2.2.jar:3.2.2]
	at org.springframework.test.context.cache.DefaultCacheAwareContextLoaderDelegate.loadContextInternal(DefaultCacheAwareContextLoaderDelegate.java:225) ~[spring-test-6.1.3.jar:6.1.3]
	at org.springframework.test.context.cache.DefaultCacheAwareContextLoaderDelegate.loadContext(DefaultCacheAwareContextLoaderDelegate.java:152) ~[spring-test-6.1.3.jar:6.1.3]
	at org.springframework.test.context.support.DefaultTestContext.getApplicationContext(DefaultTestContext.java:130) ~[spring-test-6.1.3.jar:6.1.3]
	at org.springframework.test.context.web.ServletTestExecutionListener.setUpRequestContextIfNecessary(ServletTestExecutionListener.java:191) ~[spring-test-6.1.3.jar:6.1.3]
	at org.springframework.test.context.web.ServletTestExecutionListener.prepareTestInstance(ServletTestExecutionListener.java:130) ~[spring-test-6.1.3.jar:6.1.3]
	at org.springframework.test.context.TestContextManager.prepareTestInstance(TestContextManager.java:260) ~[spring-test-6.1.3.jar:6.1.3]
	at org.springframework.test.context.junit.jupiter.SpringExtension.postProcessTestInstance(SpringExtension.java:163) ~[spring-test-6.1.3.jar:6.1.3]
	at org.junit.jupiter.engine.descriptor.ClassBasedTestDescriptor.lambda$invokeTestInstancePostProcessors$10(ClassBasedTestDescriptor.java:378) ~[junit-jupiter-engine-5.10.1.jar:5.10.1]
	at org.junit.jupiter.engine.descriptor.ClassBasedTestDescriptor.executeAndMaskThrowable(ClassBasedTestDescriptor.java:383) ~[junit-jupiter-engine-5.10.1.jar:5.10.1]
	at org.junit.jupiter.engine.descriptor.ClassBasedTestDescriptor.lambda$invokeTestInstancePostProcessors$11(ClassBasedTestDescriptor.java:378) ~[junit-jupiter-engine-5.10.1.jar:5.10.1]
	at java.base/java.util.stream.ReferencePipeline$3$1.accept(ReferencePipeline.java:197) ~[na:na]
	at java.base/java.util.stream.ReferencePipeline$2$1.accept(ReferencePipeline.java:179) ~[na:na]
	at java.base/java.util.ArrayList$ArrayListSpliterator.forEachRemaining(ArrayList.java:1625) ~[na:na]
	at java.base/java.util.stream.AbstractPipeline.copyInto(AbstractPipeline.java:509) ~[na:na]
	at java.base/java.util.stream.AbstractPipeline.wrapAndCopyInto(AbstractPipeline.java:499) ~[na:na]
	at java.base/java.util.stream.StreamSpliterators$WrappingSpliterator.forEachRemaining(StreamSpliterators.java:310) ~[na:na]
	at java.base/java.util.stream.Streams$ConcatSpliterator.forEachRemaining(Streams.java:735) ~[na:na]
	at java.base/java.util.stream.Streams$ConcatSpliterator.forEachRemaining(Streams.java:734) ~[na:na]
	at java.base/java.util.stream.ReferencePipeline$Head.forEach(ReferencePipeline.java:762) ~[na:na]
	at org.junit.jupiter.engine.descriptor.ClassBasedTestDescriptor.invokeTestInstancePostProcessors(ClassBasedTestDescriptor.java:377) ~[junit-jupiter-engine-5.10.1.jar:5.10.1]
	at org.junit.jupiter.engine.descriptor.ClassBasedTestDescriptor.lambda$instantiateAndPostProcessTestInstance$6(ClassBasedTestDescriptor.java:290) ~[junit-jupiter-engine-5.10.1.jar:5.10.1]
	at org.junit.platform.engine.support.hierarchical.ThrowableCollector.execute(ThrowableCollector.java:73) ~[junit-platform-engine-1.10.1.jar:1.10.1]
	at org.junit.jupiter.engine.descriptor.ClassBasedTestDescriptor.instantiateAndPostProcessTestInstance(ClassBasedTestDescriptor.java:289) ~[junit-jupiter-engine-5.10.1.jar:5.10.1]
	at org.junit.jupiter.engine.descriptor.ClassBasedTestDescriptor.lambda$testInstancesProvider$4(ClassBasedTestDescriptor.java:279) ~[junit-jupiter-engine-5.10.1.jar:5.10.1]
	at java.base/java.util.Optional.orElseGet(Optional.java:364) ~[na:na]
	at org.junit.jupiter.engine.descriptor.ClassBasedTestDescriptor.lambda$testInstancesProvider$5(ClassBasedTestDescriptor.java:278) ~[junit-jupiter-engine-5.10.1.jar:5.10.1]
	at org.junit.jupiter.engine.execution.TestInstancesProvider.getTestInstances(TestInstancesProvider.java:31) ~[junit-jupiter-engine-5.10.1.jar:5.10.1]
	at org.junit.jupiter.engine.descriptor.TestMethodTestDescriptor.lambda$prepare$0(TestMethodTestDescriptor.java:106) ~[junit-jupiter-engine-5.10.1.jar:5.10.1]
	at org.junit.platform.engine.support.hierarchical.ThrowableCollector.execute(ThrowableCollector.java:73) ~[junit-platform-engine-1.10.1.jar:1.10.1]
	at org.junit.jupiter.engine.descriptor.TestMethodTestDescriptor.prepare(TestMethodTestDescriptor.java:105) ~[junit-jupiter-engine-5.10.1.jar:5.10.1]
	at org.junit.jupiter.engine.descriptor.TestMethodTestDescriptor.prepare(TestMethodTestDescriptor.java:69) ~[junit-jupiter-engine-5.10.1.jar:5.10.1]
	at org.junit.platform.engine.support.hierarchical.NodeTestTask.lambda$prepare$2(NodeTestTask.java:123) ~[junit-platform-engine-1.10.1.jar:1.10.1]
	at org.junit.platform.engine.support.hierarchical.ThrowableCollector.execute(ThrowableCollector.java:73) ~[junit-platform-engine-1.10.1.jar:1.10.1]
	at org.junit.platform.engine.support.hierarchical.NodeTestTask.prepare(NodeTestTask.java:123) ~[junit-platform-engine-1.10.1.jar:1.10.1]
	at org.junit.platform.engine.support.hierarchical.NodeTestTask.execute(NodeTestTask.java:90) ~[junit-platform-engine-1.10.1.jar:1.10.1]
	at java.base/java.util.ArrayList.forEach(ArrayList.java:1511) ~[na:na]
	at org.junit.platform.engine.support.hierarchical.SameThreadHierarchicalTestExecutorService.invokeAll(SameThreadHierarchicalTestExecutorService.java:41) ~[junit-platform-engine-1.10.1.jar:1.10.1]
	at org.junit.platform.engine.support.hierarchical.NodeTestTask.lambda$executeRecursively$6(NodeTestTask.java:155) ~[junit-platform-engine-1.10.1.jar:1.10.1]
	at org.junit.platform.engine.support.hierarchical.ThrowableCollector.execute(ThrowableCollector.java:73) ~[junit-platform-engine-1.10.1.jar:1.10.1]
	at org.junit.platform.engine.support.hierarchical.NodeTestTask.lambda$executeRecursively$8(NodeTestTask.java:141) ~[junit-platform-engine-1.10.1.jar:1.10.1]
	at org.junit.platform.engine.support.hierarchical.Node.around(Node.java:137) ~[junit-platform-engine-1.10.1.jar:1.10.1]
	at org.junit.platform.engine.support.hierarchical.NodeTestTask.lambda$executeRecursively$9(NodeTestTask.java:139) ~[junit-platform-engine-1.10.1.jar:1.10.1]
	at org.junit.platform.engine.support.hierarchical.ThrowableCollector.execute(ThrowableCollector.java:73) ~[junit-platform-engine-1.10.1.jar:1.10.1]
	at org.junit.platform.engine.support.hierarchical.NodeTestTask.executeRecursively(NodeTestTask.java:138) ~[junit-platform-engine-1.10.1.jar:1.10.1]
	at org.junit.platform.engine.support.hierarchical.NodeTestTask.execute(NodeTestTask.java:95) ~[junit-platform-engine-1.10.1.jar:1.10.1]
	at java.base/java.util.ArrayList.forEach(ArrayList.java:1511) ~[na:na]
	at org.junit.platform.engine.support.hierarchical.SameThreadHierarchicalTestExecutorService.invokeAll(SameThreadHierarchicalTestExecutorService.java:41) ~[junit-platform-engine-1.10.1.jar:1.10.1]
	at org.junit.platform.engine.support.hierarchical.NodeTestTask.lambda$executeRecursively$6(NodeTestTask.java:155) ~[junit-platform-engine-1.10.1.jar:1.10.1]
	at org.junit.platform.engine.support.hierarchical.ThrowableCollector.execute(ThrowableCollector.java:73) ~[junit-platform-engine-1.10.1.jar:1.10.1]
	at org.junit.platform.engine.support.hierarchical.NodeTestTask.lambda$executeRecursively$8(NodeTestTask.java:141) ~[junit-platform-engine-1.10.1.jar:1.10.1]
	at org.junit.platform.engine.support.hierarchical.Node.around(Node.java:137) ~[junit-platform-engine-1.10.1.jar:1.10.1]
	at org.junit.platform.engine.support.hierarchical.NodeTestTask.lambda$executeRecursively$9(NodeTestTask.java:139) ~[junit-platform-engine-1.10.1.jar:1.10.1]
	at org.junit.platform.engine.support.hierarchical.ThrowableCollector.execute(ThrowableCollector.java:73) ~[junit-platform-engine-1.10.1.jar:1.10.1]
	at org.junit.platform.engine.support.hierarchical.NodeTestTask.executeRecursively(NodeTestTask.java:138) ~[junit-platform-engine-1.10.1.jar:1.10.1]
	at org.junit.platform.engine.support.hierarchical.NodeTestTask.execute(NodeTestTask.java:95) ~[junit-platform-engine-1.10.1.jar:1.10.1]
	at org.junit.platform.engine.support.hierarchical.SameThreadHierarchicalTestExecutorService.submit(SameThreadHierarchicalTestExecutorService.java:35) ~[junit-platform-engine-1.10.1.jar:1.10.1]
	at org.junit.platform.engine.support.hierarchical.HierarchicalTestExecutor.execute(HierarchicalTestExecutor.java:57) ~[junit-platform-engine-1.10.1.jar:1.10.1]
	at org.junit.platform.engine.support.hierarchical.HierarchicalTestEngine.execute(HierarchicalTestEngine.java:54) ~[junit-platform-engine-1.10.1.jar:1.10.1]
	at org.junit.platform.launcher.core.EngineExecutionOrchestrator.execute(EngineExecutionOrchestrator.java:198) ~[junit-platform-launcher-1.10.1.jar:1.10.1]
	at org.junit.platform.launcher.core.EngineExecutionOrchestrator.execute(EngineExecutionOrchestrator.java:169) ~[junit-platform-launcher-1.10.1.jar:1.10.1]
	at org.junit.platform.launcher.core.EngineExecutionOrchestrator.execute(EngineExecutionOrchestrator.java:93) ~[junit-platform-launcher-1.10.1.jar:1.10.1]
	at org.junit.platform.launcher.core.EngineExecutionOrchestrator.lambda$execute$0(EngineExecutionOrchestrator.java:58) ~[junit-platform-launcher-1.10.1.jar:1.10.1]
	at org.junit.platform.launcher.core.EngineExecutionOrchestrator.withInterceptedStreams(EngineExecutionOrchestrator.java:141) ~[junit-platform-launcher-1.10.1.jar:1.10.1]
	at org.junit.platform.launcher.core.EngineExecutionOrchestrator.execute(EngineExecutionOrchestrator.java:57) ~[junit-platform-launcher-1.10.1.jar:1.10.1]
	at org.junit.platform.launcher.core.DefaultLauncher.execute(DefaultLauncher.java:103) ~[junit-platform-launcher-1.10.1.jar:1.10.1]
	at org.junit.platform.launcher.core.DefaultLauncher.execute(DefaultLauncher.java:85) ~[junit-platform-launcher-1.10.1.jar:1.10.1]
	at org.junit.platform.launcher.core.DelegatingLauncher.execute(DelegatingLauncher.java:47) ~[junit-platform-launcher-1.10.1.jar:1.10.1]
	at org.apache.maven.surefire.junitplatform.LazyLauncher.execute(LazyLauncher.java:56) ~[surefire-junit-platform-3.1.2.jar:3.1.2]
	at org.apache.maven.surefire.junitplatform.JUnitPlatformProvider.execute(JUnitPlatformProvider.java:184) ~[surefire-junit-platform-3.1.2.jar:3.1.2]
	at org.apache.maven.surefire.junitplatform.JUnitPlatformProvider.invokeAllTests(JUnitPlatformProvider.java:148) ~[surefire-junit-platform-3.1.2.jar:3.1.2]
	at org.apache.maven.surefire.junitplatform.JUnitPlatformProvider.invoke(JUnitPlatformProvider.java:122) ~[surefire-junit-platform-3.1.2.jar:3.1.2]
	at org.apache.maven.surefire.booter.ForkedBooter.runSuitesInProcess(ForkedBooter.java:385) ~[surefire-booter-3.1.2.jar:3.1.2]
	at org.apache.maven.surefire.booter.ForkedBooter.execute(ForkedBooter.java:162) ~[surefire-booter-3.1.2.jar:3.1.2]
	at org.apache.maven.surefire.booter.ForkedBooter.run(ForkedBooter.java:507) ~[surefire-booter-3.1.2.jar:3.1.2]
	at org.apache.maven.surefire.booter.ForkedBooter.main(ForkedBooter.java:495) ~[surefire-booter-3.1.2.jar:3.1.2]
Caused by: java.sql.SQLSyntaxErrorException: Can't DROP 'FK1i4p37b8too4t95ommx3c4nnq'; check that column/key exists
	at com.mysql.cj.jdbc.exceptions.SQLError.createSQLException(SQLError.java:121) ~[mysql-connector-j-8.3.0.jar:8.3.0]
	at com.mysql.cj.jdbc.exceptions.SQLExceptionsMapping.translateException(SQLExceptionsMapping.java:122) ~[mysql-connector-j-8.3.0.jar:8.3.0]
	at com.mysql.cj.jdbc.StatementImpl.executeInternal(StatementImpl.java:770) ~[mysql-connector-j-8.3.0.jar:8.3.0]
	at com.mysql.cj.jdbc.StatementImpl.execute(StatementImpl.java:653) ~[mysql-connector-j-8.3.0.jar:8.3.0]
	at com.zaxxer.hikari.pool.ProxyStatement.execute(ProxyStatement.java:94) ~[HikariCP-5.0.1.jar:na]
	at com.zaxxer.hikari.pool.HikariProxyStatement.execute(HikariProxyStatement.java) ~[HikariCP-5.0.1.jar:na]
	at org.hibernate.tool.schema.internal.exec.GenerationTargetToDatabase.accept(GenerationTargetToDatabase.java:80) ~[hibernate-core-6.4.1.Final.jar:6.4.1.Final]
	... 118 common frames omitted

Hibernate: alter table account_contacts drop foreign key FK3qloc4ujwfpq0jxnngv4emdow
2026-03-07T22:56:45.622Z  WARN 65 --- [           main] o.h.t.s.i.ExceptionHandlerLoggedImpl     : GenerationTarget encountered exception accepting command : Error executing DDL "alter table account_contacts drop foreign key FK3qloc4ujwfpq0jxnngv4emdow" via JDBC [Can't DROP 'FK3qloc4ujwfpq0jxnngv4emdow'; check that column/key exists]

org.hibernate.tool.schema.spi.CommandAcceptanceException: Error executing DDL "alter table account_contacts drop foreign key FK3qloc4ujwfpq0jxnngv4emdow" via JDBC [Can't DROP 'FK3qloc4ujwfpq0jxnngv4emdow'; check that column/key exists]
	at org.hibernate.tool.schema.internal.exec.GenerationTargetToDatabase.accept(GenerationTargetToDatabase.java:94) ~[hibernate-core-6.4.1.Final.jar:6.4.1.Final]
	at org.hibernate.tool.schema.internal.Helper.applySqlString(Helper.java:233) ~[hibernate-core-6.4.1.Final.jar:6.4.1.Final]
	at org.hibernate.tool.schema.internal.Helper.applySqlStrings(Helper.java:217) ~[hibernate-core-6.4.1.Final.jar:6.4.1.Final]
	at org.hibernate.tool.schema.internal.SchemaDropperImpl.applyConstraintDropping(SchemaDropperImpl.java:470) ~[hibernate-core-6.4.1.Final.jar:6.4.1.Final]
	at org.hibernate.tool.schema.internal.SchemaDropperImpl.dropConstraintsTablesSequences(SchemaDropperImpl.java:242) ~[hibernate-core-6.4.1.Final.jar:6.4.1.Final]
	at org.hibernate.tool.schema.internal.SchemaDropperImpl.dropFromMetadata(SchemaDropperImpl.java:215) ~[hibernate-core-6.4.1.Final.jar:6.4.1.Final]
	at org.hibernate.tool.schema.internal.SchemaDropperImpl.performDrop(SchemaDropperImpl.java:185) ~[hibernate-core-6.4.1.Final.jar:6.4.1.Final]
	at org.hibernate.tool.schema.internal.SchemaDropperImpl.doDrop(SchemaDropperImpl.java:155) ~[hibernate-core-6.4.1.Final.jar:6.4.1.Final]
	at org.hibernate.tool.schema.internal.SchemaDropperImpl.doDrop(SchemaDropperImpl.java:115) ~[hibernate-core-6.4.1.Final.jar:6.4.1.Final]
	at org.hibernate.tool.schema.spi.SchemaManagementToolCoordinator.performDatabaseAction(SchemaManagementToolCoordinator.java:244) ~[hibernate-core-6.4.1.Final.jar:6.4.1.Final]
	at org.hibernate.tool.schema.spi.SchemaManagementToolCoordinator.lambda$process$5(SchemaManagementToolCoordinator.java:145) ~[hibernate-core-6.4.1.Final.jar:6.4.1.Final]
	at java.base/java.util.HashMap.forEach(HashMap.java:1421) ~[na:na]
	at org.hibernate.tool.schema.spi.SchemaManagementToolCoordinator.process(SchemaManagementToolCoordinator.java:142) ~[hibernate-core-6.4.1.Final.jar:6.4.1.Final]
	at org.hibernate.boot.internal.SessionFactoryObserverForSchemaExport.sessionFactoryCreated(SessionFactoryObserverForSchemaExport.java:37) ~[hibernate-core-6.4.1.Final.jar:6.4.1.Final]
	at org.hibernate.internal.SessionFactoryObserverChain.sessionFactoryCreated(SessionFactoryObserverChain.java:35) ~[hibernate-core-6.4.1.Final.jar:6.4.1.Final]
	at org.hibernate.internal.SessionFactoryImpl.<init>(SessionFactoryImpl.java:315) ~[hibernate-core-6.4.1.Final.jar:6.4.1.Final]
	at org.hibernate.boot.internal.SessionFactoryBuilderImpl.build(SessionFactoryBuilderImpl.java:450) ~[hibernate-core-6.4.1.Final.jar:6.4.1.Final]
	at org.hibernate.jpa.boot.internal.EntityManagerFactoryBuilderImpl.build(EntityManagerFactoryBuilderImpl.java:1507) ~[hibernate-core-6.4.1.Final.jar:6.4.1.Final]
	at org.springframework.orm.jpa.vendor.SpringHibernateJpaPersistenceProvider.createContainerEntityManagerFactory(SpringHibernateJpaPersistenceProvider.java:75) ~[spring-orm-6.1.3.jar:6.1.3]
	at org.springframework.orm.jpa.LocalContainerEntityManagerFactoryBean.createNativeEntityManagerFactory(LocalContainerEntityManagerFactoryBean.java:376) ~[spring-orm-6.1.3.jar:6.1.3]
	at org.springframework.orm.jpa.AbstractEntityManagerFactoryBean.buildNativeEntityManagerFactory(AbstractEntityManagerFactoryBean.java:409) ~[spring-orm-6.1.3.jar:6.1.3]
	at org.springframework.orm.jpa.AbstractEntityManagerFactoryBean.afterPropertiesSet(AbstractEntityManagerFactoryBean.java:396) ~[spring-orm-6.1.3.jar:6.1.3]
	at org.springframework.orm.jpa.LocalContainerEntityManagerFactoryBean.afterPropertiesSet(LocalContainerEntityManagerFactoryBean.java:352) ~[spring-orm-6.1.3.jar:6.1.3]
	at org.springframework.beans.factory.support.AbstractAutowireCapableBeanFactory.invokeInitMethods(AbstractAutowireCapableBeanFactory.java:1820) ~[spring-beans-6.1.3.jar:6.1.3]
	at org.springframework.beans.factory.support.AbstractAutowireCapableBeanFactory.initializeBean(AbstractAutowireCapableBeanFactory.java:1769) ~[spring-beans-6.1.3.jar:6.1.3]
	at org.springframework.beans.factory.support.AbstractAutowireCapableBeanFactory.doCreateBean(AbstractAutowireCapableBeanFactory.java:599) ~[spring-beans-6.1.3.jar:6.1.3]
	at org.springframework.beans.factory.support.AbstractAutowireCapableBeanFactory.createBean(AbstractAutowireCapableBeanFactory.java:521) ~[spring-beans-6.1.3.jar:6.1.3]
	at org.springframework.beans.factory.support.AbstractBeanFactory.lambda$doGetBean$0(AbstractBeanFactory.java:325) ~[spring-beans-6.1.3.jar:6.1.3]
	at org.springframework.beans.factory.support.DefaultSingletonBeanRegistry.getSingleton(DefaultSingletonBeanRegistry.java:234) ~[spring-beans-6.1.3.jar:6.1.3]
	at org.springframework.beans.factory.support.AbstractBeanFactory.doGetBean(AbstractBeanFactory.java:323) ~[spring-beans-6.1.3.jar:6.1.3]
	at org.springframework.beans.factory.support.AbstractBeanFactory.getBean(AbstractBeanFactory.java:199) ~[spring-beans-6.1.3.jar:6.1.3]
	at org.springframework.context.support.AbstractApplicationContext.getBean(AbstractApplicationContext.java:1231) ~[spring-context-6.1.3.jar:6.1.3]
	at org.springframework.context.support.AbstractApplicationContext.finishBeanFactoryInitialization(AbstractApplicationContext.java:949) ~[spring-context-6.1.3.jar:6.1.3]
	at org.springframework.context.support.AbstractApplicationContext.refresh(AbstractApplicationContext.java:624) ~[spring-context-6.1.3.jar:6.1.3]
	at org.springframework.boot.SpringApplication.refresh(SpringApplication.java:754) ~[spring-boot-3.2.2.jar:3.2.2]
	at org.springframework.boot.SpringApplication.refreshContext(SpringApplication.java:456) ~[spring-boot-3.2.2.jar:3.2.2]
	at org.springframework.boot.SpringApplication.run(SpringApplication.java:334) ~[spring-boot-3.2.2.jar:3.2.2]
	at org.springframework.boot.test.context.SpringBootContextLoader.lambda$loadContext$3(SpringBootContextLoader.java:137) ~[spring-boot-test-3.2.2.jar:3.2.2]
	at org.springframework.util.function.ThrowingSupplier.get(ThrowingSupplier.java:58) ~[spring-core-6.1.3.jar:6.1.3]
	at org.springframework.util.function.ThrowingSupplier.get(ThrowingSupplier.java:46) ~[spring-core-6.1.3.jar:6.1.3]
	at org.springframework.boot.SpringApplication.withHook(SpringApplication.java:1454) ~[spring-boot-3.2.2.jar:3.2.2]
	at org.springframework.boot.test.context.SpringBootContextLoader$ContextLoaderHook.run(SpringBootContextLoader.java:552) ~[spring-boot-test-3.2.2.jar:3.2.2]
	at org.springframework.boot.test.context.SpringBootContextLoader.loadContext(SpringBootContextLoader.java:137) ~[spring-boot-test-3.2.2.jar:3.2.2]
	at org.springframework.boot.test.context.SpringBootContextLoader.loadContext(SpringBootContextLoader.java:108) ~[spring-boot-test-3.2.2.jar:3.2.2]
	at org.springframework.test.context.cache.DefaultCacheAwareContextLoaderDelegate.loadContextInternal(DefaultCacheAwareContextLoaderDelegate.java:225) ~[spring-test-6.1.3.jar:6.1.3]
	at org.springframework.test.context.cache.DefaultCacheAwareContextLoaderDelegate.loadContext(DefaultCacheAwareContextLoaderDelegate.java:152) ~[spring-test-6.1.3.jar:6.1.3]
	at org.springframework.test.context.support.DefaultTestContext.getApplicationContext(DefaultTestContext.java:130) ~[spring-test-6.1.3.jar:6.1.3]
	at org.springframework.test.context.web.ServletTestExecutionListener.setUpRequestContextIfNecessary(ServletTestExecutionListener.java:191) ~[spring-test-6.1.3.jar:6.1.3]
	at org.springframework.test.context.web.ServletTestExecutionListener.prepareTestInstance(ServletTestExecutionListener.java:130) ~[spring-test-6.1.3.jar:6.1.3]
	at org.springframework.test.context.TestContextManager.prepareTestInstance(TestContextManager.java:260) ~[spring-test-6.1.3.jar:6.1.3]
	at org.springframework.test.context.junit.jupiter.SpringExtension.postProcessTestInstance(SpringExtension.java:163) ~[spring-test-6.1.3.jar:6.1.3]
	at org.junit.jupiter.engine.descriptor.ClassBasedTestDescriptor.lambda$invokeTestInstancePostProcessors$10(ClassBasedTestDescriptor.java:378) ~[junit-jupiter-engine-5.10.1.jar:5.10.1]
	at org.junit.jupiter.engine.descriptor.ClassBasedTestDescriptor.executeAndMaskThrowable(ClassBasedTestDescriptor.java:383) ~[junit-jupiter-engine-5.10.1.jar:5.10.1]
	at org.junit.jupiter.engine.descriptor.ClassBasedTestDescriptor.lambda$invokeTestInstancePostProcessors$11(ClassBasedTestDescriptor.java:378) ~[junit-jupiter-engine-5.10.1.jar:5.10.1]
	at java.base/java.util.stream.ReferencePipeline$3$1.accept(ReferencePipeline.java:197) ~[na:na]
	at java.base/java.util.stream.ReferencePipeline$2$1.accept(ReferencePipeline.java:179) ~[na:na]
	at java.base/java.util.ArrayList$ArrayListSpliterator.forEachRemaining(ArrayList.java:1625) ~[na:na]
	at java.base/java.util.stream.AbstractPipeline.copyInto(AbstractPipeline.java:509) ~[na:na]
	at java.base/java.util.stream.AbstractPipeline.wrapAndCopyInto(AbstractPipeline.java:499) ~[na:na]
	at java.base/java.util.stream.StreamSpliterators$WrappingSpliterator.forEachRemaining(StreamSpliterators.java:310) ~[na:na]
	at java.base/java.util.stream.Streams$ConcatSpliterator.forEachRemaining(Streams.java:735) ~[na:na]
	at java.base/java.util.stream.Streams$ConcatSpliterator.forEachRemaining(Streams.java:734) ~[na:na]
	at java.base/java.util.stream.ReferencePipeline$Head.forEach(ReferencePipeline.java:762) ~[na:na]
	at org.junit.jupiter.engine.descriptor.ClassBasedTestDescriptor.invokeTestInstancePostProcessors(ClassBasedTestDescriptor.java:377) ~[junit-jupiter-engine-5.10.1.jar:5.10.1]
	at org.junit.jupiter.engine.descriptor.ClassBasedTestDescriptor.lambda$instantiateAndPostProcessTestInstance$6(ClassBasedTestDescriptor.java:290) ~[junit-jupiter-engine-5.10.1.jar:5.10.1]
	at org.junit.platform.engine.support.hierarchical.ThrowableCollector.execute(ThrowableCollector.java:73) ~[junit-platform-engine-1.10.1.jar:1.10.1]
	at org.junit.jupiter.engine.descriptor.ClassBasedTestDescriptor.instantiateAndPostProcessTestInstance(ClassBasedTestDescriptor.java:289) ~[junit-jupiter-engine-5.10.1.jar:5.10.1]
	at org.junit.jupiter.engine.descriptor.ClassBasedTestDescriptor.lambda$testInstancesProvider$4(ClassBasedTestDescriptor.java:279) ~[junit-jupiter-engine-5.10.1.jar:5.10.1]
	at java.base/java.util.Optional.orElseGet(Optional.java:364) ~[na:na]
	at org.junit.jupiter.engine.descriptor.ClassBasedTestDescriptor.lambda$testInstancesProvider$5(ClassBasedTestDescriptor.java:278) ~[junit-jupiter-engine-5.10.1.jar:5.10.1]
	at org.junit.jupiter.engine.execution.TestInstancesProvider.getTestInstances(TestInstancesProvider.java:31) ~[junit-jupiter-engine-5.10.1.jar:5.10.1]
	at org.junit.jupiter.engine.descriptor.TestMethodTestDescriptor.lambda$prepare$0(TestMethodTestDescriptor.java:106) ~[junit-jupiter-engine-5.10.1.jar:5.10.1]
	at org.junit.platform.engine.support.hierarchical.ThrowableCollector.execute(ThrowableCollector.java:73) ~[junit-platform-engine-1.10.1.jar:1.10.1]
	at org.junit.jupiter.engine.descriptor.TestMethodTestDescriptor.prepare(TestMethodTestDescriptor.java:105) ~[junit-jupiter-engine-5.10.1.jar:5.10.1]
	at org.junit.jupiter.engine.descriptor.TestMethodTestDescriptor.prepare(TestMethodTestDescriptor.java:69) ~[junit-jupiter-engine-5.10.1.jar:5.10.1]
	at org.junit.platform.engine.support.hierarchical.NodeTestTask.lambda$prepare$2(NodeTestTask.java:123) ~[junit-platform-engine-1.10.1.jar:1.10.1]
	at org.junit.platform.engine.support.hierarchical.ThrowableCollector.execute(ThrowableCollector.java:73) ~[junit-platform-engine-1.10.1.jar:1.10.1]
	at org.junit.platform.engine.support.hierarchical.NodeTestTask.prepare(NodeTestTask.java:123) ~[junit-platform-engine-1.10.1.jar:1.10.1]
	at org.junit.platform.engine.support.hierarchical.NodeTestTask.execute(NodeTestTask.java:90) ~[junit-platform-engine-1.10.1.jar:1.10.1]
	at java.base/java.util.ArrayList.forEach(ArrayList.java:1511) ~[na:na]
	at org.junit.platform.engine.support.hierarchical.SameThreadHierarchicalTestExecutorService.invokeAll(SameThreadHierarchicalTestExecutorService.java:41) ~[junit-platform-engine-1.10.1.jar:1.10.1]
	at org.junit.platform.engine.support.hierarchical.NodeTestTask.lambda$executeRecursively$6(NodeTestTask.java:155) ~[junit-platform-engine-1.10.1.jar:1.10.1]
	at org.junit.platform.engine.support.hierarchical.ThrowableCollector.execute(ThrowableCollector.java:73) ~[junit-platform-engine-1.10.1.jar:1.10.1]
	at org.junit.platform.engine.support.hierarchical.NodeTestTask.lambda$executeRecursively$8(NodeTestTask.java:141) ~[junit-platform-engine-1.10.1.jar:1.10.1]
	at org.junit.platform.engine.support.hierarchical.Node.around(Node.java:137) ~[junit-platform-engine-1.10.1.jar:1.10.1]
	at org.junit.platform.engine.support.hierarchical.NodeTestTask.lambda$executeRecursively$9(NodeTestTask.java:139) ~[junit-platform-engine-1.10.1.jar:1.10.1]
	at org.junit.platform.engine.support.hierarchical.ThrowableCollector.execute(ThrowableCollector.java:73) ~[junit-platform-engine-1.10.1.jar:1.10.1]
	at org.junit.platform.engine.support.hierarchical.NodeTestTask.executeRecursively(NodeTestTask.java:138) ~[junit-platform-engine-1.10.1.jar:1.10.1]
	at org.junit.platform.engine.support.hierarchical.NodeTestTask.execute(NodeTestTask.java:95) ~[junit-platform-engine-1.10.1.jar:1.10.1]
	at java.base/java.util.ArrayList.forEach(ArrayList.java:1511) ~[na:na]
	at org.junit.platform.engine.support.hierarchical.SameThreadHierarchicalTestExecutorService.invokeAll(SameThreadHierarchicalTestExecutorService.java:41) ~[junit-platform-engine-1.10.1.jar:1.10.1]
	at org.junit.platform.engine.support.hierarchical.NodeTestTask.lambda$executeRecursively$6(NodeTestTask.java:155) ~[junit-platform-engine-1.10.1.jar:1.10.1]
	at org.junit.platform.engine.support.hierarchical.ThrowableCollector.execute(ThrowableCollector.java:73) ~[junit-platform-engine-1.10.1.jar:1.10.1]
	at org.junit.platform.engine.support.hierarchical.NodeTestTask.lambda$executeRecursively$8(NodeTestTask.java:141) ~[junit-platform-engine-1.10.1.jar:1.10.1]
	at org.junit.platform.engine.support.hierarchical.Node.around(Node.java:137) ~[junit-platform-engine-1.10.1.jar:1.10.1]
	at org.junit.platform.engine.support.hierarchical.NodeTestTask.lambda$executeRecursively$9(NodeTestTask.java:139) ~[junit-platform-engine-1.10.1.jar:1.10.1]
	at org.junit.platform.engine.support.hierarchical.ThrowableCollector.execute(ThrowableCollector.java:73) ~[junit-platform-engine-1.10.1.jar:1.10.1]
	at org.junit.platform.engine.support.hierarchical.NodeTestTask.executeRecursively(NodeTestTask.java:138) ~[junit-platform-engine-1.10.1.jar:1.10.1]
	at org.junit.platform.engine.support.hierarchical.NodeTestTask.execute(NodeTestTask.java:95) ~[junit-platform-engine-1.10.1.jar:1.10.1]
	at org.junit.platform.engine.support.hierarchical.SameThreadHierarchicalTestExecutorService.submit(SameThreadHierarchicalTestExecutorService.java:35) ~[junit-platform-engine-1.10.1.jar:1.10.1]
	at org.junit.platform.engine.support.hierarchical.HierarchicalTestExecutor.execute(HierarchicalTestExecutor.java:57) ~[junit-platform-engine-1.10.1.jar:1.10.1]
	at org.junit.platform.engine.support.hierarchical.HierarchicalTestEngine.execute(HierarchicalTestEngine.java:54) ~[junit-platform-engine-1.10.1.jar:1.10.1]
	at org.junit.platform.launcher.core.EngineExecutionOrchestrator.execute(EngineExecutionOrchestrator.java:198) ~[junit-platform-launcher-1.10.1.jar:1.10.1]
	at org.junit.platform.launcher.core.EngineExecutionOrchestrator.execute(EngineExecutionOrchestrator.java:169) ~[junit-platform-launcher-1.10.1.jar:1.10.1]
	at org.junit.platform.launcher.core.EngineExecutionOrchestrator.execute(EngineExecutionOrchestrator.java:93) ~[junit-platform-launcher-1.10.1.jar:1.10.1]
	at org.junit.platform.launcher.core.EngineExecutionOrchestrator.lambda$execute$0(EngineExecutionOrchestrator.java:58) ~[junit-platform-launcher-1.10.1.jar:1.10.1]
	at org.junit.platform.launcher.core.EngineExecutionOrchestrator.withInterceptedStreams(EngineExecutionOrchestrator.java:141) ~[junit-platform-launcher-1.10.1.jar:1.10.1]
	at org.junit.platform.launcher.core.EngineExecutionOrchestrator.execute(EngineExecutionOrchestrator.java:57) ~[junit-platform-launcher-1.10.1.jar:1.10.1]
	at org.junit.platform.launcher.core.DefaultLauncher.execute(DefaultLauncher.java:103) ~[junit-platform-launcher-1.10.1.jar:1.10.1]
	at org.junit.platform.launcher.core.DefaultLauncher.execute(DefaultLauncher.java:85) ~[junit-platform-launcher-1.10.1.jar:1.10.1]
	at org.junit.platform.launcher.core.DelegatingLauncher.execute(DelegatingLauncher.java:47) ~[junit-platform-launcher-1.10.1.jar:1.10.1]
	at org.apache.maven.surefire.junitplatform.LazyLauncher.execute(LazyLauncher.java:56) ~[surefire-junit-platform-3.1.2.jar:3.1.2]
	at org.apache.maven.surefire.junitplatform.JUnitPlatformProvider.execute(JUnitPlatformProvider.java:184) ~[surefire-junit-platform-3.1.2.jar:3.1.2]
	at org.apache.maven.surefire.junitplatform.JUnitPlatformProvider.invokeAllTests(JUnitPlatformProvider.java:148) ~[surefire-junit-platform-3.1.2.jar:3.1.2]
	at org.apache.maven.surefire.junitplatform.JUnitPlatformProvider.invoke(JUnitPlatformProvider.java:122) ~[surefire-junit-platform-3.1.2.jar:3.1.2]
	at org.apache.maven.surefire.booter.ForkedBooter.runSuitesInProcess(ForkedBooter.java:385) ~[surefire-booter-3.1.2.jar:3.1.2]
	at org.apache.maven.surefire.booter.ForkedBooter.execute(ForkedBooter.java:162) ~[surefire-booter-3.1.2.jar:3.1.2]
	at org.apache.maven.surefire.booter.ForkedBooter.run(ForkedBooter.java:507) ~[surefire-booter-3.1.2.jar:3.1.2]
	at org.apache.maven.surefire.booter.ForkedBooter.main(ForkedBooter.java:495) ~[surefire-booter-3.1.2.jar:3.1.2]
Caused by: java.sql.SQLSyntaxErrorException: Can't DROP 'FK3qloc4ujwfpq0jxnngv4emdow'; check that column/key exists
	at com.mysql.cj.jdbc.exceptions.SQLError.createSQLException(SQLError.java:121) ~[mysql-connector-j-8.3.0.jar:8.3.0]
	at com.mysql.cj.jdbc.exceptions.SQLExceptionsMapping.translateException(SQLExceptionsMapping.java:122) ~[mysql-connector-j-8.3.0.jar:8.3.0]
	at com.mysql.cj.jdbc.StatementImpl.executeInternal(StatementImpl.java:770) ~[mysql-connector-j-8.3.0.jar:8.3.0]
	at com.mysql.cj.jdbc.StatementImpl.execute(StatementImpl.java:653) ~[mysql-connector-j-8.3.0.jar:8.3.0]
	at com.zaxxer.hikari.pool.ProxyStatement.execute(ProxyStatement.java:94) ~[HikariCP-5.0.1.jar:na]
	at com.zaxxer.hikari.pool.HikariProxyStatement.execute(HikariProxyStatement.java) ~[HikariCP-5.0.1.jar:na]
	at org.hibernate.tool.schema.internal.exec.GenerationTargetToDatabase.accept(GenerationTargetToDatabase.java:80) ~[hibernate-core-6.4.1.Final.jar:6.4.1.Final]
	... 118 common frames omitted

Hibernate: alter table activities drop foreign key FKj97fvvdgk04axcyp5d6w838pb
2026-03-07T22:56:45.626Z  WARN 65 --- [           main] o.h.t.s.i.ExceptionHandlerLoggedImpl     : GenerationTarget encountered exception accepting command : Error executing DDL "alter table activities drop foreign key FKj97fvvdgk04axcyp5d6w838pb" via JDBC [Can't DROP 'FKj97fvvdgk04axcyp5d6w838pb'; check that column/key exists]

org.hibernate.tool.schema.spi.CommandAcceptanceException: Error executing DDL "alter table activities drop foreign key FKj97fvvdgk04axcyp5d6w838pb" via JDBC [Can't DROP 'FKj97fvvdgk04axcyp5d6w838pb'; check that column/key exists]
	at org.hibernate.tool.schema.internal.exec.GenerationTargetToDatabase.accept(GenerationTargetToDatabase.java:94) ~[hibernate-core-6.4.1.Final.jar:6.4.1.Final]
	at org.hibernate.tool.schema.internal.Helper.applySqlString(Helper.java:233) ~[hibernate-core-6.4.1.Final.jar:6.4.1.Final]
	at org.hibernate.tool.schema.internal.Helper.applySqlStrings(Helper.java:217) ~[hibernate-core-6.4.1.Final.jar:6.4.1.Final]
	at org.hibernate.tool.schema.internal.SchemaDropperImpl.applyConstraintDropping(SchemaDropperImpl.java:470) ~[hibernate-core-6.4.1.Final.jar:6.4.1.Final]
	at org.hibernate.tool.schema.internal.SchemaDropperImpl.dropConstraintsTablesSequences(SchemaDropperImpl.java:242) ~[hibernate-core-6.4.1.Final.jar:6.4.1.Final]
	at org.hibernate.tool.schema.internal.SchemaDropperImpl.dropFromMetadata(SchemaDropperImpl.java:215) ~[hibernate-core-6.4.1.Final.jar:6.4.1.Final]
	at org.hibernate.tool.schema.internal.SchemaDropperImpl.performDrop(SchemaDropperImpl.java:185) ~[hibernate-core-6.4.1.Final.jar:6.4.1.Final]
	at org.hibernate.tool.schema.internal.SchemaDropperImpl.doDrop(SchemaDropperImpl.java:155) ~[hibernate-core-6.4.1.Final.jar:6.4.1.Final]
	at org.hibernate.tool.schema.internal.SchemaDropperImpl.doDrop(SchemaDropperImpl.java:115) ~[hibernate-core-6.4.1.Final.jar:6.4.1.Final]
	at org.hibernate.tool.schema.spi.SchemaManagementToolCoordinator.performDatabaseAction(SchemaManagementToolCoordinator.java:244) ~[hibernate-core-6.4.1.Final.jar:6.4.1.Final]
	at org.hibernate.tool.schema.spi.SchemaManagementToolCoordinator.lambda$process$5(SchemaManagementToolCoordinator.java:145) ~[hibernate-core-6.4.1.Final.jar:6.4.1.Final]
	at java.base/java.util.HashMap.forEach(HashMap.java:1421) ~[na:na]
	at org.hibernate.tool.schema.spi.SchemaManagementToolCoordinator.process(SchemaManagementToolCoordinator.java:142) ~[hibernate-core-6.4.1.Final.jar:6.4.1.Final]
	at org.hibernate.boot.internal.SessionFactoryObserverForSchemaExport.sessionFactoryCreated(SessionFactoryObserverForSchemaExport.java:37) ~[hibernate-core-6.4.1.Final.jar:6.4.1.Final]
	at org.hibernate.internal.SessionFactoryObserverChain.sessionFactoryCreated(SessionFactoryObserverChain.java:35) ~[hibernate-core-6.4.1.Final.jar:6.4.1.Final]
	at org.hibernate.internal.SessionFactoryImpl.<init>(SessionFactoryImpl.java:315) ~[hibernate-core-6.4.1.Final.jar:6.4.1.Final]
	at org.hibernate.boot.internal.SessionFactoryBuilderImpl.build(SessionFactoryBuilderImpl.java:450) ~[hibernate-core-6.4.1.Final.jar:6.4.1.Final]
	at org.hibernate.jpa.boot.internal.EntityManagerFactoryBuilderImpl.build(EntityManagerFactoryBuilderImpl.java:1507) ~[hibernate-core-6.4.1.Final.jar:6.4.1.Final]
	at org.springframework.orm.jpa.vendor.SpringHibernateJpaPersistenceProvider.createContainerEntityManagerFactory(SpringHibernateJpaPersistenceProvider.java:75) ~[spring-orm-6.1.3.jar:6.1.3]
	at org.springframework.orm.jpa.LocalContainerEntityManagerFactoryBean.createNativeEntityManagerFactory(LocalContainerEntityManagerFactoryBean.java:376) ~[spring-orm-6.1.3.jar:6.1.3]
	at org.springframework.orm.jpa.AbstractEntityManagerFactoryBean.buildNativeEntityManagerFactory(AbstractEntityManagerFactoryBean.java:409) ~[spring-orm-6.1.3.jar:6.1.3]
	at org.springframework.orm.jpa.AbstractEntityManagerFactoryBean.afterPropertiesSet(AbstractEntityManagerFactoryBean.java:396) ~[spring-orm-6.1.3.jar:6.1.3]
	at org.springframework.orm.jpa.LocalContainerEntityManagerFactoryBean.afterPropertiesSet(LocalContainerEntityManagerFactoryBean.java:352) ~[spring-orm-6.1.3.jar:6.1.3]
	at org.springframework.beans.factory.support.AbstractAutowireCapableBeanFactory.invokeInitMethods(AbstractAutowireCapableBeanFactory.java:1820) ~[spring-beans-6.1.3.jar:6.1.3]
	at org.springframework.beans.factory.support.AbstractAutowireCapableBeanFactory.initializeBean(AbstractAutowireCapableBeanFactory.java:1769) ~[spring-beans-6.1.3.jar:6.1.3]
	at org.springframework.beans.factory.support.AbstractAutowireCapableBeanFactory.doCreateBean(AbstractAutowireCapableBeanFactory.java:599) ~[spring-beans-6.1.3.jar:6.1.3]
	at org.springframework.beans.factory.support.AbstractAutowireCapableBeanFactory.createBean(AbstractAutowireCapableBeanFactory.java:521) ~[spring-beans-6.1.3.jar:6.1.3]
	at org.springframework.beans.factory.support.AbstractBeanFactory.lambda$doGetBean$0(AbstractBeanFactory.java:325) ~[spring-beans-6.1.3.jar:6.1.3]
	at org.springframework.beans.factory.support.DefaultSingletonBeanRegistry.getSingleton(DefaultSingletonBeanRegistry.java:234) ~[spring-beans-6.1.3.jar:6.1.3]
	at org.springframework.beans.factory.support.AbstractBeanFactory.doGetBean(AbstractBeanFactory.java:323) ~[spring-beans-6.1.3.jar:6.1.3]
	at org.springframework.beans.factory.support.AbstractBeanFactory.getBean(AbstractBeanFactory.java:199) ~[spring-beans-6.1.3.jar:6.1.3]
	at org.springframework.context.support.AbstractApplicationContext.getBean(AbstractApplicationContext.java:1231) ~[spring-context-6.1.3.jar:6.1.3]
	at org.springframework.context.support.AbstractApplicationContext.finishBeanFactoryInitialization(AbstractApplicationContext.java:949) ~[spring-context-6.1.3.jar:6.1.3]
	at org.springframework.context.support.AbstractApplicationContext.refresh(AbstractApplicationContext.java:624) ~[spring-context-6.1.3.jar:6.1.3]
	at org.springframework.boot.SpringApplication.refresh(SpringApplication.java:754) ~[spring-boot-3.2.2.jar:3.2.2]
	at org.springframework.boot.SpringApplication.refreshContext(SpringApplication.java:456) ~[spring-boot-3.2.2.jar:3.2.2]
	at org.springframework.boot.SpringApplication.run(SpringApplication.java:334) ~[spring-boot-3.2.2.jar:3.2.2]
	at org.springframework.boot.test.context.SpringBootContextLoader.lambda$loadContext$3(SpringBootContextLoader.java:137) ~[spring-boot-test-3.2.2.jar:3.2.2]
	at org.springframework.util.function.ThrowingSupplier.get(ThrowingSupplier.java:58) ~[spring-core-6.1.3.jar:6.1.3]
	at org.springframework.util.function.ThrowingSupplier.get(ThrowingSupplier.java:46) ~[spring-core-6.1.3.jar:6.1.3]
	at org.springframework.boot.SpringApplication.withHook(SpringApplication.java:1454) ~[spring-boot-3.2.2.jar:3.2.2]
	at org.springframework.boot.test.context.SpringBootContextLoader$ContextLoaderHook.run(SpringBootContextLoader.java:552) ~[spring-boot-test-3.2.2.jar:3.2.2]
	at org.springframework.boot.test.context.SpringBootContextLoader.loadContext(SpringBootContextLoader.java:137) ~[spring-boot-test-3.2.2.jar:3.2.2]
	at org.springframework.boot.test.context.SpringBootContextLoader.loadContext(SpringBootContextLoader.java:108) ~[spring-boot-test-3.2.2.jar:3.2.2]
	at org.springframework.test.context.cache.DefaultCacheAwareContextLoaderDelegate.loadContextInternal(DefaultCacheAwareContextLoaderDelegate.java:225) ~[spring-test-6.1.3.jar:6.1.3]
	at org.springframework.test.context.cache.DefaultCacheAwareContextLoaderDelegate.loadContext(DefaultCacheAwareContextLoaderDelegate.java:152) ~[spring-test-6.1.3.jar:6.1.3]
	at org.springframework.test.context.support.DefaultTestContext.getApplicationContext(DefaultTestContext.java:130) ~[spring-test-6.1.3.jar:6.1.3]
	at org.springframework.test.context.web.ServletTestExecutionListener.setUpRequestContextIfNecessary(ServletTestExecutionListener.java:191) ~[spring-test-6.1.3.jar:6.1.3]
	at org.springframework.test.context.web.ServletTestExecutionListener.prepareTestInstance(ServletTestExecutionListener.java:130) ~[spring-test-6.1.3.jar:6.1.3]
	at org.springframework.test.context.TestContextManager.prepareTestInstance(TestContextManager.java:260) ~[spring-test-6.1.3.jar:6.1.3]
	at org.springframework.test.context.junit.jupiter.SpringExtension.postProcessTestInstance(SpringExtension.java:163) ~[spring-test-6.1.3.jar:6.1.3]
	at org.junit.jupiter.engine.descriptor.ClassBasedTestDescriptor.lambda$invokeTestInstancePostProcessors$10(ClassBasedTestDescriptor.java:378) ~[junit-jupiter-engine-5.10.1.jar:5.10.1]
	at org.junit.jupiter.engine.descriptor.ClassBasedTestDescriptor.executeAndMaskThrowable(ClassBasedTestDescriptor.java:383) ~[junit-jupiter-engine-5.10.1.jar:5.10.1]
	at org.junit.jupiter.engine.descriptor.ClassBasedTestDescriptor.lambda$invokeTestInstancePostProcessors$11(ClassBasedTestDescriptor.java:378) ~[junit-jupiter-engine-5.10.1.jar:5.10.1]
	at java.base/java.util.stream.ReferencePipeline$3$1.accept(ReferencePipeline.java:197) ~[na:na]
	at java.base/java.util.stream.ReferencePipeline$2$1.accept(ReferencePipeline.java:179) ~[na:na]
	at java.base/java.util.ArrayList$ArrayListSpliterator.forEachRemaining(ArrayList.java:1625) ~[na:na]
	at java.base/java.util.stream.AbstractPipeline.copyInto(AbstractPipeline.java:509) ~[na:na]
	at java.base/java.util.stream.AbstractPipeline.wrapAndCopyInto(AbstractPipeline.java:499) ~[na:na]
	at java.base/java.util.stream.StreamSpliterators$WrappingSpliterator.forEachRemaining(StreamSpliterators.java:310) ~[na:na]
	at java.base/java.util.stream.Streams$ConcatSpliterator.forEachRemaining(Streams.java:735) ~[na:na]
	at java.base/java.util.stream.Streams$ConcatSpliterator.forEachRemaining(Streams.java:734) ~[na:na]
	at java.base/java.util.stream.ReferencePipeline$Head.forEach(ReferencePipeline.java:762) ~[na:na]
	at org.junit.jupiter.engine.descriptor.ClassBasedTestDescriptor.invokeTestInstancePostProcessors(ClassBasedTestDescriptor.java:377) ~[junit-jupiter-engine-5.10.1.jar:5.10.1]
	at org.junit.jupiter.engine.descriptor.ClassBasedTestDescriptor.lambda$instantiateAndPostProcessTestInstance$6(ClassBasedTestDescriptor.java:290) ~[junit-jupiter-engine-5.10.1.jar:5.10.1]
	at org.junit.platform.engine.support.hierarchical.ThrowableCollector.execute(ThrowableCollector.java:73) ~[junit-platform-engine-1.10.1.jar:1.10.1]
	at org.junit.jupiter.engine.descriptor.ClassBasedTestDescriptor.instantiateAndPostProcessTestInstance(ClassBasedTestDescriptor.java:289) ~[junit-jupiter-engine-5.10.1.jar:5.10.1]
	at org.junit.jupiter.engine.descriptor.ClassBasedTestDescriptor.lambda$testInstancesProvider$4(ClassBasedTestDescriptor.java:279) ~[junit-jupiter-engine-5.10.1.jar:5.10.1]
	at java.base/java.util.Optional.orElseGet(Optional.java:364) ~[na:na]
	at org.junit.jupiter.engine.descriptor.ClassBasedTestDescriptor.lambda$testInstancesProvider$5(ClassBasedTestDescriptor.java:278) ~[junit-jupiter-engine-5.10.1.jar:5.10.1]
	at org.junit.jupiter.engine.execution.TestInstancesProvider.getTestInstances(TestInstancesProvider.java:31) ~[junit-jupiter-engine-5.10.1.jar:5.10.1]
	at org.junit.jupiter.engine.descriptor.TestMethodTestDescriptor.lambda$prepare$0(TestMethodTestDescriptor.java:106) ~[junit-jupiter-engine-5.10.1.jar:5.10.1]
	at org.junit.platform.engine.support.hierarchical.ThrowableCollector.execute(ThrowableCollector.java:73) ~[junit-platform-engine-1.10.1.jar:1.10.1]
	at org.junit.jupiter.engine.descriptor.TestMethodTestDescriptor.prepare(TestMethodTestDescriptor.java:105) ~[junit-jupiter-engine-5.10.1.jar:5.10.1]
	at org.junit.jupiter.engine.descriptor.TestMethodTestDescriptor.prepare(TestMethodTestDescriptor.java:69) ~[junit-jupiter-engine-5.10.1.jar:5.10.1]
	at org.junit.platform.engine.support.hierarchical.NodeTestTask.lambda$prepare$2(NodeTestTask.java:123) ~[junit-platform-engine-1.10.1.jar:1.10.1]
	at org.junit.platform.engine.support.hierarchical.ThrowableCollector.execute(ThrowableCollector.java:73) ~[junit-platform-engine-1.10.1.jar:1.10.1]
	at org.junit.platform.engine.support.hierarchical.NodeTestTask.prepare(NodeTestTask.java:123) ~[junit-platform-engine-1.10.1.jar:1.10.1]
	at org.junit.platform.engine.support.hierarchical.NodeTestTask.execute(NodeTestTask.java:90) ~[junit-platform-engine-1.10.1.jar:1.10.1]
	at java.base/java.util.ArrayList.forEach(ArrayList.java:1511) ~[na:na]
	at org.junit.platform.engine.support.hierarchical.SameThreadHierarchicalTestExecutorService.invokeAll(SameThreadHierarchicalTestExecutorService.java:41) ~[junit-platform-engine-1.10.1.jar:1.10.1]
	at org.junit.platform.engine.support.hierarchical.NodeTestTask.lambda$executeRecursively$6(NodeTestTask.java:155) ~[junit-platform-engine-1.10.1.jar:1.10.1]
	at org.junit.platform.engine.support.hierarchical.ThrowableCollector.execute(ThrowableCollector.java:73) ~[junit-platform-engine-1.10.1.jar:1.10.1]
	at org.junit.platform.engine.support.hierarchical.NodeTestTask.lambda$executeRecursively$8(NodeTestTask.java:141) ~[junit-platform-engine-1.10.1.jar:1.10.1]
	at org.junit.platform.engine.support.hierarchical.Node.around(Node.java:137) ~[junit-platform-engine-1.10.1.jar:1.10.1]
	at org.junit.platform.engine.support.hierarchical.NodeTestTask.lambda$executeRecursively$9(NodeTestTask.java:139) ~[junit-platform-engine-1.10.1.jar:1.10.1]
	at org.junit.platform.engine.support.hierarchical.ThrowableCollector.execute(ThrowableCollector.java:73) ~[junit-platform-engine-1.10.1.jar:1.10.1]
	at org.junit.platform.engine.support.hierarchical.NodeTestTask.executeRecursively(NodeTestTask.java:138) ~[junit-platform-engine-1.10.1.jar:1.10.1]
	at org.junit.platform.engine.support.hierarchical.NodeTestTask.execute(NodeTestTask.java:95) ~[junit-platform-engine-1.10.1.jar:1.10.1]
	at java.base/java.util.ArrayList.forEach(ArrayList.java:1511) ~[na:na]
	at org.junit.platform.engine.support.hierarchical.SameThreadHierarchicalTestExecutorService.invokeAll(SameThreadHierarchicalTestExecutorService.java:41) ~[junit-platform-engine-1.10.1.jar:1.10.1]
	at org.junit.platform.engine.support.hierarchical.NodeTestTask.lambda$executeRecursively$6(NodeTestTask.java:155) ~[junit-platform-engine-1.10.1.jar:1.10.1]
	at org.junit.platform.engine.support.hierarchical.ThrowableCollector.execute(ThrowableCollector.java:73) ~[junit-platform-engine-1.10.1.jar:1.10.1]
	at org.junit.platform.engine.support.hierarchical.NodeTestTask.lambda$executeRecursively$8(NodeTestTask.java:141) ~[junit-platform-engine-1.10.1.jar:1.10.1]
	at org.junit.platform.engine.support.hierarchical.Node.around(Node.java:137) ~[junit-platform-engine-1.10.1.jar:1.10.1]
	at org.junit.platform.engine.support.hierarchical.NodeTestTask.lambda$executeRecursively$9(NodeTestTask.java:139) ~[junit-platform-engine-1.10.1.jar:1.10.1]
	at org.junit.platform.engine.support.hierarchical.ThrowableCollector.execute(ThrowableCollector.java:73) ~[junit-platform-engine-1.10.1.jar:1.10.1]
	at org.junit.platform.engine.support.hierarchical.NodeTestTask.executeRecursively(NodeTestTask.java:138) ~[junit-platform-engine-1.10.1.jar:1.10.1]
	at org.junit.platform.engine.support.hierarchical.NodeTestTask.execute(NodeTestTask.java:95) ~[junit-platform-engine-1.10.1.jar:1.10.1]
	at org.junit.platform.engine.support.hierarchical.SameThreadHierarchicalTestExecutorService.submit(SameThreadHierarchicalTestExecutorService.java:35) ~[junit-platform-engine-1.10.1.jar:1.10.1]
	at org.junit.platform.engine.support.hierarchical.HierarchicalTestExecutor.execute(HierarchicalTestExecutor.java:57) ~[junit-platform-engine-1.10.1.jar:1.10.1]
	at org.junit.platform.engine.support.hierarchical.HierarchicalTestEngine.execute(HierarchicalTestEngine.java:54) ~[junit-platform-engine-1.10.1.jar:1.10.1]
	at org.junit.platform.launcher.core.EngineExecutionOrchestrator.execute(EngineExecutionOrchestrator.java:198) ~[junit-platform-launcher-1.10.1.jar:1.10.1]
	at org.junit.platform.launcher.core.EngineExecutionOrchestrator.execute(EngineExecutionOrchestrator.java:169) ~[junit-platform-launcher-1.10.1.jar:1.10.1]
	at org.junit.platform.launcher.core.EngineExecutionOrchestrator.execute(EngineExecutionOrchestrator.java:93) ~[junit-platform-launcher-1.10.1.jar:1.10.1]
	at org.junit.platform.launcher.core.EngineExecutionOrchestrator.lambda$execute$0(EngineExecutionOrchestrator.java:58) ~[junit-platform-launcher-1.10.1.jar:1.10.1]
	at org.junit.platform.launcher.core.EngineExecutionOrchestrator.withInterceptedStreams(EngineExecutionOrchestrator.java:141) ~[junit-platform-launcher-1.10.1.jar:1.10.1]
	at org.junit.platform.launcher.core.EngineExecutionOrchestrator.execute(EngineExecutionOrchestrator.java:57) ~[junit-platform-launcher-1.10.1.jar:1.10.1]
	at org.junit.platform.launcher.core.DefaultLauncher.execute(DefaultLauncher.java:103) ~[junit-platform-launcher-1.10.1.jar:1.10.1]
	at org.junit.platform.launcher.core.DefaultLauncher.execute(DefaultLauncher.java:85) ~[junit-platform-launcher-1.10.1.jar:1.10.1]
	at org.junit.platform.launcher.core.DelegatingLauncher.execute(DelegatingLauncher.java:47) ~[junit-platform-launcher-1.10.1.jar:1.10.1]
	at org.apache.maven.surefire.junitplatform.LazyLauncher.execute(LazyLauncher.java:56) ~[surefire-junit-platform-3.1.2.jar:3.1.2]
	at org.apache.maven.surefire.junitplatform.JUnitPlatformProvider.execute(JUnitPlatformProvider.java:184) ~[surefire-junit-platform-3.1.2.jar:3.1.2]
	at org.apache.maven.surefire.junitplatform.JUnitPlatformProvider.invokeAllTests(JUnitPlatformProvider.java:148) ~[surefire-junit-platform-3.1.2.jar:3.1.2]
	at org.apache.maven.surefire.junitplatform.JUnitPlatformProvider.invoke(JUnitPlatformProvider.java:122) ~[surefire-junit-platform-3.1.2.jar:3.1.2]
	at org.apache.maven.surefire.booter.ForkedBooter.runSuitesInProcess(ForkedBooter.java:385) ~[surefire-booter-3.1.2.jar:3.1.2]
	at org.apache.maven.surefire.booter.ForkedBooter.execute(ForkedBooter.java:162) ~[surefire-booter-3.1.2.jar:3.1.2]
	at org.apache.maven.surefire.booter.ForkedBooter.run(ForkedBooter.java:507) ~[surefire-booter-3.1.2.jar:3.1.2]
	at org.apache.maven.surefire.booter.ForkedBooter.main(ForkedBooter.java:495) ~[surefire-booter-3.1.2.jar:3.1.2]
Caused by: java.sql.SQLSyntaxErrorException: Can't DROP 'FKj97fvvdgk04axcyp5d6w838pb'; check that column/key exists
	at com.mysql.cj.jdbc.exceptions.SQLError.createSQLException(SQLError.java:121) ~[mysql-connector-j-8.3.0.jar:8.3.0]
	at com.mysql.cj.jdbc.exceptions.SQLExceptionsMapping.translateException(SQLExceptionsMapping.java:122) ~[mysql-connector-j-8.3.0.jar:8.3.0]
	at com.mysql.cj.jdbc.StatementImpl.executeInternal(StatementImpl.java:770) ~[mysql-connector-j-8.3.0.jar:8.3.0]
	at com.mysql.cj.jdbc.StatementImpl.execute(StatementImpl.java:653) ~[mysql-connector-j-8.3.0.jar:8.3.0]
	at com.zaxxer.hikari.pool.ProxyStatement.execute(ProxyStatement.java:94) ~[HikariCP-5.0.1.jar:na]
	at com.zaxxer.hikari.pool.HikariProxyStatement.execute(HikariProxyStatement.java) ~[HikariCP-5.0.1.jar:na]
	at org.hibernate.tool.schema.internal.exec.GenerationTargetToDatabase.accept(GenerationTargetToDatabase.java:80) ~[hibernate-core-6.4.1.Final.jar:6.4.1.Final]
	... 118 common frames omitted

Hibernate: alter table activities drop foreign key FKmdpx4pw34wl4uv1pnuiqfapgv
2026-03-07T22:56:45.631Z  WARN 65 --- [           main] o.h.t.s.i.ExceptionHandlerLoggedImpl     : GenerationTarget encountered exception accepting command : Error executing DDL "alter table activities drop foreign key FKmdpx4pw34wl4uv1pnuiqfapgv" via JDBC [Can't DROP 'FKmdpx4pw34wl4uv1pnuiqfapgv'; check that column/key exists]

org.hibernate.tool.schema.spi.CommandAcceptanceException: Error executing DDL "alter table activities drop foreign key FKmdpx4pw34wl4uv1pnuiqfapgv" via JDBC [Can't DROP 'FKmdpx4pw34wl4uv1pnuiqfapgv'; check that column/key exists]
	at org.hibernate.tool.schema.internal.exec.GenerationTargetToDatabase.accept(GenerationTargetToDatabase.java:94) ~[hibernate-core-6.4.1.Final.jar:6.4.1.Final]
	at org.hibernate.tool.schema.internal.Helper.applySqlString(Helper.java:233) ~[hibernate-core-6.4.1.Final.jar:6.4.1.Final]
	at org.hibernate.tool.schema.internal.Helper.applySqlStrings(Helper.java:217) ~[hibernate-core-6.4.1.Final.jar:6.4.1.Final]
	at org.hibernate.tool.schema.internal.SchemaDropperImpl.applyConstraintDropping(SchemaDropperImpl.java:470) ~[hibernate-core-6.4.1.Final.jar:6.4.1.Final]
	at org.hibernate.tool.schema.internal.SchemaDropperImpl.dropConstraintsTablesSequences(SchemaDropperImpl.java:242) ~[hibernate-core-6.4.1.Final.jar:6.4.1.Final]
	at org.hibernate.tool.schema.internal.SchemaDropperImpl.dropFromMetadata(SchemaDropperImpl.java:215) ~[hibernate-core-6.4.1.Final.jar:6.4.1.Final]
	at org.hibernate.tool.schema.internal.SchemaDropperImpl.performDrop(SchemaDropperImpl.java:185) ~[hibernate-core-6.4.1.Final.jar:6.4.1.Final]
	at org.hibernate.tool.schema.internal.SchemaDropperImpl.doDrop(SchemaDropperImpl.java:155) ~[hibernate-core-6.4.1.Final.jar:6.4.1.Final]
	at org.hibernate.tool.schema.internal.SchemaDropperImpl.doDrop(SchemaDropperImpl.java:115) ~[hibernate-core-6.4.1.Final.jar:6.4.1.Final]
	at org.hibernate.tool.schema.spi.SchemaManagementToolCoordinator.performDatabaseAction(SchemaManagementToolCoordinator.java:244) ~[hibernate-core-6.4.1.Final.jar:6.4.1.Final]
	at org.hibernate.tool.schema.spi.SchemaManagementToolCoordinator.lambda$process$5(SchemaManagementToolCoordinator.java:145) ~[hibernate-core-6.4.1.Final.jar:6.4.1.Final]
	at java.base/java.util.HashMap.forEach(HashMap.java:1421) ~[na:na]
	at org.hibernate.tool.schema.spi.SchemaManagementToolCoordinator.process(SchemaManagementToolCoordinator.java:142) ~[hibernate-core-6.4.1.Final.jar:6.4.1.Final]
	at org.hibernate.boot.internal.SessionFactoryObserverForSchemaExport.sessionFactoryCreated(SessionFactoryObserverForSchemaExport.java:37) ~[hibernate-core-6.4.1.Final.jar:6.4.1.Final]
	at org.hibernate.internal.SessionFactoryObserverChain.sessionFactoryCreated(SessionFactoryObserverChain.java:35) ~[hibernate-core-6.4.1.Final.jar:6.4.1.Final]
	at org.hibernate.internal.SessionFactoryImpl.<init>(SessionFactoryImpl.java:315) ~[hibernate-core-6.4.1.Final.jar:6.4.1.Final]
	at org.hibernate.boot.internal.SessionFactoryBuilderImpl.build(SessionFactoryBuilderImpl.java:450) ~[hibernate-core-6.4.1.Final.jar:6.4.1.Final]
	at org.hibernate.jpa.boot.internal.EntityManagerFactoryBuilderImpl.build(EntityManagerFactoryBuilderImpl.java:1507) ~[hibernate-core-6.4.1.Final.jar:6.4.1.Final]
	at org.springframework.orm.jpa.vendor.SpringHibernateJpaPersistenceProvider.createContainerEntityManagerFactory(SpringHibernateJpaPersistenceProvider.java:75) ~[spring-orm-6.1.3.jar:6.1.3]
	at org.springframework.orm.jpa.LocalContainerEntityManagerFactoryBean.createNativeEntityManagerFactory(LocalContainerEntityManagerFactoryBean.java:376) ~[spring-orm-6.1.3.jar:6.1.3]
	at org.springframework.orm.jpa.AbstractEntityManagerFactoryBean.buildNativeEntityManagerFactory(AbstractEntityManagerFactoryBean.java:409) ~[spring-orm-6.1.3.jar:6.1.3]
	at org.springframework.orm.jpa.AbstractEntityManagerFactoryBean.afterPropertiesSet(AbstractEntityManagerFactoryBean.java:396) ~[spring-orm-6.1.3.jar:6.1.3]
	at org.springframework.orm.jpa.LocalContainerEntityManagerFactoryBean.afterPropertiesSet(LocalContainerEntityManagerFactoryBean.java:352) ~[spring-orm-6.1.3.jar:6.1.3]
	at org.springframework.beans.factory.support.AbstractAutowireCapableBeanFactory.invokeInitMethods(AbstractAutowireCapableBeanFactory.java:1820) ~[spring-beans-6.1.3.jar:6.1.3]
	at org.springframework.beans.factory.support.AbstractAutowireCapableBeanFactory.initializeBean(AbstractAutowireCapableBeanFactory.java:1769) ~[spring-beans-6.1.3.jar:6.1.3]
	at org.springframework.beans.factory.support.AbstractAutowireCapableBeanFactory.doCreateBean(AbstractAutowireCapableBeanFactory.java:599) ~[spring-beans-6.1.3.jar:6.1.3]
	at org.springframework.beans.factory.support.AbstractAutowireCapableBeanFactory.createBean(AbstractAutowireCapableBeanFactory.java:521) ~[spring-beans-6.1.3.jar:6.1.3]
	at org.springframework.beans.factory.support.AbstractBeanFactory.lambda$doGetBean$0(AbstractBeanFactory.java:325) ~[spring-beans-6.1.3.jar:6.1.3]
	at org.springframework.beans.factory.support.DefaultSingletonBeanRegistry.getSingleton(DefaultSingletonBeanRegistry.java:234) ~[spring-beans-6.1.3.jar:6.1.3]
	at org.springframework.beans.factory.support.AbstractBeanFactory.doGetBean(AbstractBeanFactory.java:323) ~[spring-beans-6.1.3.jar:6.1.3]
	at org.springframework.beans.factory.support.AbstractBeanFactory.getBean(AbstractBeanFactory.java:199) ~[spring-beans-6.1.3.jar:6.1.3]
	at org.springframework.context.support.AbstractApplicationContext.getBean(AbstractApplicationContext.java:1231) ~[spring-context-6.1.3.jar:6.1.3]
	at org.springframework.context.support.AbstractApplicationContext.finishBeanFactoryInitialization(AbstractApplicationContext.java:949) ~[spring-context-6.1.3.jar:6.1.3]
	at org.springframework.context.support.AbstractApplicationContext.refresh(AbstractApplicationContext.java:624) ~[spring-context-6.1.3.jar:6.1.3]
	at org.springframework.boot.SpringApplication.refresh(SpringApplication.java:754) ~[spring-boot-3.2.2.jar:3.2.2]
	at org.springframework.boot.SpringApplication.refreshContext(SpringApplication.java:456) ~[spring-boot-3.2.2.jar:3.2.2]
	at org.springframework.boot.SpringApplication.run(SpringApplication.java:334) ~[spring-boot-3.2.2.jar:3.2.2]
	at org.springframework.boot.test.context.SpringBootContextLoader.lambda$loadContext$3(SpringBootContextLoader.java:137) ~[spring-boot-test-3.2.2.jar:3.2.2]
	at org.springframework.util.function.ThrowingSupplier.get(ThrowingSupplier.java:58) ~[spring-core-6.1.3.jar:6.1.3]
	at org.springframework.util.function.ThrowingSupplier.get(ThrowingSupplier.java:46) ~[spring-core-6.1.3.jar:6.1.3]
	at org.springframework.boot.SpringApplication.withHook(SpringApplication.java:1454) ~[spring-boot-3.2.2.jar:3.2.2]
	at org.springframework.boot.test.context.SpringBootContextLoader$ContextLoaderHook.run(SpringBootContextLoader.java:552) ~[spring-boot-test-3.2.2.jar:3.2.2]
	at org.springframework.boot.test.context.SpringBootContextLoader.loadContext(SpringBootContextLoader.java:137) ~[spring-boot-test-3.2.2.jar:3.2.2]
	at org.springframework.boot.test.context.SpringBootContextLoader.loadContext(SpringBootContextLoader.java:108) ~[spring-boot-test-3.2.2.jar:3.2.2]
	at org.springframework.test.context.cache.DefaultCacheAwareContextLoaderDelegate.loadContextInternal(DefaultCacheAwareContextLoaderDelegate.java:225) ~[spring-test-6.1.3.jar:6.1.3]
	at org.springframework.test.context.cache.DefaultCacheAwareContextLoaderDelegate.loadContext(DefaultCacheAwareContextLoaderDelegate.java:152) ~[spring-test-6.1.3.jar:6.1.3]
	at org.springframework.test.context.support.DefaultTestContext.getApplicationContext(DefaultTestContext.java:130) ~[spring-test-6.1.3.jar:6.1.3]
	at org.springframework.test.context.web.ServletTestExecutionListener.setUpRequestContextIfNecessary(ServletTestExecutionListener.java:191) ~[spring-test-6.1.3.jar:6.1.3]
	at org.springframework.test.context.web.ServletTestExecutionListener.prepareTestInstance(ServletTestExecutionListener.java:130) ~[spring-test-6.1.3.jar:6.1.3]
	at org.springframework.test.context.TestContextManager.prepareTestInstance(TestContextManager.java:260) ~[spring-test-6.1.3.jar:6.1.3]
	at org.springframework.test.context.junit.jupiter.SpringExtension.postProcessTestInstance(SpringExtension.java:163) ~[spring-test-6.1.3.jar:6.1.3]
	at org.junit.jupiter.engine.descriptor.ClassBasedTestDescriptor.lambda$invokeTestInstancePostProcessors$10(ClassBasedTestDescriptor.java:378) ~[junit-jupiter-engine-5.10.1.jar:5.10.1]
	at org.junit.jupiter.engine.descriptor.ClassBasedTestDescriptor.executeAndMaskThrowable(ClassBasedTestDescriptor.java:383) ~[junit-jupiter-engine-5.10.1.jar:5.10.1]
	at org.junit.jupiter.engine.descriptor.ClassBasedTestDescriptor.lambda$invokeTestInstancePostProcessors$11(ClassBasedTestDescriptor.java:378) ~[junit-jupiter-engine-5.10.1.jar:5.10.1]
	at java.base/java.util.stream.ReferencePipeline$3$1.accept(ReferencePipeline.java:197) ~[na:na]
	at java.base/java.util.stream.ReferencePipeline$2$1.accept(ReferencePipeline.java:179) ~[na:na]
	at java.base/java.util.ArrayList$ArrayListSpliterator.forEachRemaining(ArrayList.java:1625) ~[na:na]
	at java.base/java.util.stream.AbstractPipeline.copyInto(AbstractPipeline.java:509) ~[na:na]
	at java.base/java.util.stream.AbstractPipeline.wrapAndCopyInto(AbstractPipeline.java:499) ~[na:na]
	at java.base/java.util.stream.StreamSpliterators$WrappingSpliterator.forEachRemaining(StreamSpliterators.java:310) ~[na:na]
	at java.base/java.util.stream.Streams$ConcatSpliterator.forEachRemaining(Streams.java:735) ~[na:na]
	at java.base/java.util.stream.Streams$ConcatSpliterator.forEachRemaining(Streams.java:734) ~[na:na]
	at java.base/java.util.stream.ReferencePipeline$Head.forEach(ReferencePipeline.java:762) ~[na:na]
	at org.junit.jupiter.engine.descriptor.ClassBasedTestDescriptor.invokeTestInstancePostProcessors(ClassBasedTestDescriptor.java:377) ~[junit-jupiter-engine-5.10.1.jar:5.10.1]
	at org.junit.jupiter.engine.descriptor.ClassBasedTestDescriptor.lambda$instantiateAndPostProcessTestInstance$6(ClassBasedTestDescriptor.java:290) ~[junit-jupiter-engine-5.10.1.jar:5.10.1]
	at org.junit.platform.engine.support.hierarchical.ThrowableCollector.execute(ThrowableCollector.java:73) ~[junit-platform-engine-1.10.1.jar:1.10.1]
	at org.junit.jupiter.engine.descriptor.ClassBasedTestDescriptor.instantiateAndPostProcessTestInstance(ClassBasedTestDescriptor.java:289) ~[junit-jupiter-engine-5.10.1.jar:5.10.1]
	at org.junit.jupiter.engine.descriptor.ClassBasedTestDescriptor.lambda$testInstancesProvider$4(ClassBasedTestDescriptor.java:279) ~[junit-jupiter-engine-5.10.1.jar:5.10.1]
	at java.base/java.util.Optional.orElseGet(Optional.java:364) ~[na:na]
	at org.junit.jupiter.engine.descriptor.ClassBasedTestDescriptor.lambda$testInstancesProvider$5(ClassBasedTestDescriptor.java:278) ~[junit-jupiter-engine-5.10.1.jar:5.10.1]
	at org.junit.jupiter.engine.execution.TestInstancesProvider.getTestInstances(TestInstancesProvider.java:31) ~[junit-jupiter-engine-5.10.1.jar:5.10.1]
	at org.junit.jupiter.engine.descriptor.TestMethodTestDescriptor.lambda$prepare$0(TestMethodTestDescriptor.java:106) ~[junit-jupiter-engine-5.10.1.jar:5.10.1]
	at org.junit.platform.engine.support.hierarchical.ThrowableCollector.execute(ThrowableCollector.java:73) ~[junit-platform-engine-1.10.1.jar:1.10.1]
	at org.junit.jupiter.engine.descriptor.TestMethodTestDescriptor.prepare(TestMethodTestDescriptor.java:105) ~[junit-jupiter-engine-5.10.1.jar:5.10.1]
	at org.junit.jupiter.engine.descriptor.TestMethodTestDescriptor.prepare(TestMethodTestDescriptor.java:69) ~[junit-jupiter-engine-5.10.1.jar:5.10.1]
	at org.junit.platform.engine.support.hierarchical.NodeTestTask.lambda$prepare$2(NodeTestTask.java:123) ~[junit-platform-engine-1.10.1.jar:1.10.1]
	at org.junit.platform.engine.support.hierarchical.ThrowableCollector.execute(ThrowableCollector.java:73) ~[junit-platform-engine-1.10.1.jar:1.10.1]
	at org.junit.platform.engine.support.hierarchical.NodeTestTask.prepare(NodeTestTask.java:123) ~[junit-platform-engine-1.10.1.jar:1.10.1]
	at org.junit.platform.engine.support.hierarchical.NodeTestTask.execute(NodeTestTask.java:90) ~[junit-platform-engine-1.10.1.jar:1.10.1]
	at java.base/java.util.ArrayList.forEach(ArrayList.java:1511) ~[na:na]
	at org.junit.platform.engine.support.hierarchical.SameThreadHierarchicalTestExecutorService.invokeAll(SameThreadHierarchicalTestExecutorService.java:41) ~[junit-platform-engine-1.10.1.jar:1.10.1]
	at org.junit.platform.engine.support.hierarchical.NodeTestTask.lambda$executeRecursively$6(NodeTestTask.java:155) ~[junit-platform-engine-1.10.1.jar:1.10.1]
	at org.junit.platform.engine.support.hierarchical.ThrowableCollector.execute(ThrowableCollector.java:73) ~[junit-platform-engine-1.10.1.jar:1.10.1]
	at org.junit.platform.engine.support.hierarchical.NodeTestTask.lambda$executeRecursively$8(NodeTestTask.java:141) ~[junit-platform-engine-1.10.1.jar:1.10.1]
	at org.junit.platform.engine.support.hierarchical.Node.around(Node.java:137) ~[junit-platform-engine-1.10.1.jar:1.10.1]
	at org.junit.platform.engine.support.hierarchical.NodeTestTask.lambda$executeRecursively$9(NodeTestTask.java:139) ~[junit-platform-engine-1.10.1.jar:1.10.1]
	at org.junit.platform.engine.support.hierarchical.ThrowableCollector.execute(ThrowableCollector.java:73) ~[junit-platform-engine-1.10.1.jar:1.10.1]
	at org.junit.platform.engine.support.hierarchical.NodeTestTask.executeRecursively(NodeTestTask.java:138) ~[junit-platform-engine-1.10.1.jar:1.10.1]
	at org.junit.platform.engine.support.hierarchical.NodeTestTask.execute(NodeTestTask.java:95) ~[junit-platform-engine-1.10.1.jar:1.10.1]
	at java.base/java.util.ArrayList.forEach(ArrayList.java:1511) ~[na:na]
	at org.junit.platform.engine.support.hierarchical.SameThreadHierarchicalTestExecutorService.invokeAll(SameThreadHierarchicalTestExecutorService.java:41) ~[junit-platform-engine-1.10.1.jar:1.10.1]
	at org.junit.platform.engine.support.hierarchical.NodeTestTask.lambda$executeRecursively$6(NodeTestTask.java:155) ~[junit-platform-engine-1.10.1.jar:1.10.1]
	at org.junit.platform.engine.support.hierarchical.ThrowableCollector.execute(ThrowableCollector.java:73) ~[junit-platform-engine-1.10.1.jar:1.10.1]
	at org.junit.platform.engine.support.hierarchical.NodeTestTask.lambda$executeRecursively$8(NodeTestTask.java:141) ~[junit-platform-engine-1.10.1.jar:1.10.1]
	at org.junit.platform.engine.support.hierarchical.Node.around(Node.java:137) ~[junit-platform-engine-1.10.1.jar:1.10.1]
	at org.junit.platform.engine.support.hierarchical.NodeTestTask.lambda$executeRecursively$9(NodeTestTask.java:139) ~[junit-platform-engine-1.10.1.jar:1.10.1]
	at org.junit.platform.engine.support.hierarchical.ThrowableCollector.execute(ThrowableCollector.java:73) ~[junit-platform-engine-1.10.1.jar:1.10.1]
	at org.junit.platform.engine.support.hierarchical.NodeTestTask.executeRecursively(NodeTestTask.java:138) ~[junit-platform-engine-1.10.1.jar:1.10.1]
	at org.junit.platform.engine.support.hierarchical.NodeTestTask.execute(NodeTestTask.java:95) ~[junit-platform-engine-1.10.1.jar:1.10.1]
	at org.junit.platform.engine.support.hierarchical.SameThreadHierarchicalTestExecutorService.submit(SameThreadHierarchicalTestExecutorService.java:35) ~[junit-platform-engine-1.10.1.jar:1.10.1]
	at org.junit.platform.engine.support.hierarchical.HierarchicalTestExecutor.execute(HierarchicalTestExecutor.java:57) ~[junit-platform-engine-1.10.1.jar:1.10.1]
	at org.junit.platform.engine.support.hierarchical.HierarchicalTestEngine.execute(HierarchicalTestEngine.java:54) ~[junit-platform-engine-1.10.1.jar:1.10.1]
	at org.junit.platform.launcher.core.EngineExecutionOrchestrator.execute(EngineExecutionOrchestrator.java:198) ~[junit-platform-launcher-1.10.1.jar:1.10.1]
	at org.junit.platform.launcher.core.EngineExecutionOrchestrator.execute(EngineExecutionOrchestrator.java:169) ~[junit-platform-launcher-1.10.1.jar:1.10.1]
	at org.junit.platform.launcher.core.EngineExecutionOrchestrator.execute(EngineExecutionOrchestrator.java:93) ~[junit-platform-launcher-1.10.1.jar:1.10.1]
	at org.junit.platform.launcher.core.EngineExecutionOrchestrator.lambda$execute$0(EngineExecutionOrchestrator.java:58) ~[junit-platform-launcher-1.10.1.jar:1.10.1]
	at org.junit.platform.launcher.core.EngineExecutionOrchestrator.withInterceptedStreams(EngineExecutionOrchestrator.java:141) ~[junit-platform-launcher-1.10.1.jar:1.10.1]
	at org.junit.platform.launcher.core.EngineExecutionOrchestrator.execute(EngineExecutionOrchestrator.java:57) ~[junit-platform-launcher-1.10.1.jar:1.10.1]
	at org.junit.platform.launcher.core.DefaultLauncher.execute(DefaultLauncher.java:103) ~[junit-platform-launcher-1.10.1.jar:1.10.1]
	at org.junit.platform.launcher.core.DefaultLauncher.execute(DefaultLauncher.java:85) ~[junit-platform-launcher-1.10.1.jar:1.10.1]
	at org.junit.platform.launcher.core.DelegatingLauncher.execute(DelegatingLauncher.java:47) ~[junit-platform-launcher-1.10.1.jar:1.10.1]
	at org.apache.maven.surefire.junitplatform.LazyLauncher.execute(LazyLauncher.java:56) ~[surefire-junit-platform-3.1.2.jar:3.1.2]
	at org.apache.maven.surefire.junitplatform.JUnitPlatformProvider.execute(JUnitPlatformProvider.java:184) ~[surefire-junit-platform-3.1.2.jar:3.1.2]
	at org.apache.maven.surefire.junitplatform.JUnitPlatformProvider.invokeAllTests(JUnitPlatformProvider.java:148) ~[surefire-junit-platform-3.1.2.jar:3.1.2]
	at org.apache.maven.surefire.junitplatform.JUnitPlatformProvider.invoke(JUnitPlatformProvider.java:122) ~[surefire-junit-platform-3.1.2.jar:3.1.2]
	at org.apache.maven.surefire.booter.ForkedBooter.runSuitesInProcess(ForkedBooter.java:385) ~[surefire-booter-3.1.2.jar:3.1.2]
	at org.apache.maven.surefire.booter.ForkedBooter.execute(ForkedBooter.java:162) ~[surefire-booter-3.1.2.jar:3.1.2]
	at org.apache.maven.surefire.booter.ForkedBooter.run(ForkedBooter.java:507) ~[surefire-booter-3.1.2.jar:3.1.2]
	at org.apache.maven.surefire.booter.ForkedBooter.main(ForkedBooter.java:495) ~[surefire-booter-3.1.2.jar:3.1.2]
Caused by: java.sql.SQLSyntaxErrorException: Can't DROP 'FKmdpx4pw34wl4uv1pnuiqfapgv'; check that column/key exists
	at com.mysql.cj.jdbc.exceptions.SQLError.createSQLException(SQLError.java:121) ~[mysql-connector-j-8.3.0.jar:8.3.0]
	at com.mysql.cj.jdbc.exceptions.SQLExceptionsMapping.translateException(SQLExceptionsMapping.java:122) ~[mysql-connector-j-8.3.0.jar:8.3.0]
	at com.mysql.cj.jdbc.StatementImpl.executeInternal(StatementImpl.java:770) ~[mysql-connector-j-8.3.0.jar:8.3.0]
	at com.mysql.cj.jdbc.StatementImpl.execute(StatementImpl.java:653) ~[mysql-connector-j-8.3.0.jar:8.3.0]
	at com.zaxxer.hikari.pool.ProxyStatement.execute(ProxyStatement.java:94) ~[HikariCP-5.0.1.jar:na]
	at com.zaxxer.hikari.pool.HikariProxyStatement.execute(HikariProxyStatement.java) ~[HikariCP-5.0.1.jar:na]
	at org.hibernate.tool.schema.internal.exec.GenerationTargetToDatabase.accept(GenerationTargetToDatabase.java:80) ~[hibernate-core-6.4.1.Final.jar:6.4.1.Final]
	... 118 common frames omitted

Hibernate: alter table activities drop foreign key FKf7dwdqdh5opaejcemm2r16t0m
2026-03-07T22:56:45.639Z  WARN 65 --- [           main] o.h.t.s.i.ExceptionHandlerLoggedImpl     : GenerationTarget encountered exception accepting command : Error executing DDL "alter table activities drop foreign key FKf7dwdqdh5opaejcemm2r16t0m" via JDBC [Can't DROP 'FKf7dwdqdh5opaejcemm2r16t0m'; check that column/key exists]

org.hibernate.tool.schema.spi.CommandAcceptanceException: Error executing DDL "alter table activities drop foreign key FKf7dwdqdh5opaejcemm2r16t0m" via JDBC [Can't DROP 'FKf7dwdqdh5opaejcemm2r16t0m'; check that column/key exists]
	at org.hibernate.tool.schema.internal.exec.GenerationTargetToDatabase.accept(GenerationTargetToDatabase.java:94) ~[hibernate-core-6.4.1.Final.jar:6.4.1.Final]
	at org.hibernate.tool.schema.internal.Helper.applySqlString(Helper.java:233) ~[hibernate-core-6.4.1.Final.jar:6.4.1.Final]
	at org.hibernate.tool.schema.internal.Helper.applySqlStrings(Helper.java:217) ~[hibernate-core-6.4.1.Final.jar:6.4.1.Final]
	at org.hibernate.tool.schema.internal.SchemaDropperImpl.applyConstraintDropping(SchemaDropperImpl.java:470) ~[hibernate-core-6.4.1.Final.jar:6.4.1.Final]
	at org.hibernate.tool.schema.internal.SchemaDropperImpl.dropConstraintsTablesSequences(SchemaDropperImpl.java:242) ~[hibernate-core-6.4.1.Final.jar:6.4.1.Final]
	at org.hibernate.tool.schema.internal.SchemaDropperImpl.dropFromMetadata(SchemaDropperImpl.java:215) ~[hibernate-core-6.4.1.Final.jar:6.4.1.Final]
	at org.hibernate.tool.schema.internal.SchemaDropperImpl.performDrop(SchemaDropperImpl.java:185) ~[hibernate-core-6.4.1.Final.jar:6.4.1.Final]
	at org.hibernate.tool.schema.internal.SchemaDropperImpl.doDrop(SchemaDropperImpl.java:155) ~[hibernate-core-6.4.1.Final.jar:6.4.1.Final]
	at org.hibernate.tool.schema.internal.SchemaDropperImpl.doDrop(SchemaDropperImpl.java:115) ~[hibernate-core-6.4.1.Final.jar:6.4.1.Final]
	at org.hibernate.tool.schema.spi.SchemaManagementToolCoordinator.performDatabaseAction(SchemaManagementToolCoordinator.java:244) ~[hibernate-core-6.4.1.Final.jar:6.4.1.Final]
	at org.hibernate.tool.schema.spi.SchemaManagementToolCoordinator.lambda$process$5(SchemaManagementToolCoordinator.java:145) ~[hibernate-core-6.4.1.Final.jar:6.4.1.Final]
	at java.base/java.util.HashMap.forEach(HashMap.java:1421) ~[na:na]
	at org.hibernate.tool.schema.spi.SchemaManagementToolCoordinator.process(SchemaManagementToolCoordinator.java:142) ~[hibernate-core-6.4.1.Final.jar:6.4.1.Final]
	at org.hibernate.boot.internal.SessionFactoryObserverForSchemaExport.sessionFactoryCreated(SessionFactoryObserverForSchemaExport.java:37) ~[hibernate-core-6.4.1.Final.jar:6.4.1.Final]
	at org.hibernate.internal.SessionFactoryObserverChain.sessionFactoryCreated(SessionFactoryObserverChain.java:35) ~[hibernate-core-6.4.1.Final.jar:6.4.1.Final]
	at org.hibernate.internal.SessionFactoryImpl.<init>(SessionFactoryImpl.java:315) ~[hibernate-core-6.4.1.Final.jar:6.4.1.Final]
	at org.hibernate.boot.internal.SessionFactoryBuilderImpl.build(SessionFactoryBuilderImpl.java:450) ~[hibernate-core-6.4.1.Final.jar:6.4.1.Final]
	at org.hibernate.jpa.boot.internal.EntityManagerFactoryBuilderImpl.build(EntityManagerFactoryBuilderImpl.java:1507) ~[hibernate-core-6.4.1.Final.jar:6.4.1.Final]
	at org.springframework.orm.jpa.vendor.SpringHibernateJpaPersistenceProvider.createContainerEntityManagerFactory(SpringHibernateJpaPersistenceProvider.java:75) ~[spring-orm-6.1.3.jar:6.1.3]
	at org.springframework.orm.jpa.LocalContainerEntityManagerFactoryBean.createNativeEntityManagerFactory(LocalContainerEntityManagerFactoryBean.java:376) ~[spring-orm-6.1.3.jar:6.1.3]
	at org.springframework.orm.jpa.AbstractEntityManagerFactoryBean.buildNativeEntityManagerFactory(AbstractEntityManagerFactoryBean.java:409) ~[spring-orm-6.1.3.jar:6.1.3]
	at org.springframework.orm.jpa.AbstractEntityManagerFactoryBean.afterPropertiesSet(AbstractEntityManagerFactoryBean.java:396) ~[spring-orm-6.1.3.jar:6.1.3]
	at org.springframework.orm.jpa.LocalContainerEntityManagerFactoryBean.afterPropertiesSet(LocalContainerEntityManagerFactoryBean.java:352) ~[spring-orm-6.1.3.jar:6.1.3]
	at org.springframework.beans.factory.support.AbstractAutowireCapableBeanFactory.invokeInitMethods(AbstractAutowireCapableBeanFactory.java:1820) ~[spring-beans-6.1.3.jar:6.1.3]
	at org.springframework.beans.factory.support.AbstractAutowireCapableBeanFactory.initializeBean(AbstractAutowireCapableBeanFactory.java:1769) ~[spring-beans-6.1.3.jar:6.1.3]
	at org.springframework.beans.factory.support.AbstractAutowireCapableBeanFactory.doCreateBean(AbstractAutowireCapableBeanFactory.java:599) ~[spring-beans-6.1.3.jar:6.1.3]
	at org.springframework.beans.factory.support.AbstractAutowireCapableBeanFactory.createBean(AbstractAutowireCapableBeanFactory.java:521) ~[spring-beans-6.1.3.jar:6.1.3]
	at org.springframework.beans.factory.support.AbstractBeanFactory.lambda$doGetBean$0(AbstractBeanFactory.java:325) ~[spring-beans-6.1.3.jar:6.1.3]
	at org.springframework.beans.factory.support.DefaultSingletonBeanRegistry.getSingleton(DefaultSingletonBeanRegistry.java:234) ~[spring-beans-6.1.3.jar:6.1.3]
	at org.springframework.beans.factory.support.AbstractBeanFactory.doGetBean(AbstractBeanFactory.java:323) ~[spring-beans-6.1.3.jar:6.1.3]
	at org.springframework.beans.factory.support.AbstractBeanFactory.getBean(AbstractBeanFactory.java:199) ~[spring-beans-6.1.3.jar:6.1.3]
	at org.springframework.context.support.AbstractApplicationContext.getBean(AbstractApplicationContext.java:1231) ~[spring-context-6.1.3.jar:6.1.3]
	at org.springframework.context.support.AbstractApplicationContext.finishBeanFactoryInitialization(AbstractApplicationContext.java:949) ~[spring-context-6.1.3.jar:6.1.3]
	at org.springframework.context.support.AbstractApplicationContext.refresh(AbstractApplicationContext.java:624) ~[spring-context-6.1.3.jar:6.1.3]
	at org.springframework.boot.SpringApplication.refresh(SpringApplication.java:754) ~[spring-boot-3.2.2.jar:3.2.2]
	at org.springframework.boot.SpringApplication.refreshContext(SpringApplication.java:456) ~[spring-boot-3.2.2.jar:3.2.2]
	at org.springframework.boot.SpringApplication.run(SpringApplication.java:334) ~[spring-boot-3.2.2.jar:3.2.2]
	at org.springframework.boot.test.context.SpringBootContextLoader.lambda$loadContext$3(SpringBootContextLoader.java:137) ~[spring-boot-test-3.2.2.jar:3.2.2]
	at org.springframework.util.function.ThrowingSupplier.get(ThrowingSupplier.java:58) ~[spring-core-6.1.3.jar:6.1.3]
	at org.springframework.util.function.ThrowingSupplier.get(ThrowingSupplier.java:46) ~[spring-core-6.1.3.jar:6.1.3]
	at org.springframework.boot.SpringApplication.withHook(SpringApplication.java:1454) ~[spring-boot-3.2.2.jar:3.2.2]
	at org.springframework.boot.test.context.SpringBootContextLoader$ContextLoaderHook.run(SpringBootContextLoader.java:552) ~[spring-boot-test-3.2.2.jar:3.2.2]
	at org.springframework.boot.test.context.SpringBootContextLoader.loadContext(SpringBootContextLoader.java:137) ~[spring-boot-test-3.2.2.jar:3.2.2]
	at org.springframework.boot.test.context.SpringBootContextLoader.loadContext(SpringBootContextLoader.java:108) ~[spring-boot-test-3.2.2.jar:3.2.2]
	at org.springframework.test.context.cache.DefaultCacheAwareContextLoaderDelegate.loadContextInternal(DefaultCacheAwareContextLoaderDelegate.java:225) ~[spring-test-6.1.3.jar:6.1.3]
	at org.springframework.test.context.cache.DefaultCacheAwareContextLoaderDelegate.loadContext(DefaultCacheAwareContextLoaderDelegate.java:152) ~[spring-test-6.1.3.jar:6.1.3]
	at org.springframework.test.context.support.DefaultTestContext.getApplicationContext(DefaultTestContext.java:130) ~[spring-test-6.1.3.jar:6.1.3]
	at org.springframework.test.context.web.ServletTestExecutionListener.setUpRequestContextIfNecessary(ServletTestExecutionListener.java:191) ~[spring-test-6.1.3.jar:6.1.3]
	at org.springframework.test.context.web.ServletTestExecutionListener.prepareTestInstance(ServletTestExecutionListener.java:130) ~[spring-test-6.1.3.jar:6.1.3]
	at org.springframework.test.context.TestContextManager.prepareTestInstance(TestContextManager.java:260) ~[spring-test-6.1.3.jar:6.1.3]
	at org.springframework.test.context.junit.jupiter.SpringExtension.postProcessTestInstance(SpringExtension.java:163) ~[spring-test-6.1.3.jar:6.1.3]
	at org.junit.jupiter.engine.descriptor.ClassBasedTestDescriptor.lambda$invokeTestInstancePostProcessors$10(ClassBasedTestDescriptor.java:378) ~[junit-jupiter-engine-5.10.1.jar:5.10.1]
	at org.junit.jupiter.engine.descriptor.ClassBasedTestDescriptor.executeAndMaskThrowable(ClassBasedTestDescriptor.java:383) ~[junit-jupiter-engine-5.10.1.jar:5.10.1]
	at org.junit.jupiter.engine.descriptor.ClassBasedTestDescriptor.lambda$invokeTestInstancePostProcessors$11(ClassBasedTestDescriptor.java:378) ~[junit-jupiter-engine-5.10.1.jar:5.10.1]
	at java.base/java.util.stream.ReferencePipeline$3$1.accept(ReferencePipeline.java:197) ~[na:na]
	at java.base/java.util.stream.ReferencePipeline$2$1.accept(ReferencePipeline.java:179) ~[na:na]
	at java.base/java.util.ArrayList$ArrayListSpliterator.forEachRemaining(ArrayList.java:1625) ~[na:na]
	at java.base/java.util.stream.AbstractPipeline.copyInto(AbstractPipeline.java:509) ~[na:na]
	at java.base/java.util.stream.AbstractPipeline.wrapAndCopyInto(AbstractPipeline.java:499) ~[na:na]
	at java.base/java.util.stream.StreamSpliterators$WrappingSpliterator.forEachRemaining(StreamSpliterators.java:310) ~[na:na]
	at java.base/java.util.stream.Streams$ConcatSpliterator.forEachRemaining(Streams.java:735) ~[na:na]
	at java.base/java.util.stream.Streams$ConcatSpliterator.forEachRemaining(Streams.java:734) ~[na:na]
	at java.base/java.util.stream.ReferencePipeline$Head.forEach(ReferencePipeline.java:762) ~[na:na]
	at org.junit.jupiter.engine.descriptor.ClassBasedTestDescriptor.invokeTestInstancePostProcessors(ClassBasedTestDescriptor.java:377) ~[junit-jupiter-engine-5.10.1.jar:5.10.1]
	at org.junit.jupiter.engine.descriptor.ClassBasedTestDescriptor.lambda$instantiateAndPostProcessTestInstance$6(ClassBasedTestDescriptor.java:290) ~[junit-jupiter-engine-5.10.1.jar:5.10.1]
	at org.junit.platform.engine.support.hierarchical.ThrowableCollector.execute(ThrowableCollector.java:73) ~[junit-platform-engine-1.10.1.jar:1.10.1]
	at org.junit.jupiter.engine.descriptor.ClassBasedTestDescriptor.instantiateAndPostProcessTestInstance(ClassBasedTestDescriptor.java:289) ~[junit-jupiter-engine-5.10.1.jar:5.10.1]
	at org.junit.jupiter.engine.descriptor.ClassBasedTestDescriptor.lambda$testInstancesProvider$4(ClassBasedTestDescriptor.java:279) ~[junit-jupiter-engine-5.10.1.jar:5.10.1]
	at java.base/java.util.Optional.orElseGet(Optional.java:364) ~[na:na]
	at org.junit.jupiter.engine.descriptor.ClassBasedTestDescriptor.lambda$testInstancesProvider$5(ClassBasedTestDescriptor.java:278) ~[junit-jupiter-engine-5.10.1.jar:5.10.1]
	at org.junit.jupiter.engine.execution.TestInstancesProvider.getTestInstances(TestInstancesProvider.java:31) ~[junit-jupiter-engine-5.10.1.jar:5.10.1]
	at org.junit.jupiter.engine.descriptor.TestMethodTestDescriptor.lambda$prepare$0(TestMethodTestDescriptor.java:106) ~[junit-jupiter-engine-5.10.1.jar:5.10.1]
	at org.junit.platform.engine.support.hierarchical.ThrowableCollector.execute(ThrowableCollector.java:73) ~[junit-platform-engine-1.10.1.jar:1.10.1]
	at org.junit.jupiter.engine.descriptor.TestMethodTestDescriptor.prepare(TestMethodTestDescriptor.java:105) ~[junit-jupiter-engine-5.10.1.jar:5.10.1]
	at org.junit.jupiter.engine.descriptor.TestMethodTestDescriptor.prepare(TestMethodTestDescriptor.java:69) ~[junit-jupiter-engine-5.10.1.jar:5.10.1]
	at org.junit.platform.engine.support.hierarchical.NodeTestTask.lambda$prepare$2(NodeTestTask.java:123) ~[junit-platform-engine-1.10.1.jar:1.10.1]
	at org.junit.platform.engine.support.hierarchical.ThrowableCollector.execute(ThrowableCollector.java:73) ~[junit-platform-engine-1.10.1.jar:1.10.1]
	at org.junit.platform.engine.support.hierarchical.NodeTestTask.prepare(NodeTestTask.java:123) ~[junit-platform-engine-1.10.1.jar:1.10.1]
	at org.junit.platform.engine.support.hierarchical.NodeTestTask.execute(NodeTestTask.java:90) ~[junit-platform-engine-1.10.1.jar:1.10.1]
	at java.base/java.util.ArrayList.forEach(ArrayList.java:1511) ~[na:na]
	at org.junit.platform.engine.support.hierarchical.SameThreadHierarchicalTestExecutorService.invokeAll(SameThreadHierarchicalTestExecutorService.java:41) ~[junit-platform-engine-1.10.1.jar:1.10.1]
	at org.junit.platform.engine.support.hierarchical.NodeTestTask.lambda$executeRecursively$6(NodeTestTask.java:155) ~[junit-platform-engine-1.10.1.jar:1.10.1]
	at org.junit.platform.engine.support.hierarchical.ThrowableCollector.execute(ThrowableCollector.java:73) ~[junit-platform-engine-1.10.1.jar:1.10.1]
	at org.junit.platform.engine.support.hierarchical.NodeTestTask.lambda$executeRecursively$8(NodeTestTask.java:141) ~[junit-platform-engine-1.10.1.jar:1.10.1]
	at org.junit.platform.engine.support.hierarchical.Node.around(Node.java:137) ~[junit-platform-engine-1.10.1.jar:1.10.1]
	at org.junit.platform.engine.support.hierarchical.NodeTestTask.lambda$executeRecursively$9(NodeTestTask.java:139) ~[junit-platform-engine-1.10.1.jar:1.10.1]
	at org.junit.platform.engine.support.hierarchical.ThrowableCollector.execute(ThrowableCollector.java:73) ~[junit-platform-engine-1.10.1.jar:1.10.1]
	at org.junit.platform.engine.support.hierarchical.NodeTestTask.executeRecursively(NodeTestTask.java:138) ~[junit-platform-engine-1.10.1.jar:1.10.1]
	at org.junit.platform.engine.support.hierarchical.NodeTestTask.execute(NodeTestTask.java:95) ~[junit-platform-engine-1.10.1.jar:1.10.1]
	at java.base/java.util.ArrayList.forEach(ArrayList.java:1511) ~[na:na]
	at org.junit.platform.engine.support.hierarchical.SameThreadHierarchicalTestExecutorService.invokeAll(SameThreadHierarchicalTestExecutorService.java:41) ~[junit-platform-engine-1.10.1.jar:1.10.1]
	at org.junit.platform.engine.support.hierarchical.NodeTestTask.lambda$executeRecursively$6(NodeTestTask.java:155) ~[junit-platform-engine-1.10.1.jar:1.10.1]
	at org.junit.platform.engine.support.hierarchical.ThrowableCollector.execute(ThrowableCollector.java:73) ~[junit-platform-engine-1.10.1.jar:1.10.1]
	at org.junit.platform.engine.support.hierarchical.NodeTestTask.lambda$executeRecursively$8(NodeTestTask.java:141) ~[junit-platform-engine-1.10.1.jar:1.10.1]
	at org.junit.platform.engine.support.hierarchical.Node.around(Node.java:137) ~[junit-platform-engine-1.10.1.jar:1.10.1]
	at org.junit.platform.engine.support.hierarchical.NodeTestTask.lambda$executeRecursively$9(NodeTestTask.java:139) ~[junit-platform-engine-1.10.1.jar:1.10.1]
	at org.junit.platform.engine.support.hierarchical.ThrowableCollector.execute(ThrowableCollector.java:73) ~[junit-platform-engine-1.10.1.jar:1.10.1]
	at org.junit.platform.engine.support.hierarchical.NodeTestTask.executeRecursively(NodeTestTask.java:138) ~[junit-platform-engine-1.10.1.jar:1.10.1]
	at org.junit.platform.engine.support.hierarchical.NodeTestTask.execute(NodeTestTask.java:95) ~[junit-platform-engine-1.10.1.jar:1.10.1]
	at org.junit.platform.engine.support.hierarchical.SameThreadHierarchicalTestExecutorService.submit(SameThreadHierarchicalTestExecutorService.java:35) ~[junit-platform-engine-1.10.1.jar:1.10.1]
	at org.junit.platform.engine.support.hierarchical.HierarchicalTestExecutor.execute(HierarchicalTestExecutor.java:57) ~[junit-platform-engine-1.10.1.jar:1.10.1]
	at org.junit.platform.engine.support.hierarchical.HierarchicalTestEngine.execute(HierarchicalTestEngine.java:54) ~[junit-platform-engine-1.10.1.jar:1.10.1]
	at org.junit.platform.launcher.core.EngineExecutionOrchestrator.execute(EngineExecutionOrchestrator.java:198) ~[junit-platform-launcher-1.10.1.jar:1.10.1]
	at org.junit.platform.launcher.core.EngineExecutionOrchestrator.execute(EngineExecutionOrchestrator.java:169) ~[junit-platform-launcher-1.10.1.jar:1.10.1]
	at org.junit.platform.launcher.core.EngineExecutionOrchestrator.execute(EngineExecutionOrchestrator.java:93) ~[junit-platform-launcher-1.10.1.jar:1.10.1]
	at org.junit.platform.launcher.core.EngineExecutionOrchestrator.lambda$execute$0(EngineExecutionOrchestrator.java:58) ~[junit-platform-launcher-1.10.1.jar:1.10.1]
	at org.junit.platform.launcher.core.EngineExecutionOrchestrator.withInterceptedStreams(EngineExecutionOrchestrator.java:141) ~[junit-platform-launcher-1.10.1.jar:1.10.1]
	at org.junit.platform.launcher.core.EngineExecutionOrchestrator.execute(EngineExecutionOrchestrator.java:57) ~[junit-platform-launcher-1.10.1.jar:1.10.1]
	at org.junit.platform.launcher.core.DefaultLauncher.execute(DefaultLauncher.java:103) ~[junit-platform-launcher-1.10.1.jar:1.10.1]
	at org.junit.platform.launcher.core.DefaultLauncher.execute(DefaultLauncher.java:85) ~[junit-platform-launcher-1.10.1.jar:1.10.1]
	at org.junit.platform.launcher.core.DelegatingLauncher.execute(DelegatingLauncher.java:47) ~[junit-platform-launcher-1.10.1.jar:1.10.1]
	at org.apache.maven.surefire.junitplatform.LazyLauncher.execute(LazyLauncher.java:56) ~[surefire-junit-platform-3.1.2.jar:3.1.2]
	at org.apache.maven.surefire.junitplatform.JUnitPlatformProvider.execute(JUnitPlatformProvider.java:184) ~[surefire-junit-platform-3.1.2.jar:3.1.2]
	at org.apache.maven.surefire.junitplatform.JUnitPlatformProvider.invokeAllTests(JUnitPlatformProvider.java:148) ~[surefire-junit-platform-3.1.2.jar:3.1.2]
	at org.apache.maven.surefire.junitplatform.JUnitPlatformProvider.invoke(JUnitPlatformProvider.java:122) ~[surefire-junit-platform-3.1.2.jar:3.1.2]
	at org.apache.maven.surefire.booter.ForkedBooter.runSuitesInProcess(ForkedBooter.java:385) ~[surefire-booter-3.1.2.jar:3.1.2]
	at org.apache.maven.surefire.booter.ForkedBooter.execute(ForkedBooter.java:162) ~[surefire-booter-3.1.2.jar:3.1.2]
	at org.apache.maven.surefire.booter.ForkedBooter.run(ForkedBooter.java:507) ~[surefire-booter-3.1.2.jar:3.1.2]
	at org.apache.maven.surefire.booter.ForkedBooter.main(ForkedBooter.java:495) ~[surefire-booter-3.1.2.jar:3.1.2]
Caused by: java.sql.SQLSyntaxErrorException: Can't DROP 'FKf7dwdqdh5opaejcemm2r16t0m'; check that column/key exists
	at com.mysql.cj.jdbc.exceptions.SQLError.createSQLException(SQLError.java:121) ~[mysql-connector-j-8.3.0.jar:8.3.0]
	at com.mysql.cj.jdbc.exceptions.SQLExceptionsMapping.translateException(SQLExceptionsMapping.java:122) ~[mysql-connector-j-8.3.0.jar:8.3.0]
	at com.mysql.cj.jdbc.StatementImpl.executeInternal(StatementImpl.java:770) ~[mysql-connector-j-8.3.0.jar:8.3.0]
	at com.mysql.cj.jdbc.StatementImpl.execute(StatementImpl.java:653) ~[mysql-connector-j-8.3.0.jar:8.3.0]
	at com.zaxxer.hikari.pool.ProxyStatement.execute(ProxyStatement.java:94) ~[HikariCP-5.0.1.jar:na]
	at com.zaxxer.hikari.pool.HikariProxyStatement.execute(HikariProxyStatement.java) ~[HikariCP-5.0.1.jar:na]
	at org.hibernate.tool.schema.internal.exec.GenerationTargetToDatabase.accept(GenerationTargetToDatabase.java:80) ~[hibernate-core-6.4.1.Final.jar:6.4.1.Final]
	... 118 common frames omitted

Hibernate: alter table activities drop foreign key FKtehic8fiattwna4dgrmw35w60
2026-03-07T22:56:45.644Z  WARN 65 --- [           main] o.h.t.s.i.ExceptionHandlerLoggedImpl     : GenerationTarget encountered exception accepting command : Error executing DDL "alter table activities drop foreign key FKtehic8fiattwna4dgrmw35w60" via JDBC [Can't DROP 'FKtehic8fiattwna4dgrmw35w60'; check that column/key exists]

org.hibernate.tool.schema.spi.CommandAcceptanceException: Error executing DDL "alter table activities drop foreign key FKtehic8fiattwna4dgrmw35w60" via JDBC [Can't DROP 'FKtehic8fiattwna4dgrmw35w60'; check that column/key exists]
	at org.hibernate.tool.schema.internal.exec.GenerationTargetToDatabase.accept(GenerationTargetToDatabase.java:94) ~[hibernate-core-6.4.1.Final.jar:6.4.1.Final]
	at org.hibernate.tool.schema.internal.Helper.applySqlString(Helper.java:233) ~[hibernate-core-6.4.1.Final.jar:6.4.1.Final]
	at org.hibernate.tool.schema.internal.Helper.applySqlStrings(Helper.java:217) ~[hibernate-core-6.4.1.Final.jar:6.4.1.Final]
	at org.hibernate.tool.schema.internal.SchemaDropperImpl.applyConstraintDropping(SchemaDropperImpl.java:470) ~[hibernate-core-6.4.1.Final.jar:6.4.1.Final]
	at org.hibernate.tool.schema.internal.SchemaDropperImpl.dropConstraintsTablesSequences(SchemaDropperImpl.java:242) ~[hibernate-core-6.4.1.Final.jar:6.4.1.Final]
	at org.hibernate.tool.schema.internal.SchemaDropperImpl.dropFromMetadata(SchemaDropperImpl.java:215) ~[hibernate-core-6.4.1.Final.jar:6.4.1.Final]
	at org.hibernate.tool.schema.internal.SchemaDropperImpl.performDrop(SchemaDropperImpl.java:185) ~[hibernate-core-6.4.1.Final.jar:6.4.1.Final]
	at org.hibernate.tool.schema.internal.SchemaDropperImpl.doDrop(SchemaDropperImpl.java:155) ~[hibernate-core-6.4.1.Final.jar:6.4.1.Final]
	at org.hibernate.tool.schema.internal.SchemaDropperImpl.doDrop(SchemaDropperImpl.java:115) ~[hibernate-core-6.4.1.Final.jar:6.4.1.Final]
	at org.hibernate.tool.schema.spi.SchemaManagementToolCoordinator.performDatabaseAction(SchemaManagementToolCoordinator.java:244) ~[hibernate-core-6.4.1.Final.jar:6.4.1.Final]
	at org.hibernate.tool.schema.spi.SchemaManagementToolCoordinator.lambda$process$5(SchemaManagementToolCoordinator.java:145) ~[hibernate-core-6.4.1.Final.jar:6.4.1.Final]
	at java.base/java.util.HashMap.forEach(HashMap.java:1421) ~[na:na]
	at org.hibernate.tool.schema.spi.SchemaManagementToolCoordinator.process(SchemaManagementToolCoordinator.java:142) ~[hibernate-core-6.4.1.Final.jar:6.4.1.Final]
	at org.hibernate.boot.internal.SessionFactoryObserverForSchemaExport.sessionFactoryCreated(SessionFactoryObserverForSchemaExport.java:37) ~[hibernate-core-6.4.1.Final.jar:6.4.1.Final]
	at org.hibernate.internal.SessionFactoryObserverChain.sessionFactoryCreated(SessionFactoryObserverChain.java:35) ~[hibernate-core-6.4.1.Final.jar:6.4.1.Final]
	at org.hibernate.internal.SessionFactoryImpl.<init>(SessionFactoryImpl.java:315) ~[hibernate-core-6.4.1.Final.jar:6.4.1.Final]
	at org.hibernate.boot.internal.SessionFactoryBuilderImpl.build(SessionFactoryBuilderImpl.java:450) ~[hibernate-core-6.4.1.Final.jar:6.4.1.Final]
	at org.hibernate.jpa.boot.internal.EntityManagerFactoryBuilderImpl.build(EntityManagerFactoryBuilderImpl.java:1507) ~[hibernate-core-6.4.1.Final.jar:6.4.1.Final]
	at org.springframework.orm.jpa.vendor.SpringHibernateJpaPersistenceProvider.createContainerEntityManagerFactory(SpringHibernateJpaPersistenceProvider.java:75) ~[spring-orm-6.1.3.jar:6.1.3]
	at org.springframework.orm.jpa.LocalContainerEntityManagerFactoryBean.createNativeEntityManagerFactory(LocalContainerEntityManagerFactoryBean.java:376) ~[spring-orm-6.1.3.jar:6.1.3]
	at org.springframework.orm.jpa.AbstractEntityManagerFactoryBean.buildNativeEntityManagerFactory(AbstractEntityManagerFactoryBean.java:409) ~[spring-orm-6.1.3.jar:6.1.3]
	at org.springframework.orm.jpa.AbstractEntityManagerFactoryBean.afterPropertiesSet(AbstractEntityManagerFactoryBean.java:396) ~[spring-orm-6.1.3.jar:6.1.3]
	at org.springframework.orm.jpa.LocalContainerEntityManagerFactoryBean.afterPropertiesSet(LocalContainerEntityManagerFactoryBean.java:352) ~[spring-orm-6.1.3.jar:6.1.3]
	at org.springframework.beans.factory.support.AbstractAutowireCapableBeanFactory.invokeInitMethods(AbstractAutowireCapableBeanFactory.java:1820) ~[spring-beans-6.1.3.jar:6.1.3]
	at org.springframework.beans.factory.support.AbstractAutowireCapableBeanFactory.initializeBean(AbstractAutowireCapableBeanFactory.java:1769) ~[spring-beans-6.1.3.jar:6.1.3]
	at org.springframework.beans.factory.support.AbstractAutowireCapableBeanFactory.doCreateBean(AbstractAutowireCapableBeanFactory.java:599) ~[spring-beans-6.1.3.jar:6.1.3]
	at org.springframework.beans.factory.support.AbstractAutowireCapableBeanFactory.createBean(AbstractAutowireCapableBeanFactory.java:521) ~[spring-beans-6.1.3.jar:6.1.3]
	at org.springframework.beans.factory.support.AbstractBeanFactory.lambda$doGetBean$0(AbstractBeanFactory.java:325) ~[spring-beans-6.1.3.jar:6.1.3]
	at org.springframework.beans.factory.support.DefaultSingletonBeanRegistry.getSingleton(DefaultSingletonBeanRegistry.java:234) ~[spring-beans-6.1.3.jar:6.1.3]
	at org.springframework.beans.factory.support.AbstractBeanFactory.doGetBean(AbstractBeanFactory.java:323) ~[spring-beans-6.1.3.jar:6.1.3]
	at org.springframework.beans.factory.support.AbstractBeanFactory.getBean(AbstractBeanFactory.java:199) ~[spring-beans-6.1.3.jar:6.1.3]
	at org.springframework.context.support.AbstractApplicationContext.getBean(AbstractApplicationContext.java:1231) ~[spring-context-6.1.3.jar:6.1.3]
	at org.springframework.context.support.AbstractApplicationContext.finishBeanFactoryInitialization(AbstractApplicationContext.java:949) ~[spring-context-6.1.3.jar:6.1.3]
	at org.springframework.context.support.AbstractApplicationContext.refresh(AbstractApplicationContext.java:624) ~[spring-context-6.1.3.jar:6.1.3]
	at org.springframework.boot.SpringApplication.refresh(SpringApplication.java:754) ~[spring-boot-3.2.2.jar:3.2.2]
	at org.springframework.boot.SpringApplication.refreshContext(SpringApplication.java:456) ~[spring-boot-3.2.2.jar:3.2.2]
	at org.springframework.boot.SpringApplication.run(SpringApplication.java:334) ~[spring-boot-3.2.2.jar:3.2.2]
	at org.springframework.boot.test.context.SpringBootContextLoader.lambda$loadContext$3(SpringBootContextLoader.java:137) ~[spring-boot-test-3.2.2.jar:3.2.2]
	at org.springframework.util.function.ThrowingSupplier.get(ThrowingSupplier.java:58) ~[spring-core-6.1.3.jar:6.1.3]
	at org.springframework.util.function.ThrowingSupplier.get(ThrowingSupplier.java:46) ~[spring-core-6.1.3.jar:6.1.3]
	at org.springframework.boot.SpringApplication.withHook(SpringApplication.java:1454) ~[spring-boot-3.2.2.jar:3.2.2]
	at org.springframework.boot.test.context.SpringBootContextLoader$ContextLoaderHook.run(SpringBootContextLoader.java:552) ~[spring-boot-test-3.2.2.jar:3.2.2]
	at org.springframework.boot.test.context.SpringBootContextLoader.loadContext(SpringBootContextLoader.java:137) ~[spring-boot-test-3.2.2.jar:3.2.2]
	at org.springframework.boot.test.context.SpringBootContextLoader.loadContext(SpringBootContextLoader.java:108) ~[spring-boot-test-3.2.2.jar:3.2.2]
	at org.springframework.test.context.cache.DefaultCacheAwareContextLoaderDelegate.loadContextInternal(DefaultCacheAwareContextLoaderDelegate.java:225) ~[spring-test-6.1.3.jar:6.1.3]
	at org.springframework.test.context.cache.DefaultCacheAwareContextLoaderDelegate.loadContext(DefaultCacheAwareContextLoaderDelegate.java:152) ~[spring-test-6.1.3.jar:6.1.3]
	at org.springframework.test.context.support.DefaultTestContext.getApplicationContext(DefaultTestContext.java:130) ~[spring-test-6.1.3.jar:6.1.3]
	at org.springframework.test.context.web.ServletTestExecutionListener.setUpRequestContextIfNecessary(ServletTestExecutionListener.java:191) ~[spring-test-6.1.3.jar:6.1.3]
	at org.springframework.test.context.web.ServletTestExecutionListener.prepareTestInstance(ServletTestExecutionListener.java:130) ~[spring-test-6.1.3.jar:6.1.3]
	at org.springframework.test.context.TestContextManager.prepareTestInstance(TestContextManager.java:260) ~[spring-test-6.1.3.jar:6.1.3]
	at org.springframework.test.context.junit.jupiter.SpringExtension.postProcessTestInstance(SpringExtension.java:163) ~[spring-test-6.1.3.jar:6.1.3]
	at org.junit.jupiter.engine.descriptor.ClassBasedTestDescriptor.lambda$invokeTestInstancePostProcessors$10(ClassBasedTestDescriptor.java:378) ~[junit-jupiter-engine-5.10.1.jar:5.10.1]
	at org.junit.jupiter.engine.descriptor.ClassBasedTestDescriptor.executeAndMaskThrowable(ClassBasedTestDescriptor.java:383) ~[junit-jupiter-engine-5.10.1.jar:5.10.1]
	at org.junit.jupiter.engine.descriptor.ClassBasedTestDescriptor.lambda$invokeTestInstancePostProcessors$11(ClassBasedTestDescriptor.java:378) ~[junit-jupiter-engine-5.10.1.jar:5.10.1]
	at java.base/java.util.stream.ReferencePipeline$3$1.accept(ReferencePipeline.java:197) ~[na:na]
	at java.base/java.util.stream.ReferencePipeline$2$1.accept(ReferencePipeline.java:179) ~[na:na]
	at java.base/java.util.ArrayList$ArrayListSpliterator.forEachRemaining(ArrayList.java:1625) ~[na:na]
	at java.base/java.util.stream.AbstractPipeline.copyInto(AbstractPipeline.java:509) ~[na:na]
	at java.base/java.util.stream.AbstractPipeline.wrapAndCopyInto(AbstractPipeline.java:499) ~[na:na]
	at java.base/java.util.stream.StreamSpliterators$WrappingSpliterator.forEachRemaining(StreamSpliterators.java:310) ~[na:na]
	at java.base/java.util.stream.Streams$ConcatSpliterator.forEachRemaining(Streams.java:735) ~[na:na]
	at java.base/java.util.stream.Streams$ConcatSpliterator.forEachRemaining(Streams.java:734) ~[na:na]
	at java.base/java.util.stream.ReferencePipeline$Head.forEach(ReferencePipeline.java:762) ~[na:na]
	at org.junit.jupiter.engine.descriptor.ClassBasedTestDescriptor.invokeTestInstancePostProcessors(ClassBasedTestDescriptor.java:377) ~[junit-jupiter-engine-5.10.1.jar:5.10.1]
	at org.junit.jupiter.engine.descriptor.ClassBasedTestDescriptor.lambda$instantiateAndPostProcessTestInstance$6(ClassBasedTestDescriptor.java:290) ~[junit-jupiter-engine-5.10.1.jar:5.10.1]
	at org.junit.platform.engine.support.hierarchical.ThrowableCollector.execute(ThrowableCollector.java:73) ~[junit-platform-engine-1.10.1.jar:1.10.1]
	at org.junit.jupiter.engine.descriptor.ClassBasedTestDescriptor.instantiateAndPostProcessTestInstance(ClassBasedTestDescriptor.java:289) ~[junit-jupiter-engine-5.10.1.jar:5.10.1]
	at org.junit.jupiter.engine.descriptor.ClassBasedTestDescriptor.lambda$testInstancesProvider$4(ClassBasedTestDescriptor.java:279) ~[junit-jupiter-engine-5.10.1.jar:5.10.1]
	at java.base/java.util.Optional.orElseGet(Optional.java:364) ~[na:na]
	at org.junit.jupiter.engine.descriptor.ClassBasedTestDescriptor.lambda$testInstancesProvider$5(ClassBasedTestDescriptor.java:278) ~[junit-jupiter-engine-5.10.1.jar:5.10.1]
	at org.junit.jupiter.engine.execution.TestInstancesProvider.getTestInstances(TestInstancesProvider.java:31) ~[junit-jupiter-engine-5.10.1.jar:5.10.1]
	at org.junit.jupiter.engine.descriptor.TestMethodTestDescriptor.lambda$prepare$0(TestMethodTestDescriptor.java:106) ~[junit-jupiter-engine-5.10.1.jar:5.10.1]
	at org.junit.platform.engine.support.hierarchical.ThrowableCollector.execute(ThrowableCollector.java:73) ~[junit-platform-engine-1.10.1.jar:1.10.1]
	at org.junit.jupiter.engine.descriptor.TestMethodTestDescriptor.prepare(TestMethodTestDescriptor.java:105) ~[junit-jupiter-engine-5.10.1.jar:5.10.1]
	at org.junit.jupiter.engine.descriptor.TestMethodTestDescriptor.prepare(TestMethodTestDescriptor.java:69) ~[junit-jupiter-engine-5.10.1.jar:5.10.1]
	at org.junit.platform.engine.support.hierarchical.NodeTestTask.lambda$prepare$2(NodeTestTask.java:123) ~[junit-platform-engine-1.10.1.jar:1.10.1]
	at org.junit.platform.engine.support.hierarchical.ThrowableCollector.execute(ThrowableCollector.java:73) ~[junit-platform-engine-1.10.1.jar:1.10.1]
	at org.junit.platform.engine.support.hierarchical.NodeTestTask.prepare(NodeTestTask.java:123) ~[junit-platform-engine-1.10.1.jar:1.10.1]
	at org.junit.platform.engine.support.hierarchical.NodeTestTask.execute(NodeTestTask.java:90) ~[junit-platform-engine-1.10.1.jar:1.10.1]
	at java.base/java.util.ArrayList.forEach(ArrayList.java:1511) ~[na:na]
	at org.junit.platform.engine.support.hierarchical.SameThreadHierarchicalTestExecutorService.invokeAll(SameThreadHierarchicalTestExecutorService.java:41) ~[junit-platform-engine-1.10.1.jar:1.10.1]
	at org.junit.platform.engine.support.hierarchical.NodeTestTask.lambda$executeRecursively$6(NodeTestTask.java:155) ~[junit-platform-engine-1.10.1.jar:1.10.1]
	at org.junit.platform.engine.support.hierarchical.ThrowableCollector.execute(ThrowableCollector.java:73) ~[junit-platform-engine-1.10.1.jar:1.10.1]
	at org.junit.platform.engine.support.hierarchical.NodeTestTask.lambda$executeRecursively$8(NodeTestTask.java:141) ~[junit-platform-engine-1.10.1.jar:1.10.1]
	at org.junit.platform.engine.support.hierarchical.Node.around(Node.java:137) ~[junit-platform-engine-1.10.1.jar:1.10.1]
	at org.junit.platform.engine.support.hierarchical.NodeTestTask.lambda$executeRecursively$9(NodeTestTask.java:139) ~[junit-platform-engine-1.10.1.jar:1.10.1]
	at org.junit.platform.engine.support.hierarchical.ThrowableCollector.execute(ThrowableCollector.java:73) ~[junit-platform-engine-1.10.1.jar:1.10.1]
	at org.junit.platform.engine.support.hierarchical.NodeTestTask.executeRecursively(NodeTestTask.java:138) ~[junit-platform-engine-1.10.1.jar:1.10.1]
	at org.junit.platform.engine.support.hierarchical.NodeTestTask.execute(NodeTestTask.java:95) ~[junit-platform-engine-1.10.1.jar:1.10.1]
	at java.base/java.util.ArrayList.forEach(ArrayList.java:1511) ~[na:na]
	at org.junit.platform.engine.support.hierarchical.SameThreadHierarchicalTestExecutorService.invokeAll(SameThreadHierarchicalTestExecutorService.java:41) ~[junit-platform-engine-1.10.1.jar:1.10.1]
	at org.junit.platform.engine.support.hierarchical.NodeTestTask.lambda$executeRecursively$6(NodeTestTask.java:155) ~[junit-platform-engine-1.10.1.jar:1.10.1]
	at org.junit.platform.engine.support.hierarchical.ThrowableCollector.execute(ThrowableCollector.java:73) ~[junit-platform-engine-1.10.1.jar:1.10.1]
	at org.junit.platform.engine.support.hierarchical.NodeTestTask.lambda$executeRecursively$8(NodeTestTask.java:141) ~[junit-platform-engine-1.10.1.jar:1.10.1]
	at org.junit.platform.engine.support.hierarchical.Node.around(Node.java:137) ~[junit-platform-engine-1.10.1.jar:1.10.1]
	at org.junit.platform.engine.support.hierarchical.NodeTestTask.lambda$executeRecursively$9(NodeTestTask.java:139) ~[junit-platform-engine-1.10.1.jar:1.10.1]
	at org.junit.platform.engine.support.hierarchical.ThrowableCollector.execute(ThrowableCollector.java:73) ~[junit-platform-engine-1.10.1.jar:1.10.1]
	at org.junit.platform.engine.support.hierarchical.NodeTestTask.executeRecursively(NodeTestTask.java:138) ~[junit-platform-engine-1.10.1.jar:1.10.1]
	at org.junit.platform.engine.support.hierarchical.NodeTestTask.execute(NodeTestTask.java:95) ~[junit-platform-engine-1.10.1.jar:1.10.1]
	at org.junit.platform.engine.support.hierarchical.SameThreadHierarchicalTestExecutorService.submit(SameThreadHierarchicalTestExecutorService.java:35) ~[junit-platform-engine-1.10.1.jar:1.10.1]
	at org.junit.platform.engine.support.hierarchical.HierarchicalTestExecutor.execute(HierarchicalTestExecutor.java:57) ~[junit-platform-engine-1.10.1.jar:1.10.1]
	at org.junit.platform.engine.support.hierarchical.HierarchicalTestEngine.execute(HierarchicalTestEngine.java:54) ~[junit-platform-engine-1.10.1.jar:1.10.1]
	at org.junit.platform.launcher.core.EngineExecutionOrchestrator.execute(EngineExecutionOrchestrator.java:198) ~[junit-platform-launcher-1.10.1.jar:1.10.1]
	at org.junit.platform.launcher.core.EngineExecutionOrchestrator.execute(EngineExecutionOrchestrator.java:169) ~[junit-platform-launcher-1.10.1.jar:1.10.1]
	at org.junit.platform.launcher.core.EngineExecutionOrchestrator.execute(EngineExecutionOrchestrator.java:93) ~[junit-platform-launcher-1.10.1.jar:1.10.1]
	at org.junit.platform.launcher.core.EngineExecutionOrchestrator.lambda$execute$0(EngineExecutionOrchestrator.java:58) ~[junit-platform-launcher-1.10.1.jar:1.10.1]
	at org.junit.platform.launcher.core.EngineExecutionOrchestrator.withInterceptedStreams(EngineExecutionOrchestrator.java:141) ~[junit-platform-launcher-1.10.1.jar:1.10.1]
	at org.junit.platform.launcher.core.EngineExecutionOrchestrator.execute(EngineExecutionOrchestrator.java:57) ~[junit-platform-launcher-1.10.1.jar:1.10.1]
	at org.junit.platform.launcher.core.DefaultLauncher.execute(DefaultLauncher.java:103) ~[junit-platform-launcher-1.10.1.jar:1.10.1]
	at org.junit.platform.launcher.core.DefaultLauncher.execute(DefaultLauncher.java:85) ~[junit-platform-launcher-1.10.1.jar:1.10.1]
	at org.junit.platform.launcher.core.DelegatingLauncher.execute(DelegatingLauncher.java:47) ~[junit-platform-launcher-1.10.1.jar:1.10.1]
	at org.apache.maven.surefire.junitplatform.LazyLauncher.execute(LazyLauncher.java:56) ~[surefire-junit-platform-3.1.2.jar:3.1.2]
	at org.apache.maven.surefire.junitplatform.JUnitPlatformProvider.execute(JUnitPlatformProvider.java:184) ~[surefire-junit-platform-3.1.2.jar:3.1.2]
	at org.apache.maven.surefire.junitplatform.JUnitPlatformProvider.invokeAllTests(JUnitPlatformProvider.java:148) ~[surefire-junit-platform-3.1.2.jar:3.1.2]
	at org.apache.maven.surefire.junitplatform.JUnitPlatformProvider.invoke(JUnitPlatformProvider.java:122) ~[surefire-junit-platform-3.1.2.jar:3.1.2]
	at org.apache.maven.surefire.booter.ForkedBooter.runSuitesInProcess(ForkedBooter.java:385) ~[surefire-booter-3.1.2.jar:3.1.2]
	at org.apache.maven.surefire.booter.ForkedBooter.execute(ForkedBooter.java:162) ~[surefire-booter-3.1.2.jar:3.1.2]
	at org.apache.maven.surefire.booter.ForkedBooter.run(ForkedBooter.java:507) ~[surefire-booter-3.1.2.jar:3.1.2]
	at org.apache.maven.surefire.booter.ForkedBooter.main(ForkedBooter.java:495) ~[surefire-booter-3.1.2.jar:3.1.2]
Caused by: java.sql.SQLSyntaxErrorException: Can't DROP 'FKtehic8fiattwna4dgrmw35w60'; check that column/key exists
	at com.mysql.cj.jdbc.exceptions.SQLError.createSQLException(SQLError.java:121) ~[mysql-connector-j-8.3.0.jar:8.3.0]
	at com.mysql.cj.jdbc.exceptions.SQLExceptionsMapping.translateException(SQLExceptionsMapping.java:122) ~[mysql-connector-j-8.3.0.jar:8.3.0]
	at com.mysql.cj.jdbc.StatementImpl.executeInternal(StatementImpl.java:770) ~[mysql-connector-j-8.3.0.jar:8.3.0]
	at com.mysql.cj.jdbc.StatementImpl.execute(StatementImpl.java:653) ~[mysql-connector-j-8.3.0.jar:8.3.0]
	at com.zaxxer.hikari.pool.ProxyStatement.execute(ProxyStatement.java:94) ~[HikariCP-5.0.1.jar:na]
	at com.zaxxer.hikari.pool.HikariProxyStatement.execute(HikariProxyStatement.java) ~[HikariCP-5.0.1.jar:na]
	at org.hibernate.tool.schema.internal.exec.GenerationTargetToDatabase.accept(GenerationTargetToDatabase.java:80) ~[hibernate-core-6.4.1.Final.jar:6.4.1.Final]
	... 118 common frames omitted

Hibernate: alter table opportunities drop foreign key FKeyutus9ng4fxunsxib6elbxrt
2026-03-07T22:56:45.648Z  WARN 65 --- [           main] o.h.t.s.i.ExceptionHandlerLoggedImpl     : GenerationTarget encountered exception accepting command : Error executing DDL "alter table opportunities drop foreign key FKeyutus9ng4fxunsxib6elbxrt" via JDBC [Can't DROP 'FKeyutus9ng4fxunsxib6elbxrt'; check that column/key exists]

org.hibernate.tool.schema.spi.CommandAcceptanceException: Error executing DDL "alter table opportunities drop foreign key FKeyutus9ng4fxunsxib6elbxrt" via JDBC [Can't DROP 'FKeyutus9ng4fxunsxib6elbxrt'; check that column/key exists]
	at org.hibernate.tool.schema.internal.exec.GenerationTargetToDatabase.accept(GenerationTargetToDatabase.java:94) ~[hibernate-core-6.4.1.Final.jar:6.4.1.Final]
	at org.hibernate.tool.schema.internal.Helper.applySqlString(Helper.java:233) ~[hibernate-core-6.4.1.Final.jar:6.4.1.Final]
	at org.hibernate.tool.schema.internal.Helper.applySqlStrings(Helper.java:217) ~[hibernate-core-6.4.1.Final.jar:6.4.1.Final]
	at org.hibernate.tool.schema.internal.SchemaDropperImpl.applyConstraintDropping(SchemaDropperImpl.java:470) ~[hibernate-core-6.4.1.Final.jar:6.4.1.Final]
	at org.hibernate.tool.schema.internal.SchemaDropperImpl.dropConstraintsTablesSequences(SchemaDropperImpl.java:242) ~[hibernate-core-6.4.1.Final.jar:6.4.1.Final]
	at org.hibernate.tool.schema.internal.SchemaDropperImpl.dropFromMetadata(SchemaDropperImpl.java:215) ~[hibernate-core-6.4.1.Final.jar:6.4.1.Final]
	at org.hibernate.tool.schema.internal.SchemaDropperImpl.performDrop(SchemaDropperImpl.java:185) ~[hibernate-core-6.4.1.Final.jar:6.4.1.Final]
	at org.hibernate.tool.schema.internal.SchemaDropperImpl.doDrop(SchemaDropperImpl.java:155) ~[hibernate-core-6.4.1.Final.jar:6.4.1.Final]
	at org.hibernate.tool.schema.internal.SchemaDropperImpl.doDrop(SchemaDropperImpl.java:115) ~[hibernate-core-6.4.1.Final.jar:6.4.1.Final]
	at org.hibernate.tool.schema.spi.SchemaManagementToolCoordinator.performDatabaseAction(SchemaManagementToolCoordinator.java:244) ~[hibernate-core-6.4.1.Final.jar:6.4.1.Final]
	at org.hibernate.tool.schema.spi.SchemaManagementToolCoordinator.lambda$process$5(SchemaManagementToolCoordinator.java:145) ~[hibernate-core-6.4.1.Final.jar:6.4.1.Final]
	at java.base/java.util.HashMap.forEach(HashMap.java:1421) ~[na:na]
	at org.hibernate.tool.schema.spi.SchemaManagementToolCoordinator.process(SchemaManagementToolCoordinator.java:142) ~[hibernate-core-6.4.1.Final.jar:6.4.1.Final]
	at org.hibernate.boot.internal.SessionFactoryObserverForSchemaExport.sessionFactoryCreated(SessionFactoryObserverForSchemaExport.java:37) ~[hibernate-core-6.4.1.Final.jar:6.4.1.Final]
	at org.hibernate.internal.SessionFactoryObserverChain.sessionFactoryCreated(SessionFactoryObserverChain.java:35) ~[hibernate-core-6.4.1.Final.jar:6.4.1.Final]
	at org.hibernate.internal.SessionFactoryImpl.<init>(SessionFactoryImpl.java:315) ~[hibernate-core-6.4.1.Final.jar:6.4.1.Final]
	at org.hibernate.boot.internal.SessionFactoryBuilderImpl.build(SessionFactoryBuilderImpl.java:450) ~[hibernate-core-6.4.1.Final.jar:6.4.1.Final]
	at org.hibernate.jpa.boot.internal.EntityManagerFactoryBuilderImpl.build(EntityManagerFactoryBuilderImpl.java:1507) ~[hibernate-core-6.4.1.Final.jar:6.4.1.Final]
	at org.springframework.orm.jpa.vendor.SpringHibernateJpaPersistenceProvider.createContainerEntityManagerFactory(SpringHibernateJpaPersistenceProvider.java:75) ~[spring-orm-6.1.3.jar:6.1.3]
	at org.springframework.orm.jpa.LocalContainerEntityManagerFactoryBean.createNativeEntityManagerFactory(LocalContainerEntityManagerFactoryBean.java:376) ~[spring-orm-6.1.3.jar:6.1.3]
	at org.springframework.orm.jpa.AbstractEntityManagerFactoryBean.buildNativeEntityManagerFactory(AbstractEntityManagerFactoryBean.java:409) ~[spring-orm-6.1.3.jar:6.1.3]
	at org.springframework.orm.jpa.AbstractEntityManagerFactoryBean.afterPropertiesSet(AbstractEntityManagerFactoryBean.java:396) ~[spring-orm-6.1.3.jar:6.1.3]
	at org.springframework.orm.jpa.LocalContainerEntityManagerFactoryBean.afterPropertiesSet(LocalContainerEntityManagerFactoryBean.java:352) ~[spring-orm-6.1.3.jar:6.1.3]
	at org.springframework.beans.factory.support.AbstractAutowireCapableBeanFactory.invokeInitMethods(AbstractAutowireCapableBeanFactory.java:1820) ~[spring-beans-6.1.3.jar:6.1.3]
	at org.springframework.beans.factory.support.AbstractAutowireCapableBeanFactory.initializeBean(AbstractAutowireCapableBeanFactory.java:1769) ~[spring-beans-6.1.3.jar:6.1.3]
	at org.springframework.beans.factory.support.AbstractAutowireCapableBeanFactory.doCreateBean(AbstractAutowireCapableBeanFactory.java:599) ~[spring-beans-6.1.3.jar:6.1.3]
	at org.springframework.beans.factory.support.AbstractAutowireCapableBeanFactory.createBean(AbstractAutowireCapableBeanFactory.java:521) ~[spring-beans-6.1.3.jar:6.1.3]
	at org.springframework.beans.factory.support.AbstractBeanFactory.lambda$doGetBean$0(AbstractBeanFactory.java:325) ~[spring-beans-6.1.3.jar:6.1.3]
	at org.springframework.beans.factory.support.DefaultSingletonBeanRegistry.getSingleton(DefaultSingletonBeanRegistry.java:234) ~[spring-beans-6.1.3.jar:6.1.3]
	at org.springframework.beans.factory.support.AbstractBeanFactory.doGetBean(AbstractBeanFactory.java:323) ~[spring-beans-6.1.3.jar:6.1.3]
	at org.springframework.beans.factory.support.AbstractBeanFactory.getBean(AbstractBeanFactory.java:199) ~[spring-beans-6.1.3.jar:6.1.3]
	at org.springframework.context.support.AbstractApplicationContext.getBean(AbstractApplicationContext.java:1231) ~[spring-context-6.1.3.jar:6.1.3]
	at org.springframework.context.support.AbstractApplicationContext.finishBeanFactoryInitialization(AbstractApplicationContext.java:949) ~[spring-context-6.1.3.jar:6.1.3]
	at org.springframework.context.support.AbstractApplicationContext.refresh(AbstractApplicationContext.java:624) ~[spring-context-6.1.3.jar:6.1.3]
	at org.springframework.boot.SpringApplication.refresh(SpringApplication.java:754) ~[spring-boot-3.2.2.jar:3.2.2]
	at org.springframework.boot.SpringApplication.refreshContext(SpringApplication.java:456) ~[spring-boot-3.2.2.jar:3.2.2]
	at org.springframework.boot.SpringApplication.run(SpringApplication.java:334) ~[spring-boot-3.2.2.jar:3.2.2]
	at org.springframework.boot.test.context.SpringBootContextLoader.lambda$loadContext$3(SpringBootContextLoader.java:137) ~[spring-boot-test-3.2.2.jar:3.2.2]
	at org.springframework.util.function.ThrowingSupplier.get(ThrowingSupplier.java:58) ~[spring-core-6.1.3.jar:6.1.3]
	at org.springframework.util.function.ThrowingSupplier.get(ThrowingSupplier.java:46) ~[spring-core-6.1.3.jar:6.1.3]
	at org.springframework.boot.SpringApplication.withHook(SpringApplication.java:1454) ~[spring-boot-3.2.2.jar:3.2.2]
	at org.springframework.boot.test.context.SpringBootContextLoader$ContextLoaderHook.run(SpringBootContextLoader.java:552) ~[spring-boot-test-3.2.2.jar:3.2.2]
	at org.springframework.boot.test.context.SpringBootContextLoader.loadContext(SpringBootContextLoader.java:137) ~[spring-boot-test-3.2.2.jar:3.2.2]
	at org.springframework.boot.test.context.SpringBootContextLoader.loadContext(SpringBootContextLoader.java:108) ~[spring-boot-test-3.2.2.jar:3.2.2]
	at org.springframework.test.context.cache.DefaultCacheAwareContextLoaderDelegate.loadContextInternal(DefaultCacheAwareContextLoaderDelegate.java:225) ~[spring-test-6.1.3.jar:6.1.3]
	at org.springframework.test.context.cache.DefaultCacheAwareContextLoaderDelegate.loadContext(DefaultCacheAwareContextLoaderDelegate.java:152) ~[spring-test-6.1.3.jar:6.1.3]
	at org.springframework.test.context.support.DefaultTestContext.getApplicationContext(DefaultTestContext.java:130) ~[spring-test-6.1.3.jar:6.1.3]
	at org.springframework.test.context.web.ServletTestExecutionListener.setUpRequestContextIfNecessary(ServletTestExecutionListener.java:191) ~[spring-test-6.1.3.jar:6.1.3]
	at org.springframework.test.context.web.ServletTestExecutionListener.prepareTestInstance(ServletTestExecutionListener.java:130) ~[spring-test-6.1.3.jar:6.1.3]
	at org.springframework.test.context.TestContextManager.prepareTestInstance(TestContextManager.java:260) ~[spring-test-6.1.3.jar:6.1.3]
	at org.springframework.test.context.junit.jupiter.SpringExtension.postProcessTestInstance(SpringExtension.java:163) ~[spring-test-6.1.3.jar:6.1.3]
	at org.junit.jupiter.engine.descriptor.ClassBasedTestDescriptor.lambda$invokeTestInstancePostProcessors$10(ClassBasedTestDescriptor.java:378) ~[junit-jupiter-engine-5.10.1.jar:5.10.1]
	at org.junit.jupiter.engine.descriptor.ClassBasedTestDescriptor.executeAndMaskThrowable(ClassBasedTestDescriptor.java:383) ~[junit-jupiter-engine-5.10.1.jar:5.10.1]
	at org.junit.jupiter.engine.descriptor.ClassBasedTestDescriptor.lambda$invokeTestInstancePostProcessors$11(ClassBasedTestDescriptor.java:378) ~[junit-jupiter-engine-5.10.1.jar:5.10.1]
	at java.base/java.util.stream.ReferencePipeline$3$1.accept(ReferencePipeline.java:197) ~[na:na]
	at java.base/java.util.stream.ReferencePipeline$2$1.accept(ReferencePipeline.java:179) ~[na:na]
	at java.base/java.util.ArrayList$ArrayListSpliterator.forEachRemaining(ArrayList.java:1625) ~[na:na]
	at java.base/java.util.stream.AbstractPipeline.copyInto(AbstractPipeline.java:509) ~[na:na]
	at java.base/java.util.stream.AbstractPipeline.wrapAndCopyInto(AbstractPipeline.java:499) ~[na:na]
	at java.base/java.util.stream.StreamSpliterators$WrappingSpliterator.forEachRemaining(StreamSpliterators.java:310) ~[na:na]
	at java.base/java.util.stream.Streams$ConcatSpliterator.forEachRemaining(Streams.java:735) ~[na:na]
	at java.base/java.util.stream.Streams$ConcatSpliterator.forEachRemaining(Streams.java:734) ~[na:na]
	at java.base/java.util.stream.ReferencePipeline$Head.forEach(ReferencePipeline.java:762) ~[na:na]
	at org.junit.jupiter.engine.descriptor.ClassBasedTestDescriptor.invokeTestInstancePostProcessors(ClassBasedTestDescriptor.java:377) ~[junit-jupiter-engine-5.10.1.jar:5.10.1]
	at org.junit.jupiter.engine.descriptor.ClassBasedTestDescriptor.lambda$instantiateAndPostProcessTestInstance$6(ClassBasedTestDescriptor.java:290) ~[junit-jupiter-engine-5.10.1.jar:5.10.1]
	at org.junit.platform.engine.support.hierarchical.ThrowableCollector.execute(ThrowableCollector.java:73) ~[junit-platform-engine-1.10.1.jar:1.10.1]
	at org.junit.jupiter.engine.descriptor.ClassBasedTestDescriptor.instantiateAndPostProcessTestInstance(ClassBasedTestDescriptor.java:289) ~[junit-jupiter-engine-5.10.1.jar:5.10.1]
	at org.junit.jupiter.engine.descriptor.ClassBasedTestDescriptor.lambda$testInstancesProvider$4(ClassBasedTestDescriptor.java:279) ~[junit-jupiter-engine-5.10.1.jar:5.10.1]
	at java.base/java.util.Optional.orElseGet(Optional.java:364) ~[na:na]
	at org.junit.jupiter.engine.descriptor.ClassBasedTestDescriptor.lambda$testInstancesProvider$5(ClassBasedTestDescriptor.java:278) ~[junit-jupiter-engine-5.10.1.jar:5.10.1]
	at org.junit.jupiter.engine.execution.TestInstancesProvider.getTestInstances(TestInstancesProvider.java:31) ~[junit-jupiter-engine-5.10.1.jar:5.10.1]
	at org.junit.jupiter.engine.descriptor.TestMethodTestDescriptor.lambda$prepare$0(TestMethodTestDescriptor.java:106) ~[junit-jupiter-engine-5.10.1.jar:5.10.1]
	at org.junit.platform.engine.support.hierarchical.ThrowableCollector.execute(ThrowableCollector.java:73) ~[junit-platform-engine-1.10.1.jar:1.10.1]
	at org.junit.jupiter.engine.descriptor.TestMethodTestDescriptor.prepare(TestMethodTestDescriptor.java:105) ~[junit-jupiter-engine-5.10.1.jar:5.10.1]
	at org.junit.jupiter.engine.descriptor.TestMethodTestDescriptor.prepare(TestMethodTestDescriptor.java:69) ~[junit-jupiter-engine-5.10.1.jar:5.10.1]
	at org.junit.platform.engine.support.hierarchical.NodeTestTask.lambda$prepare$2(NodeTestTask.java:123) ~[junit-platform-engine-1.10.1.jar:1.10.1]
	at org.junit.platform.engine.support.hierarchical.ThrowableCollector.execute(ThrowableCollector.java:73) ~[junit-platform-engine-1.10.1.jar:1.10.1]
	at org.junit.platform.engine.support.hierarchical.NodeTestTask.prepare(NodeTestTask.java:123) ~[junit-platform-engine-1.10.1.jar:1.10.1]
	at org.junit.platform.engine.support.hierarchical.NodeTestTask.execute(NodeTestTask.java:90) ~[junit-platform-engine-1.10.1.jar:1.10.1]
	at java.base/java.util.ArrayList.forEach(ArrayList.java:1511) ~[na:na]
	at org.junit.platform.engine.support.hierarchical.SameThreadHierarchicalTestExecutorService.invokeAll(SameThreadHierarchicalTestExecutorService.java:41) ~[junit-platform-engine-1.10.1.jar:1.10.1]
	at org.junit.platform.engine.support.hierarchical.NodeTestTask.lambda$executeRecursively$6(NodeTestTask.java:155) ~[junit-platform-engine-1.10.1.jar:1.10.1]
	at org.junit.platform.engine.support.hierarchical.ThrowableCollector.execute(ThrowableCollector.java:73) ~[junit-platform-engine-1.10.1.jar:1.10.1]
	at org.junit.platform.engine.support.hierarchical.NodeTestTask.lambda$executeRecursively$8(NodeTestTask.java:141) ~[junit-platform-engine-1.10.1.jar:1.10.1]
	at org.junit.platform.engine.support.hierarchical.Node.around(Node.java:137) ~[junit-platform-engine-1.10.1.jar:1.10.1]
	at org.junit.platform.engine.support.hierarchical.NodeTestTask.lambda$executeRecursively$9(NodeTestTask.java:139) ~[junit-platform-engine-1.10.1.jar:1.10.1]
	at org.junit.platform.engine.support.hierarchical.ThrowableCollector.execute(ThrowableCollector.java:73) ~[junit-platform-engine-1.10.1.jar:1.10.1]
	at org.junit.platform.engine.support.hierarchical.NodeTestTask.executeRecursively(NodeTestTask.java:138) ~[junit-platform-engine-1.10.1.jar:1.10.1]
	at org.junit.platform.engine.support.hierarchical.NodeTestTask.execute(NodeTestTask.java:95) ~[junit-platform-engine-1.10.1.jar:1.10.1]
	at java.base/java.util.ArrayList.forEach(ArrayList.java:1511) ~[na:na]
	at org.junit.platform.engine.support.hierarchical.SameThreadHierarchicalTestExecutorService.invokeAll(SameThreadHierarchicalTestExecutorService.java:41) ~[junit-platform-engine-1.10.1.jar:1.10.1]
	at org.junit.platform.engine.support.hierarchical.NodeTestTask.lambda$executeRecursively$6(NodeTestTask.java:155) ~[junit-platform-engine-1.10.1.jar:1.10.1]
	at org.junit.platform.engine.support.hierarchical.ThrowableCollector.execute(ThrowableCollector.java:73) ~[junit-platform-engine-1.10.1.jar:1.10.1]
	at org.junit.platform.engine.support.hierarchical.NodeTestTask.lambda$executeRecursively$8(NodeTestTask.java:141) ~[junit-platform-engine-1.10.1.jar:1.10.1]
	at org.junit.platform.engine.support.hierarchical.Node.around(Node.java:137) ~[junit-platform-engine-1.10.1.jar:1.10.1]
	at org.junit.platform.engine.support.hierarchical.NodeTestTask.lambda$executeRecursively$9(NodeTestTask.java:139) ~[junit-platform-engine-1.10.1.jar:1.10.1]
	at org.junit.platform.engine.support.hierarchical.ThrowableCollector.execute(ThrowableCollector.java:73) ~[junit-platform-engine-1.10.1.jar:1.10.1]
	at org.junit.platform.engine.support.hierarchical.NodeTestTask.executeRecursively(NodeTestTask.java:138) ~[junit-platform-engine-1.10.1.jar:1.10.1]
	at org.junit.platform.engine.support.hierarchical.NodeTestTask.execute(NodeTestTask.java:95) ~[junit-platform-engine-1.10.1.jar:1.10.1]
	at org.junit.platform.engine.support.hierarchical.SameThreadHierarchicalTestExecutorService.submit(SameThreadHierarchicalTestExecutorService.java:35) ~[junit-platform-engine-1.10.1.jar:1.10.1]
	at org.junit.platform.engine.support.hierarchical.HierarchicalTestExecutor.execute(HierarchicalTestExecutor.java:57) ~[junit-platform-engine-1.10.1.jar:1.10.1]
	at org.junit.platform.engine.support.hierarchical.HierarchicalTestEngine.execute(HierarchicalTestEngine.java:54) ~[junit-platform-engine-1.10.1.jar:1.10.1]
	at org.junit.platform.launcher.core.EngineExecutionOrchestrator.execute(EngineExecutionOrchestrator.java:198) ~[junit-platform-launcher-1.10.1.jar:1.10.1]
	at org.junit.platform.launcher.core.EngineExecutionOrchestrator.execute(EngineExecutionOrchestrator.java:169) ~[junit-platform-launcher-1.10.1.jar:1.10.1]
	at org.junit.platform.launcher.core.EngineExecutionOrchestrator.execute(EngineExecutionOrchestrator.java:93) ~[junit-platform-launcher-1.10.1.jar:1.10.1]
	at org.junit.platform.launcher.core.EngineExecutionOrchestrator.lambda$execute$0(EngineExecutionOrchestrator.java:58) ~[junit-platform-launcher-1.10.1.jar:1.10.1]
	at org.junit.platform.launcher.core.EngineExecutionOrchestrator.withInterceptedStreams(EngineExecutionOrchestrator.java:141) ~[junit-platform-launcher-1.10.1.jar:1.10.1]
	at org.junit.platform.launcher.core.EngineExecutionOrchestrator.execute(EngineExecutionOrchestrator.java:57) ~[junit-platform-launcher-1.10.1.jar:1.10.1]
	at org.junit.platform.launcher.core.DefaultLauncher.execute(DefaultLauncher.java:103) ~[junit-platform-launcher-1.10.1.jar:1.10.1]
	at org.junit.platform.launcher.core.DefaultLauncher.execute(DefaultLauncher.java:85) ~[junit-platform-launcher-1.10.1.jar:1.10.1]
	at org.junit.platform.launcher.core.DelegatingLauncher.execute(DelegatingLauncher.java:47) ~[junit-platform-launcher-1.10.1.jar:1.10.1]
	at org.apache.maven.surefire.junitplatform.LazyLauncher.execute(LazyLauncher.java:56) ~[surefire-junit-platform-3.1.2.jar:3.1.2]
	at org.apache.maven.surefire.junitplatform.JUnitPlatformProvider.execute(JUnitPlatformProvider.java:184) ~[surefire-junit-platform-3.1.2.jar:3.1.2]
	at org.apache.maven.surefire.junitplatform.JUnitPlatformProvider.invokeAllTests(JUnitPlatformProvider.java:148) ~[surefire-junit-platform-3.1.2.jar:3.1.2]
	at org.apache.maven.surefire.junitplatform.JUnitPlatformProvider.invoke(JUnitPlatformProvider.java:122) ~[surefire-junit-platform-3.1.2.jar:3.1.2]
	at org.apache.maven.surefire.booter.ForkedBooter.runSuitesInProcess(ForkedBooter.java:385) ~[surefire-booter-3.1.2.jar:3.1.2]
	at org.apache.maven.surefire.booter.ForkedBooter.execute(ForkedBooter.java:162) ~[surefire-booter-3.1.2.jar:3.1.2]
	at org.apache.maven.surefire.booter.ForkedBooter.run(ForkedBooter.java:507) ~[surefire-booter-3.1.2.jar:3.1.2]
	at org.apache.maven.surefire.booter.ForkedBooter.main(ForkedBooter.java:495) ~[surefire-booter-3.1.2.jar:3.1.2]
Caused by: java.sql.SQLSyntaxErrorException: Can't DROP 'FKeyutus9ng4fxunsxib6elbxrt'; check that column/key exists
	at com.mysql.cj.jdbc.exceptions.SQLError.createSQLException(SQLError.java:121) ~[mysql-connector-j-8.3.0.jar:8.3.0]
	at com.mysql.cj.jdbc.exceptions.SQLExceptionsMapping.translateException(SQLExceptionsMapping.java:122) ~[mysql-connector-j-8.3.0.jar:8.3.0]
	at com.mysql.cj.jdbc.StatementImpl.executeInternal(StatementImpl.java:770) ~[mysql-connector-j-8.3.0.jar:8.3.0]
	at com.mysql.cj.jdbc.StatementImpl.execute(StatementImpl.java:653) ~[mysql-connector-j-8.3.0.jar:8.3.0]
	at com.zaxxer.hikari.pool.ProxyStatement.execute(ProxyStatement.java:94) ~[HikariCP-5.0.1.jar:na]
	at com.zaxxer.hikari.pool.HikariProxyStatement.execute(HikariProxyStatement.java) ~[HikariCP-5.0.1.jar:na]
	at org.hibernate.tool.schema.internal.exec.GenerationTargetToDatabase.accept(GenerationTargetToDatabase.java:80) ~[hibernate-core-6.4.1.Final.jar:6.4.1.Final]
	... 118 common frames omitted

Hibernate: alter table opportunities drop foreign key FKhetfoouns9lskt9sq75lvt0xg
2026-03-07T22:56:45.652Z  WARN 65 --- [           main] o.h.t.s.i.ExceptionHandlerLoggedImpl     : GenerationTarget encountered exception accepting command : Error executing DDL "alter table opportunities drop foreign key FKhetfoouns9lskt9sq75lvt0xg" via JDBC [Can't DROP 'FKhetfoouns9lskt9sq75lvt0xg'; check that column/key exists]

org.hibernate.tool.schema.spi.CommandAcceptanceException: Error executing DDL "alter table opportunities drop foreign key FKhetfoouns9lskt9sq75lvt0xg" via JDBC [Can't DROP 'FKhetfoouns9lskt9sq75lvt0xg'; check that column/key exists]
	at org.hibernate.tool.schema.internal.exec.GenerationTargetToDatabase.accept(GenerationTargetToDatabase.java:94) ~[hibernate-core-6.4.1.Final.jar:6.4.1.Final]
	at org.hibernate.tool.schema.internal.Helper.applySqlString(Helper.java:233) ~[hibernate-core-6.4.1.Final.jar:6.4.1.Final]
	at org.hibernate.tool.schema.internal.Helper.applySqlStrings(Helper.java:217) ~[hibernate-core-6.4.1.Final.jar:6.4.1.Final]
	at org.hibernate.tool.schema.internal.SchemaDropperImpl.applyConstraintDropping(SchemaDropperImpl.java:470) ~[hibernate-core-6.4.1.Final.jar:6.4.1.Final]
	at org.hibernate.tool.schema.internal.SchemaDropperImpl.dropConstraintsTablesSequences(SchemaDropperImpl.java:242) ~[hibernate-core-6.4.1.Final.jar:6.4.1.Final]
	at org.hibernate.tool.schema.internal.SchemaDropperImpl.dropFromMetadata(SchemaDropperImpl.java:215) ~[hibernate-core-6.4.1.Final.jar:6.4.1.Final]
	at org.hibernate.tool.schema.internal.SchemaDropperImpl.performDrop(SchemaDropperImpl.java:185) ~[hibernate-core-6.4.1.Final.jar:6.4.1.Final]
	at org.hibernate.tool.schema.internal.SchemaDropperImpl.doDrop(SchemaDropperImpl.java:155) ~[hibernate-core-6.4.1.Final.jar:6.4.1.Final]
	at org.hibernate.tool.schema.internal.SchemaDropperImpl.doDrop(SchemaDropperImpl.java:115) ~[hibernate-core-6.4.1.Final.jar:6.4.1.Final]
	at org.hibernate.tool.schema.spi.SchemaManagementToolCoordinator.performDatabaseAction(SchemaManagementToolCoordinator.java:244) ~[hibernate-core-6.4.1.Final.jar:6.4.1.Final]
	at org.hibernate.tool.schema.spi.SchemaManagementToolCoordinator.lambda$process$5(SchemaManagementToolCoordinator.java:145) ~[hibernate-core-6.4.1.Final.jar:6.4.1.Final]
	at java.base/java.util.HashMap.forEach(HashMap.java:1421) ~[na:na]
	at org.hibernate.tool.schema.spi.SchemaManagementToolCoordinator.process(SchemaManagementToolCoordinator.java:142) ~[hibernate-core-6.4.1.Final.jar:6.4.1.Final]
	at org.hibernate.boot.internal.SessionFactoryObserverForSchemaExport.sessionFactoryCreated(SessionFactoryObserverForSchemaExport.java:37) ~[hibernate-core-6.4.1.Final.jar:6.4.1.Final]
	at org.hibernate.internal.SessionFactoryObserverChain.sessionFactoryCreated(SessionFactoryObserverChain.java:35) ~[hibernate-core-6.4.1.Final.jar:6.4.1.Final]
	at org.hibernate.internal.SessionFactoryImpl.<init>(SessionFactoryImpl.java:315) ~[hibernate-core-6.4.1.Final.jar:6.4.1.Final]
	at org.hibernate.boot.internal.SessionFactoryBuilderImpl.build(SessionFactoryBuilderImpl.java:450) ~[hibernate-core-6.4.1.Final.jar:6.4.1.Final]
	at org.hibernate.jpa.boot.internal.EntityManagerFactoryBuilderImpl.build(EntityManagerFactoryBuilderImpl.java:1507) ~[hibernate-core-6.4.1.Final.jar:6.4.1.Final]
	at org.springframework.orm.jpa.vendor.SpringHibernateJpaPersistenceProvider.createContainerEntityManagerFactory(SpringHibernateJpaPersistenceProvider.java:75) ~[spring-orm-6.1.3.jar:6.1.3]
	at org.springframework.orm.jpa.LocalContainerEntityManagerFactoryBean.createNativeEntityManagerFactory(LocalContainerEntityManagerFactoryBean.java:376) ~[spring-orm-6.1.3.jar:6.1.3]
	at org.springframework.orm.jpa.AbstractEntityManagerFactoryBean.buildNativeEntityManagerFactory(AbstractEntityManagerFactoryBean.java:409) ~[spring-orm-6.1.3.jar:6.1.3]
	at org.springframework.orm.jpa.AbstractEntityManagerFactoryBean.afterPropertiesSet(AbstractEntityManagerFactoryBean.java:396) ~[spring-orm-6.1.3.jar:6.1.3]
	at org.springframework.orm.jpa.LocalContainerEntityManagerFactoryBean.afterPropertiesSet(LocalContainerEntityManagerFactoryBean.java:352) ~[spring-orm-6.1.3.jar:6.1.3]
	at org.springframework.beans.factory.support.AbstractAutowireCapableBeanFactory.invokeInitMethods(AbstractAutowireCapableBeanFactory.java:1820) ~[spring-beans-6.1.3.jar:6.1.3]
	at org.springframework.beans.factory.support.AbstractAutowireCapableBeanFactory.initializeBean(AbstractAutowireCapableBeanFactory.java:1769) ~[spring-beans-6.1.3.jar:6.1.3]
	at org.springframework.beans.factory.support.AbstractAutowireCapableBeanFactory.doCreateBean(AbstractAutowireCapableBeanFactory.java:599) ~[spring-beans-6.1.3.jar:6.1.3]
	at org.springframework.beans.factory.support.AbstractAutowireCapableBeanFactory.createBean(AbstractAutowireCapableBeanFactory.java:521) ~[spring-beans-6.1.3.jar:6.1.3]
	at org.springframework.beans.factory.support.AbstractBeanFactory.lambda$doGetBean$0(AbstractBeanFactory.java:325) ~[spring-beans-6.1.3.jar:6.1.3]
	at org.springframework.beans.factory.support.DefaultSingletonBeanRegistry.getSingleton(DefaultSingletonBeanRegistry.java:234) ~[spring-beans-6.1.3.jar:6.1.3]
	at org.springframework.beans.factory.support.AbstractBeanFactory.doGetBean(AbstractBeanFactory.java:323) ~[spring-beans-6.1.3.jar:6.1.3]
	at org.springframework.beans.factory.support.AbstractBeanFactory.getBean(AbstractBeanFactory.java:199) ~[spring-beans-6.1.3.jar:6.1.3]
	at org.springframework.context.support.AbstractApplicationContext.getBean(AbstractApplicationContext.java:1231) ~[spring-context-6.1.3.jar:6.1.3]
	at org.springframework.context.support.AbstractApplicationContext.finishBeanFactoryInitialization(AbstractApplicationContext.java:949) ~[spring-context-6.1.3.jar:6.1.3]
	at org.springframework.context.support.AbstractApplicationContext.refresh(AbstractApplicationContext.java:624) ~[spring-context-6.1.3.jar:6.1.3]
	at org.springframework.boot.SpringApplication.refresh(SpringApplication.java:754) ~[spring-boot-3.2.2.jar:3.2.2]
	at org.springframework.boot.SpringApplication.refreshContext(SpringApplication.java:456) ~[spring-boot-3.2.2.jar:3.2.2]
	at org.springframework.boot.SpringApplication.run(SpringApplication.java:334) ~[spring-boot-3.2.2.jar:3.2.2]
	at org.springframework.boot.test.context.SpringBootContextLoader.lambda$loadContext$3(SpringBootContextLoader.java:137) ~[spring-boot-test-3.2.2.jar:3.2.2]
	at org.springframework.util.function.ThrowingSupplier.get(ThrowingSupplier.java:58) ~[spring-core-6.1.3.jar:6.1.3]
	at org.springframework.util.function.ThrowingSupplier.get(ThrowingSupplier.java:46) ~[spring-core-6.1.3.jar:6.1.3]
	at org.springframework.boot.SpringApplication.withHook(SpringApplication.java:1454) ~[spring-boot-3.2.2.jar:3.2.2]
	at org.springframework.boot.test.context.SpringBootContextLoader$ContextLoaderHook.run(SpringBootContextLoader.java:552) ~[spring-boot-test-3.2.2.jar:3.2.2]
	at org.springframework.boot.test.context.SpringBootContextLoader.loadContext(SpringBootContextLoader.java:137) ~[spring-boot-test-3.2.2.jar:3.2.2]
	at org.springframework.boot.test.context.SpringBootContextLoader.loadContext(SpringBootContextLoader.java:108) ~[spring-boot-test-3.2.2.jar:3.2.2]
	at org.springframework.test.context.cache.DefaultCacheAwareContextLoaderDelegate.loadContextInternal(DefaultCacheAwareContextLoaderDelegate.java:225) ~[spring-test-6.1.3.jar:6.1.3]
	at org.springframework.test.context.cache.DefaultCacheAwareContextLoaderDelegate.loadContext(DefaultCacheAwareContextLoaderDelegate.java:152) ~[spring-test-6.1.3.jar:6.1.3]
	at org.springframework.test.context.support.DefaultTestContext.getApplicationContext(DefaultTestContext.java:130) ~[spring-test-6.1.3.jar:6.1.3]
	at org.springframework.test.context.web.ServletTestExecutionListener.setUpRequestContextIfNecessary(ServletTestExecutionListener.java:191) ~[spring-test-6.1.3.jar:6.1.3]
	at org.springframework.test.context.web.ServletTestExecutionListener.prepareTestInstance(ServletTestExecutionListener.java:130) ~[spring-test-6.1.3.jar:6.1.3]
	at org.springframework.test.context.TestContextManager.prepareTestInstance(TestContextManager.java:260) ~[spring-test-6.1.3.jar:6.1.3]
	at org.springframework.test.context.junit.jupiter.SpringExtension.postProcessTestInstance(SpringExtension.java:163) ~[spring-test-6.1.3.jar:6.1.3]
	at org.junit.jupiter.engine.descriptor.ClassBasedTestDescriptor.lambda$invokeTestInstancePostProcessors$10(ClassBasedTestDescriptor.java:378) ~[junit-jupiter-engine-5.10.1.jar:5.10.1]
	at org.junit.jupiter.engine.descriptor.ClassBasedTestDescriptor.executeAndMaskThrowable(ClassBasedTestDescriptor.java:383) ~[junit-jupiter-engine-5.10.1.jar:5.10.1]
	at org.junit.jupiter.engine.descriptor.ClassBasedTestDescriptor.lambda$invokeTestInstancePostProcessors$11(ClassBasedTestDescriptor.java:378) ~[junit-jupiter-engine-5.10.1.jar:5.10.1]
	at java.base/java.util.stream.ReferencePipeline$3$1.accept(ReferencePipeline.java:197) ~[na:na]
	at java.base/java.util.stream.ReferencePipeline$2$1.accept(ReferencePipeline.java:179) ~[na:na]
	at java.base/java.util.ArrayList$ArrayListSpliterator.forEachRemaining(ArrayList.java:1625) ~[na:na]
	at java.base/java.util.stream.AbstractPipeline.copyInto(AbstractPipeline.java:509) ~[na:na]
	at java.base/java.util.stream.AbstractPipeline.wrapAndCopyInto(AbstractPipeline.java:499) ~[na:na]
	at java.base/java.util.stream.StreamSpliterators$WrappingSpliterator.forEachRemaining(StreamSpliterators.java:310) ~[na:na]
	at java.base/java.util.stream.Streams$ConcatSpliterator.forEachRemaining(Streams.java:735) ~[na:na]
	at java.base/java.util.stream.Streams$ConcatSpliterator.forEachRemaining(Streams.java:734) ~[na:na]
	at java.base/java.util.stream.ReferencePipeline$Head.forEach(ReferencePipeline.java:762) ~[na:na]
	at org.junit.jupiter.engine.descriptor.ClassBasedTestDescriptor.invokeTestInstancePostProcessors(ClassBasedTestDescriptor.java:377) ~[junit-jupiter-engine-5.10.1.jar:5.10.1]
	at org.junit.jupiter.engine.descriptor.ClassBasedTestDescriptor.lambda$instantiateAndPostProcessTestInstance$6(ClassBasedTestDescriptor.java:290) ~[junit-jupiter-engine-5.10.1.jar:5.10.1]
	at org.junit.platform.engine.support.hierarchical.ThrowableCollector.execute(ThrowableCollector.java:73) ~[junit-platform-engine-1.10.1.jar:1.10.1]
	at org.junit.jupiter.engine.descriptor.ClassBasedTestDescriptor.instantiateAndPostProcessTestInstance(ClassBasedTestDescriptor.java:289) ~[junit-jupiter-engine-5.10.1.jar:5.10.1]
	at org.junit.jupiter.engine.descriptor.ClassBasedTestDescriptor.lambda$testInstancesProvider$4(ClassBasedTestDescriptor.java:279) ~[junit-jupiter-engine-5.10.1.jar:5.10.1]
	at java.base/java.util.Optional.orElseGet(Optional.java:364) ~[na:na]
	at org.junit.jupiter.engine.descriptor.ClassBasedTestDescriptor.lambda$testInstancesProvider$5(ClassBasedTestDescriptor.java:278) ~[junit-jupiter-engine-5.10.1.jar:5.10.1]
	at org.junit.jupiter.engine.execution.TestInstancesProvider.getTestInstances(TestInstancesProvider.java:31) ~[junit-jupiter-engine-5.10.1.jar:5.10.1]
	at org.junit.jupiter.engine.descriptor.TestMethodTestDescriptor.lambda$prepare$0(TestMethodTestDescriptor.java:106) ~[junit-jupiter-engine-5.10.1.jar:5.10.1]
	at org.junit.platform.engine.support.hierarchical.ThrowableCollector.execute(ThrowableCollector.java:73) ~[junit-platform-engine-1.10.1.jar:1.10.1]
	at org.junit.jupiter.engine.descriptor.TestMethodTestDescriptor.prepare(TestMethodTestDescriptor.java:105) ~[junit-jupiter-engine-5.10.1.jar:5.10.1]
	at org.junit.jupiter.engine.descriptor.TestMethodTestDescriptor.prepare(TestMethodTestDescriptor.java:69) ~[junit-jupiter-engine-5.10.1.jar:5.10.1]
	at org.junit.platform.engine.support.hierarchical.NodeTestTask.lambda$prepare$2(NodeTestTask.java:123) ~[junit-platform-engine-1.10.1.jar:1.10.1]
	at org.junit.platform.engine.support.hierarchical.ThrowableCollector.execute(ThrowableCollector.java:73) ~[junit-platform-engine-1.10.1.jar:1.10.1]
	at org.junit.platform.engine.support.hierarchical.NodeTestTask.prepare(NodeTestTask.java:123) ~[junit-platform-engine-1.10.1.jar:1.10.1]
	at org.junit.platform.engine.support.hierarchical.NodeTestTask.execute(NodeTestTask.java:90) ~[junit-platform-engine-1.10.1.jar:1.10.1]
	at java.base/java.util.ArrayList.forEach(ArrayList.java:1511) ~[na:na]
	at org.junit.platform.engine.support.hierarchical.SameThreadHierarchicalTestExecutorService.invokeAll(SameThreadHierarchicalTestExecutorService.java:41) ~[junit-platform-engine-1.10.1.jar:1.10.1]
	at org.junit.platform.engine.support.hierarchical.NodeTestTask.lambda$executeRecursively$6(NodeTestTask.java:155) ~[junit-platform-engine-1.10.1.jar:1.10.1]
	at org.junit.platform.engine.support.hierarchical.ThrowableCollector.execute(ThrowableCollector.java:73) ~[junit-platform-engine-1.10.1.jar:1.10.1]
	at org.junit.platform.engine.support.hierarchical.NodeTestTask.lambda$executeRecursively$8(NodeTestTask.java:141) ~[junit-platform-engine-1.10.1.jar:1.10.1]
	at org.junit.platform.engine.support.hierarchical.Node.around(Node.java:137) ~[junit-platform-engine-1.10.1.jar:1.10.1]
	at org.junit.platform.engine.support.hierarchical.NodeTestTask.lambda$executeRecursively$9(NodeTestTask.java:139) ~[junit-platform-engine-1.10.1.jar:1.10.1]
	at org.junit.platform.engine.support.hierarchical.ThrowableCollector.execute(ThrowableCollector.java:73) ~[junit-platform-engine-1.10.1.jar:1.10.1]
	at org.junit.platform.engine.support.hierarchical.NodeTestTask.executeRecursively(NodeTestTask.java:138) ~[junit-platform-engine-1.10.1.jar:1.10.1]
	at org.junit.platform.engine.support.hierarchical.NodeTestTask.execute(NodeTestTask.java:95) ~[junit-platform-engine-1.10.1.jar:1.10.1]
	at java.base/java.util.ArrayList.forEach(ArrayList.java:1511) ~[na:na]
	at org.junit.platform.engine.support.hierarchical.SameThreadHierarchicalTestExecutorService.invokeAll(SameThreadHierarchicalTestExecutorService.java:41) ~[junit-platform-engine-1.10.1.jar:1.10.1]
	at org.junit.platform.engine.support.hierarchical.NodeTestTask.lambda$executeRecursively$6(NodeTestTask.java:155) ~[junit-platform-engine-1.10.1.jar:1.10.1]
	at org.junit.platform.engine.support.hierarchical.ThrowableCollector.execute(ThrowableCollector.java:73) ~[junit-platform-engine-1.10.1.jar:1.10.1]
	at org.junit.platform.engine.support.hierarchical.NodeTestTask.lambda$executeRecursively$8(NodeTestTask.java:141) ~[junit-platform-engine-1.10.1.jar:1.10.1]
	at org.junit.platform.engine.support.hierarchical.Node.around(Node.java:137) ~[junit-platform-engine-1.10.1.jar:1.10.1]
	at org.junit.platform.engine.support.hierarchical.NodeTestTask.lambda$executeRecursively$9(NodeTestTask.java:139) ~[junit-platform-engine-1.10.1.jar:1.10.1]
	at org.junit.platform.engine.support.hierarchical.ThrowableCollector.execute(ThrowableCollector.java:73) ~[junit-platform-engine-1.10.1.jar:1.10.1]
	at org.junit.platform.engine.support.hierarchical.NodeTestTask.executeRecursively(NodeTestTask.java:138) ~[junit-platform-engine-1.10.1.jar:1.10.1]
	at org.junit.platform.engine.support.hierarchical.NodeTestTask.execute(NodeTestTask.java:95) ~[junit-platform-engine-1.10.1.jar:1.10.1]
	at org.junit.platform.engine.support.hierarchical.SameThreadHierarchicalTestExecutorService.submit(SameThreadHierarchicalTestExecutorService.java:35) ~[junit-platform-engine-1.10.1.jar:1.10.1]
	at org.junit.platform.engine.support.hierarchical.HierarchicalTestExecutor.execute(HierarchicalTestExecutor.java:57) ~[junit-platform-engine-1.10.1.jar:1.10.1]
	at org.junit.platform.engine.support.hierarchical.HierarchicalTestEngine.execute(HierarchicalTestEngine.java:54) ~[junit-platform-engine-1.10.1.jar:1.10.1]
	at org.junit.platform.launcher.core.EngineExecutionOrchestrator.execute(EngineExecutionOrchestrator.java:198) ~[junit-platform-launcher-1.10.1.jar:1.10.1]
	at org.junit.platform.launcher.core.EngineExecutionOrchestrator.execute(EngineExecutionOrchestrator.java:169) ~[junit-platform-launcher-1.10.1.jar:1.10.1]
	at org.junit.platform.launcher.core.EngineExecutionOrchestrator.execute(EngineExecutionOrchestrator.java:93) ~[junit-platform-launcher-1.10.1.jar:1.10.1]
	at org.junit.platform.launcher.core.EngineExecutionOrchestrator.lambda$execute$0(EngineExecutionOrchestrator.java:58) ~[junit-platform-launcher-1.10.1.jar:1.10.1]
	at org.junit.platform.launcher.core.EngineExecutionOrchestrator.withInterceptedStreams(EngineExecutionOrchestrator.java:141) ~[junit-platform-launcher-1.10.1.jar:1.10.1]
	at org.junit.platform.launcher.core.EngineExecutionOrchestrator.execute(EngineExecutionOrchestrator.java:57) ~[junit-platform-launcher-1.10.1.jar:1.10.1]
	at org.junit.platform.launcher.core.DefaultLauncher.execute(DefaultLauncher.java:103) ~[junit-platform-launcher-1.10.1.jar:1.10.1]
	at org.junit.platform.launcher.core.DefaultLauncher.execute(DefaultLauncher.java:85) ~[junit-platform-launcher-1.10.1.jar:1.10.1]
	at org.junit.platform.launcher.core.DelegatingLauncher.execute(DelegatingLauncher.java:47) ~[junit-platform-launcher-1.10.1.jar:1.10.1]
	at org.apache.maven.surefire.junitplatform.LazyLauncher.execute(LazyLauncher.java:56) ~[surefire-junit-platform-3.1.2.jar:3.1.2]
	at org.apache.maven.surefire.junitplatform.JUnitPlatformProvider.execute(JUnitPlatformProvider.java:184) ~[surefire-junit-platform-3.1.2.jar:3.1.2]
	at org.apache.maven.surefire.junitplatform.JUnitPlatformProvider.invokeAllTests(JUnitPlatformProvider.java:148) ~[surefire-junit-platform-3.1.2.jar:3.1.2]
	at org.apache.maven.surefire.junitplatform.JUnitPlatformProvider.invoke(JUnitPlatformProvider.java:122) ~[surefire-junit-platform-3.1.2.jar:3.1.2]
	at org.apache.maven.surefire.booter.ForkedBooter.runSuitesInProcess(ForkedBooter.java:385) ~[surefire-booter-3.1.2.jar:3.1.2]
	at org.apache.maven.surefire.booter.ForkedBooter.execute(ForkedBooter.java:162) ~[surefire-booter-3.1.2.jar:3.1.2]
	at org.apache.maven.surefire.booter.ForkedBooter.run(ForkedBooter.java:507) ~[surefire-booter-3.1.2.jar:3.1.2]
	at org.apache.maven.surefire.booter.ForkedBooter.main(ForkedBooter.java:495) ~[surefire-booter-3.1.2.jar:3.1.2]
Caused by: java.sql.SQLSyntaxErrorException: Can't DROP 'FKhetfoouns9lskt9sq75lvt0xg'; check that column/key exists
	at com.mysql.cj.jdbc.exceptions.SQLError.createSQLException(SQLError.java:121) ~[mysql-connector-j-8.3.0.jar:8.3.0]
	at com.mysql.cj.jdbc.exceptions.SQLExceptionsMapping.translateException(SQLExceptionsMapping.java:122) ~[mysql-connector-j-8.3.0.jar:8.3.0]
	at com.mysql.cj.jdbc.StatementImpl.executeInternal(StatementImpl.java:770) ~[mysql-connector-j-8.3.0.jar:8.3.0]
	at com.mysql.cj.jdbc.StatementImpl.execute(StatementImpl.java:653) ~[mysql-connector-j-8.3.0.jar:8.3.0]
	at com.zaxxer.hikari.pool.ProxyStatement.execute(ProxyStatement.java:94) ~[HikariCP-5.0.1.jar:na]
	at com.zaxxer.hikari.pool.HikariProxyStatement.execute(HikariProxyStatement.java) ~[HikariCP-5.0.1.jar:na]
	at org.hibernate.tool.schema.internal.exec.GenerationTargetToDatabase.accept(GenerationTargetToDatabase.java:80) ~[hibernate-core-6.4.1.Final.jar:6.4.1.Final]
	... 118 common frames omitted

Hibernate: alter table refresh_tokens drop foreign key FK1lih5y2npsf8u5o3vhdb9y0os
2026-03-07T22:56:45.657Z  WARN 65 --- [           main] o.h.t.s.i.ExceptionHandlerLoggedImpl     : GenerationTarget encountered exception accepting command : Error executing DDL "alter table refresh_tokens drop foreign key FK1lih5y2npsf8u5o3vhdb9y0os" via JDBC [Can't DROP 'FK1lih5y2npsf8u5o3vhdb9y0os'; check that column/key exists]

org.hibernate.tool.schema.spi.CommandAcceptanceException: Error executing DDL "alter table refresh_tokens drop foreign key FK1lih5y2npsf8u5o3vhdb9y0os" via JDBC [Can't DROP 'FK1lih5y2npsf8u5o3vhdb9y0os'; check that column/key exists]
	at org.hibernate.tool.schema.internal.exec.GenerationTargetToDatabase.accept(GenerationTargetToDatabase.java:94) ~[hibernate-core-6.4.1.Final.jar:6.4.1.Final]
	at org.hibernate.tool.schema.internal.Helper.applySqlString(Helper.java:233) ~[hibernate-core-6.4.1.Final.jar:6.4.1.Final]
	at org.hibernate.tool.schema.internal.Helper.applySqlStrings(Helper.java:217) ~[hibernate-core-6.4.1.Final.jar:6.4.1.Final]
	at org.hibernate.tool.schema.internal.SchemaDropperImpl.applyConstraintDropping(SchemaDropperImpl.java:470) ~[hibernate-core-6.4.1.Final.jar:6.4.1.Final]
	at org.hibernate.tool.schema.internal.SchemaDropperImpl.dropConstraintsTablesSequences(SchemaDropperImpl.java:242) ~[hibernate-core-6.4.1.Final.jar:6.4.1.Final]
	at org.hibernate.tool.schema.internal.SchemaDropperImpl.dropFromMetadata(SchemaDropperImpl.java:215) ~[hibernate-core-6.4.1.Final.jar:6.4.1.Final]
	at org.hibernate.tool.schema.internal.SchemaDropperImpl.performDrop(SchemaDropperImpl.java:185) ~[hibernate-core-6.4.1.Final.jar:6.4.1.Final]
	at org.hibernate.tool.schema.internal.SchemaDropperImpl.doDrop(SchemaDropperImpl.java:155) ~[hibernate-core-6.4.1.Final.jar:6.4.1.Final]
	at org.hibernate.tool.schema.internal.SchemaDropperImpl.doDrop(SchemaDropperImpl.java:115) ~[hibernate-core-6.4.1.Final.jar:6.4.1.Final]
	at org.hibernate.tool.schema.spi.SchemaManagementToolCoordinator.performDatabaseAction(SchemaManagementToolCoordinator.java:244) ~[hibernate-core-6.4.1.Final.jar:6.4.1.Final]
	at org.hibernate.tool.schema.spi.SchemaManagementToolCoordinator.lambda$process$5(SchemaManagementToolCoordinator.java:145) ~[hibernate-core-6.4.1.Final.jar:6.4.1.Final]
	at java.base/java.util.HashMap.forEach(HashMap.java:1421) ~[na:na]
	at org.hibernate.tool.schema.spi.SchemaManagementToolCoordinator.process(SchemaManagementToolCoordinator.java:142) ~[hibernate-core-6.4.1.Final.jar:6.4.1.Final]
	at org.hibernate.boot.internal.SessionFactoryObserverForSchemaExport.sessionFactoryCreated(SessionFactoryObserverForSchemaExport.java:37) ~[hibernate-core-6.4.1.Final.jar:6.4.1.Final]
	at org.hibernate.internal.SessionFactoryObserverChain.sessionFactoryCreated(SessionFactoryObserverChain.java:35) ~[hibernate-core-6.4.1.Final.jar:6.4.1.Final]
	at org.hibernate.internal.SessionFactoryImpl.<init>(SessionFactoryImpl.java:315) ~[hibernate-core-6.4.1.Final.jar:6.4.1.Final]
	at org.hibernate.boot.internal.SessionFactoryBuilderImpl.build(SessionFactoryBuilderImpl.java:450) ~[hibernate-core-6.4.1.Final.jar:6.4.1.Final]
	at org.hibernate.jpa.boot.internal.EntityManagerFactoryBuilderImpl.build(EntityManagerFactoryBuilderImpl.java:1507) ~[hibernate-core-6.4.1.Final.jar:6.4.1.Final]
	at org.springframework.orm.jpa.vendor.SpringHibernateJpaPersistenceProvider.createContainerEntityManagerFactory(SpringHibernateJpaPersistenceProvider.java:75) ~[spring-orm-6.1.3.jar:6.1.3]
	at org.springframework.orm.jpa.LocalContainerEntityManagerFactoryBean.createNativeEntityManagerFactory(LocalContainerEntityManagerFactoryBean.java:376) ~[spring-orm-6.1.3.jar:6.1.3]
	at org.springframework.orm.jpa.AbstractEntityManagerFactoryBean.buildNativeEntityManagerFactory(AbstractEntityManagerFactoryBean.java:409) ~[spring-orm-6.1.3.jar:6.1.3]
	at org.springframework.orm.jpa.AbstractEntityManagerFactoryBean.afterPropertiesSet(AbstractEntityManagerFactoryBean.java:396) ~[spring-orm-6.1.3.jar:6.1.3]
	at org.springframework.orm.jpa.LocalContainerEntityManagerFactoryBean.afterPropertiesSet(LocalContainerEntityManagerFactoryBean.java:352) ~[spring-orm-6.1.3.jar:6.1.3]
	at org.springframework.beans.factory.support.AbstractAutowireCapableBeanFactory.invokeInitMethods(AbstractAutowireCapableBeanFactory.java:1820) ~[spring-beans-6.1.3.jar:6.1.3]
	at org.springframework.beans.factory.support.AbstractAutowireCapableBeanFactory.initializeBean(AbstractAutowireCapableBeanFactory.java:1769) ~[spring-beans-6.1.3.jar:6.1.3]
	at org.springframework.beans.factory.support.AbstractAutowireCapableBeanFactory.doCreateBean(AbstractAutowireCapableBeanFactory.java:599) ~[spring-beans-6.1.3.jar:6.1.3]
	at org.springframework.beans.factory.support.AbstractAutowireCapableBeanFactory.createBean(AbstractAutowireCapableBeanFactory.java:521) ~[spring-beans-6.1.3.jar:6.1.3]
	at org.springframework.beans.factory.support.AbstractBeanFactory.lambda$doGetBean$0(AbstractBeanFactory.java:325) ~[spring-beans-6.1.3.jar:6.1.3]
	at org.springframework.beans.factory.support.DefaultSingletonBeanRegistry.getSingleton(DefaultSingletonBeanRegistry.java:234) ~[spring-beans-6.1.3.jar:6.1.3]
	at org.springframework.beans.factory.support.AbstractBeanFactory.doGetBean(AbstractBeanFactory.java:323) ~[spring-beans-6.1.3.jar:6.1.3]
	at org.springframework.beans.factory.support.AbstractBeanFactory.getBean(AbstractBeanFactory.java:199) ~[spring-beans-6.1.3.jar:6.1.3]
	at org.springframework.context.support.AbstractApplicationContext.getBean(AbstractApplicationContext.java:1231) ~[spring-context-6.1.3.jar:6.1.3]
	at org.springframework.context.support.AbstractApplicationContext.finishBeanFactoryInitialization(AbstractApplicationContext.java:949) ~[spring-context-6.1.3.jar:6.1.3]
	at org.springframework.context.support.AbstractApplicationContext.refresh(AbstractApplicationContext.java:624) ~[spring-context-6.1.3.jar:6.1.3]
	at org.springframework.boot.SpringApplication.refresh(SpringApplication.java:754) ~[spring-boot-3.2.2.jar:3.2.2]
	at org.springframework.boot.SpringApplication.refreshContext(SpringApplication.java:456) ~[spring-boot-3.2.2.jar:3.2.2]
	at org.springframework.boot.SpringApplication.run(SpringApplication.java:334) ~[spring-boot-3.2.2.jar:3.2.2]
	at org.springframework.boot.test.context.SpringBootContextLoader.lambda$loadContext$3(SpringBootContextLoader.java:137) ~[spring-boot-test-3.2.2.jar:3.2.2]
	at org.springframework.util.function.ThrowingSupplier.get(ThrowingSupplier.java:58) ~[spring-core-6.1.3.jar:6.1.3]
	at org.springframework.util.function.ThrowingSupplier.get(ThrowingSupplier.java:46) ~[spring-core-6.1.3.jar:6.1.3]
	at org.springframework.boot.SpringApplication.withHook(SpringApplication.java:1454) ~[spring-boot-3.2.2.jar:3.2.2]
	at org.springframework.boot.test.context.SpringBootContextLoader$ContextLoaderHook.run(SpringBootContextLoader.java:552) ~[spring-boot-test-3.2.2.jar:3.2.2]
	at org.springframework.boot.test.context.SpringBootContextLoader.loadContext(SpringBootContextLoader.java:137) ~[spring-boot-test-3.2.2.jar:3.2.2]
	at org.springframework.boot.test.context.SpringBootContextLoader.loadContext(SpringBootContextLoader.java:108) ~[spring-boot-test-3.2.2.jar:3.2.2]
	at org.springframework.test.context.cache.DefaultCacheAwareContextLoaderDelegate.loadContextInternal(DefaultCacheAwareContextLoaderDelegate.java:225) ~[spring-test-6.1.3.jar:6.1.3]
	at org.springframework.test.context.cache.DefaultCacheAwareContextLoaderDelegate.loadContext(DefaultCacheAwareContextLoaderDelegate.java:152) ~[spring-test-6.1.3.jar:6.1.3]
	at org.springframework.test.context.support.DefaultTestContext.getApplicationContext(DefaultTestContext.java:130) ~[spring-test-6.1.3.jar:6.1.3]
	at org.springframework.test.context.web.ServletTestExecutionListener.setUpRequestContextIfNecessary(ServletTestExecutionListener.java:191) ~[spring-test-6.1.3.jar:6.1.3]
	at org.springframework.test.context.web.ServletTestExecutionListener.prepareTestInstance(ServletTestExecutionListener.java:130) ~[spring-test-6.1.3.jar:6.1.3]
	at org.springframework.test.context.TestContextManager.prepareTestInstance(TestContextManager.java:260) ~[spring-test-6.1.3.jar:6.1.3]
	at org.springframework.test.context.junit.jupiter.SpringExtension.postProcessTestInstance(SpringExtension.java:163) ~[spring-test-6.1.3.jar:6.1.3]
	at org.junit.jupiter.engine.descriptor.ClassBasedTestDescriptor.lambda$invokeTestInstancePostProcessors$10(ClassBasedTestDescriptor.java:378) ~[junit-jupiter-engine-5.10.1.jar:5.10.1]
	at org.junit.jupiter.engine.descriptor.ClassBasedTestDescriptor.executeAndMaskThrowable(ClassBasedTestDescriptor.java:383) ~[junit-jupiter-engine-5.10.1.jar:5.10.1]
	at org.junit.jupiter.engine.descriptor.ClassBasedTestDescriptor.lambda$invokeTestInstancePostProcessors$11(ClassBasedTestDescriptor.java:378) ~[junit-jupiter-engine-5.10.1.jar:5.10.1]
	at java.base/java.util.stream.ReferencePipeline$3$1.accept(ReferencePipeline.java:197) ~[na:na]
	at java.base/java.util.stream.ReferencePipeline$2$1.accept(ReferencePipeline.java:179) ~[na:na]
	at java.base/java.util.ArrayList$ArrayListSpliterator.forEachRemaining(ArrayList.java:1625) ~[na:na]
	at java.base/java.util.stream.AbstractPipeline.copyInto(AbstractPipeline.java:509) ~[na:na]
	at java.base/java.util.stream.AbstractPipeline.wrapAndCopyInto(AbstractPipeline.java:499) ~[na:na]
	at java.base/java.util.stream.StreamSpliterators$WrappingSpliterator.forEachRemaining(StreamSpliterators.java:310) ~[na:na]
	at java.base/java.util.stream.Streams$ConcatSpliterator.forEachRemaining(Streams.java:735) ~[na:na]
	at java.base/java.util.stream.Streams$ConcatSpliterator.forEachRemaining(Streams.java:734) ~[na:na]
	at java.base/java.util.stream.ReferencePipeline$Head.forEach(ReferencePipeline.java:762) ~[na:na]
	at org.junit.jupiter.engine.descriptor.ClassBasedTestDescriptor.invokeTestInstancePostProcessors(ClassBasedTestDescriptor.java:377) ~[junit-jupiter-engine-5.10.1.jar:5.10.1]
	at org.junit.jupiter.engine.descriptor.ClassBasedTestDescriptor.lambda$instantiateAndPostProcessTestInstance$6(ClassBasedTestDescriptor.java:290) ~[junit-jupiter-engine-5.10.1.jar:5.10.1]
	at org.junit.platform.engine.support.hierarchical.ThrowableCollector.execute(ThrowableCollector.java:73) ~[junit-platform-engine-1.10.1.jar:1.10.1]
	at org.junit.jupiter.engine.descriptor.ClassBasedTestDescriptor.instantiateAndPostProcessTestInstance(ClassBasedTestDescriptor.java:289) ~[junit-jupiter-engine-5.10.1.jar:5.10.1]
	at org.junit.jupiter.engine.descriptor.ClassBasedTestDescriptor.lambda$testInstancesProvider$4(ClassBasedTestDescriptor.java:279) ~[junit-jupiter-engine-5.10.1.jar:5.10.1]
	at java.base/java.util.Optional.orElseGet(Optional.java:364) ~[na:na]
	at org.junit.jupiter.engine.descriptor.ClassBasedTestDescriptor.lambda$testInstancesProvider$5(ClassBasedTestDescriptor.java:278) ~[junit-jupiter-engine-5.10.1.jar:5.10.1]
	at org.junit.jupiter.engine.execution.TestInstancesProvider.getTestInstances(TestInstancesProvider.java:31) ~[junit-jupiter-engine-5.10.1.jar:5.10.1]
	at org.junit.jupiter.engine.descriptor.TestMethodTestDescriptor.lambda$prepare$0(TestMethodTestDescriptor.java:106) ~[junit-jupiter-engine-5.10.1.jar:5.10.1]
	at org.junit.platform.engine.support.hierarchical.ThrowableCollector.execute(ThrowableCollector.java:73) ~[junit-platform-engine-1.10.1.jar:1.10.1]
	at org.junit.jupiter.engine.descriptor.TestMethodTestDescriptor.prepare(TestMethodTestDescriptor.java:105) ~[junit-jupiter-engine-5.10.1.jar:5.10.1]
	at org.junit.jupiter.engine.descriptor.TestMethodTestDescriptor.prepare(TestMethodTestDescriptor.java:69) ~[junit-jupiter-engine-5.10.1.jar:5.10.1]
	at org.junit.platform.engine.support.hierarchical.NodeTestTask.lambda$prepare$2(NodeTestTask.java:123) ~[junit-platform-engine-1.10.1.jar:1.10.1]
	at org.junit.platform.engine.support.hierarchical.ThrowableCollector.execute(ThrowableCollector.java:73) ~[junit-platform-engine-1.10.1.jar:1.10.1]
	at org.junit.platform.engine.support.hierarchical.NodeTestTask.prepare(NodeTestTask.java:123) ~[junit-platform-engine-1.10.1.jar:1.10.1]
	at org.junit.platform.engine.support.hierarchical.NodeTestTask.execute(NodeTestTask.java:90) ~[junit-platform-engine-1.10.1.jar:1.10.1]
	at java.base/java.util.ArrayList.forEach(ArrayList.java:1511) ~[na:na]
	at org.junit.platform.engine.support.hierarchical.SameThreadHierarchicalTestExecutorService.invokeAll(SameThreadHierarchicalTestExecutorService.java:41) ~[junit-platform-engine-1.10.1.jar:1.10.1]
	at org.junit.platform.engine.support.hierarchical.NodeTestTask.lambda$executeRecursively$6(NodeTestTask.java:155) ~[junit-platform-engine-1.10.1.jar:1.10.1]
	at org.junit.platform.engine.support.hierarchical.ThrowableCollector.execute(ThrowableCollector.java:73) ~[junit-platform-engine-1.10.1.jar:1.10.1]
	at org.junit.platform.engine.support.hierarchical.NodeTestTask.lambda$executeRecursively$8(NodeTestTask.java:141) ~[junit-platform-engine-1.10.1.jar:1.10.1]
	at org.junit.platform.engine.support.hierarchical.Node.around(Node.java:137) ~[junit-platform-engine-1.10.1.jar:1.10.1]
	at org.junit.platform.engine.support.hierarchical.NodeTestTask.lambda$executeRecursively$9(NodeTestTask.java:139) ~[junit-platform-engine-1.10.1.jar:1.10.1]
	at org.junit.platform.engine.support.hierarchical.ThrowableCollector.execute(ThrowableCollector.java:73) ~[junit-platform-engine-1.10.1.jar:1.10.1]
	at org.junit.platform.engine.support.hierarchical.NodeTestTask.executeRecursively(NodeTestTask.java:138) ~[junit-platform-engine-1.10.1.jar:1.10.1]
	at org.junit.platform.engine.support.hierarchical.NodeTestTask.execute(NodeTestTask.java:95) ~[junit-platform-engine-1.10.1.jar:1.10.1]
	at java.base/java.util.ArrayList.forEach(ArrayList.java:1511) ~[na:na]
	at org.junit.platform.engine.support.hierarchical.SameThreadHierarchicalTestExecutorService.invokeAll(SameThreadHierarchicalTestExecutorService.java:41) ~[junit-platform-engine-1.10.1.jar:1.10.1]
	at org.junit.platform.engine.support.hierarchical.NodeTestTask.lambda$executeRecursively$6(NodeTestTask.java:155) ~[junit-platform-engine-1.10.1.jar:1.10.1]
	at org.junit.platform.engine.support.hierarchical.ThrowableCollector.execute(ThrowableCollector.java:73) ~[junit-platform-engine-1.10.1.jar:1.10.1]
	at org.junit.platform.engine.support.hierarchical.NodeTestTask.lambda$executeRecursively$8(NodeTestTask.java:141) ~[junit-platform-engine-1.10.1.jar:1.10.1]
	at org.junit.platform.engine.support.hierarchical.Node.around(Node.java:137) ~[junit-platform-engine-1.10.1.jar:1.10.1]
	at org.junit.platform.engine.support.hierarchical.NodeTestTask.lambda$executeRecursively$9(NodeTestTask.java:139) ~[junit-platform-engine-1.10.1.jar:1.10.1]
	at org.junit.platform.engine.support.hierarchical.ThrowableCollector.execute(ThrowableCollector.java:73) ~[junit-platform-engine-1.10.1.jar:1.10.1]
	at org.junit.platform.engine.support.hierarchical.NodeTestTask.executeRecursively(NodeTestTask.java:138) ~[junit-platform-engine-1.10.1.jar:1.10.1]
	at org.junit.platform.engine.support.hierarchical.NodeTestTask.execute(NodeTestTask.java:95) ~[junit-platform-engine-1.10.1.jar:1.10.1]
	at org.junit.platform.engine.support.hierarchical.SameThreadHierarchicalTestExecutorService.submit(SameThreadHierarchicalTestExecutorService.java:35) ~[junit-platform-engine-1.10.1.jar:1.10.1]
	at org.junit.platform.engine.support.hierarchical.HierarchicalTestExecutor.execute(HierarchicalTestExecutor.java:57) ~[junit-platform-engine-1.10.1.jar:1.10.1]
	at org.junit.platform.engine.support.hierarchical.HierarchicalTestEngine.execute(HierarchicalTestEngine.java:54) ~[junit-platform-engine-1.10.1.jar:1.10.1]
	at org.junit.platform.launcher.core.EngineExecutionOrchestrator.execute(EngineExecutionOrchestrator.java:198) ~[junit-platform-launcher-1.10.1.jar:1.10.1]
	at org.junit.platform.launcher.core.EngineExecutionOrchestrator.execute(EngineExecutionOrchestrator.java:169) ~[junit-platform-launcher-1.10.1.jar:1.10.1]
	at org.junit.platform.launcher.core.EngineExecutionOrchestrator.execute(EngineExecutionOrchestrator.java:93) ~[junit-platform-launcher-1.10.1.jar:1.10.1]
	at org.junit.platform.launcher.core.EngineExecutionOrchestrator.lambda$execute$0(EngineExecutionOrchestrator.java:58) ~[junit-platform-launcher-1.10.1.jar:1.10.1]
	at org.junit.platform.launcher.core.EngineExecutionOrchestrator.withInterceptedStreams(EngineExecutionOrchestrator.java:141) ~[junit-platform-launcher-1.10.1.jar:1.10.1]
	at org.junit.platform.launcher.core.EngineExecutionOrchestrator.execute(EngineExecutionOrchestrator.java:57) ~[junit-platform-launcher-1.10.1.jar:1.10.1]
	at org.junit.platform.launcher.core.DefaultLauncher.execute(DefaultLauncher.java:103) ~[junit-platform-launcher-1.10.1.jar:1.10.1]
	at org.junit.platform.launcher.core.DefaultLauncher.execute(DefaultLauncher.java:85) ~[junit-platform-launcher-1.10.1.jar:1.10.1]
	at org.junit.platform.launcher.core.DelegatingLauncher.execute(DelegatingLauncher.java:47) ~[junit-platform-launcher-1.10.1.jar:1.10.1]
	at org.apache.maven.surefire.junitplatform.LazyLauncher.execute(LazyLauncher.java:56) ~[surefire-junit-platform-3.1.2.jar:3.1.2]
	at org.apache.maven.surefire.junitplatform.JUnitPlatformProvider.execute(JUnitPlatformProvider.java:184) ~[surefire-junit-platform-3.1.2.jar:3.1.2]
	at org.apache.maven.surefire.junitplatform.JUnitPlatformProvider.invokeAllTests(JUnitPlatformProvider.java:148) ~[surefire-junit-platform-3.1.2.jar:3.1.2]
	at org.apache.maven.surefire.junitplatform.JUnitPlatformProvider.invoke(JUnitPlatformProvider.java:122) ~[surefire-junit-platform-3.1.2.jar:3.1.2]
	at org.apache.maven.surefire.booter.ForkedBooter.runSuitesInProcess(ForkedBooter.java:385) ~[surefire-booter-3.1.2.jar:3.1.2]
	at org.apache.maven.surefire.booter.ForkedBooter.execute(ForkedBooter.java:162) ~[surefire-booter-3.1.2.jar:3.1.2]
	at org.apache.maven.surefire.booter.ForkedBooter.run(ForkedBooter.java:507) ~[surefire-booter-3.1.2.jar:3.1.2]
	at org.apache.maven.surefire.booter.ForkedBooter.main(ForkedBooter.java:495) ~[surefire-booter-3.1.2.jar:3.1.2]
Caused by: java.sql.SQLSyntaxErrorException: Can't DROP 'FK1lih5y2npsf8u5o3vhdb9y0os'; check that column/key exists
	at com.mysql.cj.jdbc.exceptions.SQLError.createSQLException(SQLError.java:121) ~[mysql-connector-j-8.3.0.jar:8.3.0]
	at com.mysql.cj.jdbc.exceptions.SQLExceptionsMapping.translateException(SQLExceptionsMapping.java:122) ~[mysql-connector-j-8.3.0.jar:8.3.0]
	at com.mysql.cj.jdbc.StatementImpl.executeInternal(StatementImpl.java:770) ~[mysql-connector-j-8.3.0.jar:8.3.0]
	at com.mysql.cj.jdbc.StatementImpl.execute(StatementImpl.java:653) ~[mysql-connector-j-8.3.0.jar:8.3.0]
	at com.zaxxer.hikari.pool.ProxyStatement.execute(ProxyStatement.java:94) ~[HikariCP-5.0.1.jar:na]
	at com.zaxxer.hikari.pool.HikariProxyStatement.execute(HikariProxyStatement.java) ~[HikariCP-5.0.1.jar:na]
	at org.hibernate.tool.schema.internal.exec.GenerationTargetToDatabase.accept(GenerationTargetToDatabase.java:80) ~[hibernate-core-6.4.1.Final.jar:6.4.1.Final]
	... 118 common frames omitted

Hibernate: alter table role_permissions drop foreign key FKegdk29eiy7mdtefy5c7eirr6e
2026-03-07T22:56:45.660Z  WARN 65 --- [           main] o.h.t.s.i.ExceptionHandlerLoggedImpl     : GenerationTarget encountered exception accepting command : Error executing DDL "alter table role_permissions drop foreign key FKegdk29eiy7mdtefy5c7eirr6e" via JDBC [Can't DROP 'FKegdk29eiy7mdtefy5c7eirr6e'; check that column/key exists]

org.hibernate.tool.schema.spi.CommandAcceptanceException: Error executing DDL "alter table role_permissions drop foreign key FKegdk29eiy7mdtefy5c7eirr6e" via JDBC [Can't DROP 'FKegdk29eiy7mdtefy5c7eirr6e'; check that column/key exists]
	at org.hibernate.tool.schema.internal.exec.GenerationTargetToDatabase.accept(GenerationTargetToDatabase.java:94) ~[hibernate-core-6.4.1.Final.jar:6.4.1.Final]
	at org.hibernate.tool.schema.internal.Helper.applySqlString(Helper.java:233) ~[hibernate-core-6.4.1.Final.jar:6.4.1.Final]
	at org.hibernate.tool.schema.internal.Helper.applySqlStrings(Helper.java:217) ~[hibernate-core-6.4.1.Final.jar:6.4.1.Final]
	at org.hibernate.tool.schema.internal.SchemaDropperImpl.applyConstraintDropping(SchemaDropperImpl.java:470) ~[hibernate-core-6.4.1.Final.jar:6.4.1.Final]
	at org.hibernate.tool.schema.internal.SchemaDropperImpl.dropConstraintsTablesSequences(SchemaDropperImpl.java:242) ~[hibernate-core-6.4.1.Final.jar:6.4.1.Final]
	at org.hibernate.tool.schema.internal.SchemaDropperImpl.dropFromMetadata(SchemaDropperImpl.java:215) ~[hibernate-core-6.4.1.Final.jar:6.4.1.Final]
	at org.hibernate.tool.schema.internal.SchemaDropperImpl.performDrop(SchemaDropperImpl.java:185) ~[hibernate-core-6.4.1.Final.jar:6.4.1.Final]
	at org.hibernate.tool.schema.internal.SchemaDropperImpl.doDrop(SchemaDropperImpl.java:155) ~[hibernate-core-6.4.1.Final.jar:6.4.1.Final]
	at org.hibernate.tool.schema.internal.SchemaDropperImpl.doDrop(SchemaDropperImpl.java:115) ~[hibernate-core-6.4.1.Final.jar:6.4.1.Final]
	at org.hibernate.tool.schema.spi.SchemaManagementToolCoordinator.performDatabaseAction(SchemaManagementToolCoordinator.java:244) ~[hibernate-core-6.4.1.Final.jar:6.4.1.Final]
	at org.hibernate.tool.schema.spi.SchemaManagementToolCoordinator.lambda$process$5(SchemaManagementToolCoordinator.java:145) ~[hibernate-core-6.4.1.Final.jar:6.4.1.Final]
	at java.base/java.util.HashMap.forEach(HashMap.java:1421) ~[na:na]
	at org.hibernate.tool.schema.spi.SchemaManagementToolCoordinator.process(SchemaManagementToolCoordinator.java:142) ~[hibernate-core-6.4.1.Final.jar:6.4.1.Final]
	at org.hibernate.boot.internal.SessionFactoryObserverForSchemaExport.sessionFactoryCreated(SessionFactoryObserverForSchemaExport.java:37) ~[hibernate-core-6.4.1.Final.jar:6.4.1.Final]
	at org.hibernate.internal.SessionFactoryObserverChain.sessionFactoryCreated(SessionFactoryObserverChain.java:35) ~[hibernate-core-6.4.1.Final.jar:6.4.1.Final]
	at org.hibernate.internal.SessionFactoryImpl.<init>(SessionFactoryImpl.java:315) ~[hibernate-core-6.4.1.Final.jar:6.4.1.Final]
	at org.hibernate.boot.internal.SessionFactoryBuilderImpl.build(SessionFactoryBuilderImpl.java:450) ~[hibernate-core-6.4.1.Final.jar:6.4.1.Final]
	at org.hibernate.jpa.boot.internal.EntityManagerFactoryBuilderImpl.build(EntityManagerFactoryBuilderImpl.java:1507) ~[hibernate-core-6.4.1.Final.jar:6.4.1.Final]
	at org.springframework.orm.jpa.vendor.SpringHibernateJpaPersistenceProvider.createContainerEntityManagerFactory(SpringHibernateJpaPersistenceProvider.java:75) ~[spring-orm-6.1.3.jar:6.1.3]
	at org.springframework.orm.jpa.LocalContainerEntityManagerFactoryBean.createNativeEntityManagerFactory(LocalContainerEntityManagerFactoryBean.java:376) ~[spring-orm-6.1.3.jar:6.1.3]
	at org.springframework.orm.jpa.AbstractEntityManagerFactoryBean.buildNativeEntityManagerFactory(AbstractEntityManagerFactoryBean.java:409) ~[spring-orm-6.1.3.jar:6.1.3]
	at org.springframework.orm.jpa.AbstractEntityManagerFactoryBean.afterPropertiesSet(AbstractEntityManagerFactoryBean.java:396) ~[spring-orm-6.1.3.jar:6.1.3]
	at org.springframework.orm.jpa.LocalContainerEntityManagerFactoryBean.afterPropertiesSet(LocalContainerEntityManagerFactoryBean.java:352) ~[spring-orm-6.1.3.jar:6.1.3]
	at org.springframework.beans.factory.support.AbstractAutowireCapableBeanFactory.invokeInitMethods(AbstractAutowireCapableBeanFactory.java:1820) ~[spring-beans-6.1.3.jar:6.1.3]
	at org.springframework.beans.factory.support.AbstractAutowireCapableBeanFactory.initializeBean(AbstractAutowireCapableBeanFactory.java:1769) ~[spring-beans-6.1.3.jar:6.1.3]
	at org.springframework.beans.factory.support.AbstractAutowireCapableBeanFactory.doCreateBean(AbstractAutowireCapableBeanFactory.java:599) ~[spring-beans-6.1.3.jar:6.1.3]
	at org.springframework.beans.factory.support.AbstractAutowireCapableBeanFactory.createBean(AbstractAutowireCapableBeanFactory.java:521) ~[spring-beans-6.1.3.jar:6.1.3]
	at org.springframework.beans.factory.support.AbstractBeanFactory.lambda$doGetBean$0(AbstractBeanFactory.java:325) ~[spring-beans-6.1.3.jar:6.1.3]
	at org.springframework.beans.factory.support.DefaultSingletonBeanRegistry.getSingleton(DefaultSingletonBeanRegistry.java:234) ~[spring-beans-6.1.3.jar:6.1.3]
	at org.springframework.beans.factory.support.AbstractBeanFactory.doGetBean(AbstractBeanFactory.java:323) ~[spring-beans-6.1.3.jar:6.1.3]
	at org.springframework.beans.factory.support.AbstractBeanFactory.getBean(AbstractBeanFactory.java:199) ~[spring-beans-6.1.3.jar:6.1.3]
	at org.springframework.context.support.AbstractApplicationContext.getBean(AbstractApplicationContext.java:1231) ~[spring-context-6.1.3.jar:6.1.3]
	at org.springframework.context.support.AbstractApplicationContext.finishBeanFactoryInitialization(AbstractApplicationContext.java:949) ~[spring-context-6.1.3.jar:6.1.3]
	at org.springframework.context.support.AbstractApplicationContext.refresh(AbstractApplicationContext.java:624) ~[spring-context-6.1.3.jar:6.1.3]
	at org.springframework.boot.SpringApplication.refresh(SpringApplication.java:754) ~[spring-boot-3.2.2.jar:3.2.2]
	at org.springframework.boot.SpringApplication.refreshContext(SpringApplication.java:456) ~[spring-boot-3.2.2.jar:3.2.2]
	at org.springframework.boot.SpringApplication.run(SpringApplication.java:334) ~[spring-boot-3.2.2.jar:3.2.2]
	at org.springframework.boot.test.context.SpringBootContextLoader.lambda$loadContext$3(SpringBootContextLoader.java:137) ~[spring-boot-test-3.2.2.jar:3.2.2]
	at org.springframework.util.function.ThrowingSupplier.get(ThrowingSupplier.java:58) ~[spring-core-6.1.3.jar:6.1.3]
	at org.springframework.util.function.ThrowingSupplier.get(ThrowingSupplier.java:46) ~[spring-core-6.1.3.jar:6.1.3]
	at org.springframework.boot.SpringApplication.withHook(SpringApplication.java:1454) ~[spring-boot-3.2.2.jar:3.2.2]
	at org.springframework.boot.test.context.SpringBootContextLoader$ContextLoaderHook.run(SpringBootContextLoader.java:552) ~[spring-boot-test-3.2.2.jar:3.2.2]
	at org.springframework.boot.test.context.SpringBootContextLoader.loadContext(SpringBootContextLoader.java:137) ~[spring-boot-test-3.2.2.jar:3.2.2]
	at org.springframework.boot.test.context.SpringBootContextLoader.loadContext(SpringBootContextLoader.java:108) ~[spring-boot-test-3.2.2.jar:3.2.2]
	at org.springframework.test.context.cache.DefaultCacheAwareContextLoaderDelegate.loadContextInternal(DefaultCacheAwareContextLoaderDelegate.java:225) ~[spring-test-6.1.3.jar:6.1.3]
	at org.springframework.test.context.cache.DefaultCacheAwareContextLoaderDelegate.loadContext(DefaultCacheAwareContextLoaderDelegate.java:152) ~[spring-test-6.1.3.jar:6.1.3]
	at org.springframework.test.context.support.DefaultTestContext.getApplicationContext(DefaultTestContext.java:130) ~[spring-test-6.1.3.jar:6.1.3]
	at org.springframework.test.context.web.ServletTestExecutionListener.setUpRequestContextIfNecessary(ServletTestExecutionListener.java:191) ~[spring-test-6.1.3.jar:6.1.3]
	at org.springframework.test.context.web.ServletTestExecutionListener.prepareTestInstance(ServletTestExecutionListener.java:130) ~[spring-test-6.1.3.jar:6.1.3]
	at org.springframework.test.context.TestContextManager.prepareTestInstance(TestContextManager.java:260) ~[spring-test-6.1.3.jar:6.1.3]
	at org.springframework.test.context.junit.jupiter.SpringExtension.postProcessTestInstance(SpringExtension.java:163) ~[spring-test-6.1.3.jar:6.1.3]
	at org.junit.jupiter.engine.descriptor.ClassBasedTestDescriptor.lambda$invokeTestInstancePostProcessors$10(ClassBasedTestDescriptor.java:378) ~[junit-jupiter-engine-5.10.1.jar:5.10.1]
	at org.junit.jupiter.engine.descriptor.ClassBasedTestDescriptor.executeAndMaskThrowable(ClassBasedTestDescriptor.java:383) ~[junit-jupiter-engine-5.10.1.jar:5.10.1]
	at org.junit.jupiter.engine.descriptor.ClassBasedTestDescriptor.lambda$invokeTestInstancePostProcessors$11(ClassBasedTestDescriptor.java:378) ~[junit-jupiter-engine-5.10.1.jar:5.10.1]
	at java.base/java.util.stream.ReferencePipeline$3$1.accept(ReferencePipeline.java:197) ~[na:na]
	at java.base/java.util.stream.ReferencePipeline$2$1.accept(ReferencePipeline.java:179) ~[na:na]
	at java.base/java.util.ArrayList$ArrayListSpliterator.forEachRemaining(ArrayList.java:1625) ~[na:na]
	at java.base/java.util.stream.AbstractPipeline.copyInto(AbstractPipeline.java:509) ~[na:na]
	at java.base/java.util.stream.AbstractPipeline.wrapAndCopyInto(AbstractPipeline.java:499) ~[na:na]
	at java.base/java.util.stream.StreamSpliterators$WrappingSpliterator.forEachRemaining(StreamSpliterators.java:310) ~[na:na]
	at java.base/java.util.stream.Streams$ConcatSpliterator.forEachRemaining(Streams.java:735) ~[na:na]
	at java.base/java.util.stream.Streams$ConcatSpliterator.forEachRemaining(Streams.java:734) ~[na:na]
	at java.base/java.util.stream.ReferencePipeline$Head.forEach(ReferencePipeline.java:762) ~[na:na]
	at org.junit.jupiter.engine.descriptor.ClassBasedTestDescriptor.invokeTestInstancePostProcessors(ClassBasedTestDescriptor.java:377) ~[junit-jupiter-engine-5.10.1.jar:5.10.1]
	at org.junit.jupiter.engine.descriptor.ClassBasedTestDescriptor.lambda$instantiateAndPostProcessTestInstance$6(ClassBasedTestDescriptor.java:290) ~[junit-jupiter-engine-5.10.1.jar:5.10.1]
	at org.junit.platform.engine.support.hierarchical.ThrowableCollector.execute(ThrowableCollector.java:73) ~[junit-platform-engine-1.10.1.jar:1.10.1]
	at org.junit.jupiter.engine.descriptor.ClassBasedTestDescriptor.instantiateAndPostProcessTestInstance(ClassBasedTestDescriptor.java:289) ~[junit-jupiter-engine-5.10.1.jar:5.10.1]
	at org.junit.jupiter.engine.descriptor.ClassBasedTestDescriptor.lambda$testInstancesProvider$4(ClassBasedTestDescriptor.java:279) ~[junit-jupiter-engine-5.10.1.jar:5.10.1]
	at java.base/java.util.Optional.orElseGet(Optional.java:364) ~[na:na]
	at org.junit.jupiter.engine.descriptor.ClassBasedTestDescriptor.lambda$testInstancesProvider$5(ClassBasedTestDescriptor.java:278) ~[junit-jupiter-engine-5.10.1.jar:5.10.1]
	at org.junit.jupiter.engine.execution.TestInstancesProvider.getTestInstances(TestInstancesProvider.java:31) ~[junit-jupiter-engine-5.10.1.jar:5.10.1]
	at org.junit.jupiter.engine.descriptor.TestMethodTestDescriptor.lambda$prepare$0(TestMethodTestDescriptor.java:106) ~[junit-jupiter-engine-5.10.1.jar:5.10.1]
	at org.junit.platform.engine.support.hierarchical.ThrowableCollector.execute(ThrowableCollector.java:73) ~[junit-platform-engine-1.10.1.jar:1.10.1]
	at org.junit.jupiter.engine.descriptor.TestMethodTestDescriptor.prepare(TestMethodTestDescriptor.java:105) ~[junit-jupiter-engine-5.10.1.jar:5.10.1]
	at org.junit.jupiter.engine.descriptor.TestMethodTestDescriptor.prepare(TestMethodTestDescriptor.java:69) ~[junit-jupiter-engine-5.10.1.jar:5.10.1]
	at org.junit.platform.engine.support.hierarchical.NodeTestTask.lambda$prepare$2(NodeTestTask.java:123) ~[junit-platform-engine-1.10.1.jar:1.10.1]
	at org.junit.platform.engine.support.hierarchical.ThrowableCollector.execute(ThrowableCollector.java:73) ~[junit-platform-engine-1.10.1.jar:1.10.1]
	at org.junit.platform.engine.support.hierarchical.NodeTestTask.prepare(NodeTestTask.java:123) ~[junit-platform-engine-1.10.1.jar:1.10.1]
	at org.junit.platform.engine.support.hierarchical.NodeTestTask.execute(NodeTestTask.java:90) ~[junit-platform-engine-1.10.1.jar:1.10.1]
	at java.base/java.util.ArrayList.forEach(ArrayList.java:1511) ~[na:na]
	at org.junit.platform.engine.support.hierarchical.SameThreadHierarchicalTestExecutorService.invokeAll(SameThreadHierarchicalTestExecutorService.java:41) ~[junit-platform-engine-1.10.1.jar:1.10.1]
	at org.junit.platform.engine.support.hierarchical.NodeTestTask.lambda$executeRecursively$6(NodeTestTask.java:155) ~[junit-platform-engine-1.10.1.jar:1.10.1]
	at org.junit.platform.engine.support.hierarchical.ThrowableCollector.execute(ThrowableCollector.java:73) ~[junit-platform-engine-1.10.1.jar:1.10.1]
	at org.junit.platform.engine.support.hierarchical.NodeTestTask.lambda$executeRecursively$8(NodeTestTask.java:141) ~[junit-platform-engine-1.10.1.jar:1.10.1]
	at org.junit.platform.engine.support.hierarchical.Node.around(Node.java:137) ~[junit-platform-engine-1.10.1.jar:1.10.1]
	at org.junit.platform.engine.support.hierarchical.NodeTestTask.lambda$executeRecursively$9(NodeTestTask.java:139) ~[junit-platform-engine-1.10.1.jar:1.10.1]
	at org.junit.platform.engine.support.hierarchical.ThrowableCollector.execute(ThrowableCollector.java:73) ~[junit-platform-engine-1.10.1.jar:1.10.1]
	at org.junit.platform.engine.support.hierarchical.NodeTestTask.executeRecursively(NodeTestTask.java:138) ~[junit-platform-engine-1.10.1.jar:1.10.1]
	at org.junit.platform.engine.support.hierarchical.NodeTestTask.execute(NodeTestTask.java:95) ~[junit-platform-engine-1.10.1.jar:1.10.1]
	at java.base/java.util.ArrayList.forEach(ArrayList.java:1511) ~[na:na]
	at org.junit.platform.engine.support.hierarchical.SameThreadHierarchicalTestExecutorService.invokeAll(SameThreadHierarchicalTestExecutorService.java:41) ~[junit-platform-engine-1.10.1.jar:1.10.1]
	at org.junit.platform.engine.support.hierarchical.NodeTestTask.lambda$executeRecursively$6(NodeTestTask.java:155) ~[junit-platform-engine-1.10.1.jar:1.10.1]
	at org.junit.platform.engine.support.hierarchical.ThrowableCollector.execute(ThrowableCollector.java:73) ~[junit-platform-engine-1.10.1.jar:1.10.1]
	at org.junit.platform.engine.support.hierarchical.NodeTestTask.lambda$executeRecursively$8(NodeTestTask.java:141) ~[junit-platform-engine-1.10.1.jar:1.10.1]
	at org.junit.platform.engine.support.hierarchical.Node.around(Node.java:137) ~[junit-platform-engine-1.10.1.jar:1.10.1]
	at org.junit.platform.engine.support.hierarchical.NodeTestTask.lambda$executeRecursively$9(NodeTestTask.java:139) ~[junit-platform-engine-1.10.1.jar:1.10.1]
	at org.junit.platform.engine.support.hierarchical.ThrowableCollector.execute(ThrowableCollector.java:73) ~[junit-platform-engine-1.10.1.jar:1.10.1]
	at org.junit.platform.engine.support.hierarchical.NodeTestTask.executeRecursively(NodeTestTask.java:138) ~[junit-platform-engine-1.10.1.jar:1.10.1]
	at org.junit.platform.engine.support.hierarchical.NodeTestTask.execute(NodeTestTask.java:95) ~[junit-platform-engine-1.10.1.jar:1.10.1]
	at org.junit.platform.engine.support.hierarchical.SameThreadHierarchicalTestExecutorService.submit(SameThreadHierarchicalTestExecutorService.java:35) ~[junit-platform-engine-1.10.1.jar:1.10.1]
	at org.junit.platform.engine.support.hierarchical.HierarchicalTestExecutor.execute(HierarchicalTestExecutor.java:57) ~[junit-platform-engine-1.10.1.jar:1.10.1]
	at org.junit.platform.engine.support.hierarchical.HierarchicalTestEngine.execute(HierarchicalTestEngine.java:54) ~[junit-platform-engine-1.10.1.jar:1.10.1]
	at org.junit.platform.launcher.core.EngineExecutionOrchestrator.execute(EngineExecutionOrchestrator.java:198) ~[junit-platform-launcher-1.10.1.jar:1.10.1]
	at org.junit.platform.launcher.core.EngineExecutionOrchestrator.execute(EngineExecutionOrchestrator.java:169) ~[junit-platform-launcher-1.10.1.jar:1.10.1]
	at org.junit.platform.launcher.core.EngineExecutionOrchestrator.execute(EngineExecutionOrchestrator.java:93) ~[junit-platform-launcher-1.10.1.jar:1.10.1]
	at org.junit.platform.launcher.core.EngineExecutionOrchestrator.lambda$execute$0(EngineExecutionOrchestrator.java:58) ~[junit-platform-launcher-1.10.1.jar:1.10.1]
	at org.junit.platform.launcher.core.EngineExecutionOrchestrator.withInterceptedStreams(EngineExecutionOrchestrator.java:141) ~[junit-platform-launcher-1.10.1.jar:1.10.1]
	at org.junit.platform.launcher.core.EngineExecutionOrchestrator.execute(EngineExecutionOrchestrator.java:57) ~[junit-platform-launcher-1.10.1.jar:1.10.1]
	at org.junit.platform.launcher.core.DefaultLauncher.execute(DefaultLauncher.java:103) ~[junit-platform-launcher-1.10.1.jar:1.10.1]
	at org.junit.platform.launcher.core.DefaultLauncher.execute(DefaultLauncher.java:85) ~[junit-platform-launcher-1.10.1.jar:1.10.1]
	at org.junit.platform.launcher.core.DelegatingLauncher.execute(DelegatingLauncher.java:47) ~[junit-platform-launcher-1.10.1.jar:1.10.1]
	at org.apache.maven.surefire.junitplatform.LazyLauncher.execute(LazyLauncher.java:56) ~[surefire-junit-platform-3.1.2.jar:3.1.2]
	at org.apache.maven.surefire.junitplatform.JUnitPlatformProvider.execute(JUnitPlatformProvider.java:184) ~[surefire-junit-platform-3.1.2.jar:3.1.2]
	at org.apache.maven.surefire.junitplatform.JUnitPlatformProvider.invokeAllTests(JUnitPlatformProvider.java:148) ~[surefire-junit-platform-3.1.2.jar:3.1.2]
	at org.apache.maven.surefire.junitplatform.JUnitPlatformProvider.invoke(JUnitPlatformProvider.java:122) ~[surefire-junit-platform-3.1.2.jar:3.1.2]
	at org.apache.maven.surefire.booter.ForkedBooter.runSuitesInProcess(ForkedBooter.java:385) ~[surefire-booter-3.1.2.jar:3.1.2]
	at org.apache.maven.surefire.booter.ForkedBooter.execute(ForkedBooter.java:162) ~[surefire-booter-3.1.2.jar:3.1.2]
	at org.apache.maven.surefire.booter.ForkedBooter.run(ForkedBooter.java:507) ~[surefire-booter-3.1.2.jar:3.1.2]
	at org.apache.maven.surefire.booter.ForkedBooter.main(ForkedBooter.java:495) ~[surefire-booter-3.1.2.jar:3.1.2]
Caused by: java.sql.SQLSyntaxErrorException: Can't DROP 'FKegdk29eiy7mdtefy5c7eirr6e'; check that column/key exists
	at com.mysql.cj.jdbc.exceptions.SQLError.createSQLException(SQLError.java:121) ~[mysql-connector-j-8.3.0.jar:8.3.0]
	at com.mysql.cj.jdbc.exceptions.SQLExceptionsMapping.translateException(SQLExceptionsMapping.java:122) ~[mysql-connector-j-8.3.0.jar:8.3.0]
	at com.mysql.cj.jdbc.StatementImpl.executeInternal(StatementImpl.java:770) ~[mysql-connector-j-8.3.0.jar:8.3.0]
	at com.mysql.cj.jdbc.StatementImpl.execute(StatementImpl.java:653) ~[mysql-connector-j-8.3.0.jar:8.3.0]
	at com.zaxxer.hikari.pool.ProxyStatement.execute(ProxyStatement.java:94) ~[HikariCP-5.0.1.jar:na]
	at com.zaxxer.hikari.pool.HikariProxyStatement.execute(HikariProxyStatement.java) ~[HikariCP-5.0.1.jar:na]
	at org.hibernate.tool.schema.internal.exec.GenerationTargetToDatabase.accept(GenerationTargetToDatabase.java:80) ~[hibernate-core-6.4.1.Final.jar:6.4.1.Final]
	... 118 common frames omitted

Hibernate: alter table role_permissions drop foreign key FKn5fotdgk8d1xvo8nav9uv3muc
2026-03-07T22:56:45.668Z  WARN 65 --- [           main] o.h.t.s.i.ExceptionHandlerLoggedImpl     : GenerationTarget encountered exception accepting command : Error executing DDL "alter table role_permissions drop foreign key FKn5fotdgk8d1xvo8nav9uv3muc" via JDBC [Can't DROP 'FKn5fotdgk8d1xvo8nav9uv3muc'; check that column/key exists]

org.hibernate.tool.schema.spi.CommandAcceptanceException: Error executing DDL "alter table role_permissions drop foreign key FKn5fotdgk8d1xvo8nav9uv3muc" via JDBC [Can't DROP 'FKn5fotdgk8d1xvo8nav9uv3muc'; check that column/key exists]
	at org.hibernate.tool.schema.internal.exec.GenerationTargetToDatabase.accept(GenerationTargetToDatabase.java:94) ~[hibernate-core-6.4.1.Final.jar:6.4.1.Final]
	at org.hibernate.tool.schema.internal.Helper.applySqlString(Helper.java:233) ~[hibernate-core-6.4.1.Final.jar:6.4.1.Final]
	at org.hibernate.tool.schema.internal.Helper.applySqlStrings(Helper.java:217) ~[hibernate-core-6.4.1.Final.jar:6.4.1.Final]
	at org.hibernate.tool.schema.internal.SchemaDropperImpl.applyConstraintDropping(SchemaDropperImpl.java:470) ~[hibernate-core-6.4.1.Final.jar:6.4.1.Final]
	at org.hibernate.tool.schema.internal.SchemaDropperImpl.dropConstraintsTablesSequences(SchemaDropperImpl.java:242) ~[hibernate-core-6.4.1.Final.jar:6.4.1.Final]
	at org.hibernate.tool.schema.internal.SchemaDropperImpl.dropFromMetadata(SchemaDropperImpl.java:215) ~[hibernate-core-6.4.1.Final.jar:6.4.1.Final]
	at org.hibernate.tool.schema.internal.SchemaDropperImpl.performDrop(SchemaDropperImpl.java:185) ~[hibernate-core-6.4.1.Final.jar:6.4.1.Final]
	at org.hibernate.tool.schema.internal.SchemaDropperImpl.doDrop(SchemaDropperImpl.java:155) ~[hibernate-core-6.4.1.Final.jar:6.4.1.Final]
	at org.hibernate.tool.schema.internal.SchemaDropperImpl.doDrop(SchemaDropperImpl.java:115) ~[hibernate-core-6.4.1.Final.jar:6.4.1.Final]
	at org.hibernate.tool.schema.spi.SchemaManagementToolCoordinator.performDatabaseAction(SchemaManagementToolCoordinator.java:244) ~[hibernate-core-6.4.1.Final.jar:6.4.1.Final]
	at org.hibernate.tool.schema.spi.SchemaManagementToolCoordinator.lambda$process$5(SchemaManagementToolCoordinator.java:145) ~[hibernate-core-6.4.1.Final.jar:6.4.1.Final]
	at java.base/java.util.HashMap.forEach(HashMap.java:1421) ~[na:na]
	at org.hibernate.tool.schema.spi.SchemaManagementToolCoordinator.process(SchemaManagementToolCoordinator.java:142) ~[hibernate-core-6.4.1.Final.jar:6.4.1.Final]
	at org.hibernate.boot.internal.SessionFactoryObserverForSchemaExport.sessionFactoryCreated(SessionFactoryObserverForSchemaExport.java:37) ~[hibernate-core-6.4.1.Final.jar:6.4.1.Final]
	at org.hibernate.internal.SessionFactoryObserverChain.sessionFactoryCreated(SessionFactoryObserverChain.java:35) ~[hibernate-core-6.4.1.Final.jar:6.4.1.Final]
	at org.hibernate.internal.SessionFactoryImpl.<init>(SessionFactoryImpl.java:315) ~[hibernate-core-6.4.1.Final.jar:6.4.1.Final]
	at org.hibernate.boot.internal.SessionFactoryBuilderImpl.build(SessionFactoryBuilderImpl.java:450) ~[hibernate-core-6.4.1.Final.jar:6.4.1.Final]
	at org.hibernate.jpa.boot.internal.EntityManagerFactoryBuilderImpl.build(EntityManagerFactoryBuilderImpl.java:1507) ~[hibernate-core-6.4.1.Final.jar:6.4.1.Final]
	at org.springframework.orm.jpa.vendor.SpringHibernateJpaPersistenceProvider.createContainerEntityManagerFactory(SpringHibernateJpaPersistenceProvider.java:75) ~[spring-orm-6.1.3.jar:6.1.3]
	at org.springframework.orm.jpa.LocalContainerEntityManagerFactoryBean.createNativeEntityManagerFactory(LocalContainerEntityManagerFactoryBean.java:376) ~[spring-orm-6.1.3.jar:6.1.3]
	at org.springframework.orm.jpa.AbstractEntityManagerFactoryBean.buildNativeEntityManagerFactory(AbstractEntityManagerFactoryBean.java:409) ~[spring-orm-6.1.3.jar:6.1.3]
	at org.springframework.orm.jpa.AbstractEntityManagerFactoryBean.afterPropertiesSet(AbstractEntityManagerFactoryBean.java:396) ~[spring-orm-6.1.3.jar:6.1.3]
	at org.springframework.orm.jpa.LocalContainerEntityManagerFactoryBean.afterPropertiesSet(LocalContainerEntityManagerFactoryBean.java:352) ~[spring-orm-6.1.3.jar:6.1.3]
	at org.springframework.beans.factory.support.AbstractAutowireCapableBeanFactory.invokeInitMethods(AbstractAutowireCapableBeanFactory.java:1820) ~[spring-beans-6.1.3.jar:6.1.3]
	at org.springframework.beans.factory.support.AbstractAutowireCapableBeanFactory.initializeBean(AbstractAutowireCapableBeanFactory.java:1769) ~[spring-beans-6.1.3.jar:6.1.3]
	at org.springframework.beans.factory.support.AbstractAutowireCapableBeanFactory.doCreateBean(AbstractAutowireCapableBeanFactory.java:599) ~[spring-beans-6.1.3.jar:6.1.3]
	at org.springframework.beans.factory.support.AbstractAutowireCapableBeanFactory.createBean(AbstractAutowireCapableBeanFactory.java:521) ~[spring-beans-6.1.3.jar:6.1.3]
	at org.springframework.beans.factory.support.AbstractBeanFactory.lambda$doGetBean$0(AbstractBeanFactory.java:325) ~[spring-beans-6.1.3.jar:6.1.3]
	at org.springframework.beans.factory.support.DefaultSingletonBeanRegistry.getSingleton(DefaultSingletonBeanRegistry.java:234) ~[spring-beans-6.1.3.jar:6.1.3]
	at org.springframework.beans.factory.support.AbstractBeanFactory.doGetBean(AbstractBeanFactory.java:323) ~[spring-beans-6.1.3.jar:6.1.3]
	at org.springframework.beans.factory.support.AbstractBeanFactory.getBean(AbstractBeanFactory.java:199) ~[spring-beans-6.1.3.jar:6.1.3]
	at org.springframework.context.support.AbstractApplicationContext.getBean(AbstractApplicationContext.java:1231) ~[spring-context-6.1.3.jar:6.1.3]
	at org.springframework.context.support.AbstractApplicationContext.finishBeanFactoryInitialization(AbstractApplicationContext.java:949) ~[spring-context-6.1.3.jar:6.1.3]
	at org.springframework.context.support.AbstractApplicationContext.refresh(AbstractApplicationContext.java:624) ~[spring-context-6.1.3.jar:6.1.3]
	at org.springframework.boot.SpringApplication.refresh(SpringApplication.java:754) ~[spring-boot-3.2.2.jar:3.2.2]
	at org.springframework.boot.SpringApplication.refreshContext(SpringApplication.java:456) ~[spring-boot-3.2.2.jar:3.2.2]
	at org.springframework.boot.SpringApplication.run(SpringApplication.java:334) ~[spring-boot-3.2.2.jar:3.2.2]
	at org.springframework.boot.test.context.SpringBootContextLoader.lambda$loadContext$3(SpringBootContextLoader.java:137) ~[spring-boot-test-3.2.2.jar:3.2.2]
	at org.springframework.util.function.ThrowingSupplier.get(ThrowingSupplier.java:58) ~[spring-core-6.1.3.jar:6.1.3]
	at org.springframework.util.function.ThrowingSupplier.get(ThrowingSupplier.java:46) ~[spring-core-6.1.3.jar:6.1.3]
	at org.springframework.boot.SpringApplication.withHook(SpringApplication.java:1454) ~[spring-boot-3.2.2.jar:3.2.2]
	at org.springframework.boot.test.context.SpringBootContextLoader$ContextLoaderHook.run(SpringBootContextLoader.java:552) ~[spring-boot-test-3.2.2.jar:3.2.2]
	at org.springframework.boot.test.context.SpringBootContextLoader.loadContext(SpringBootContextLoader.java:137) ~[spring-boot-test-3.2.2.jar:3.2.2]
	at org.springframework.boot.test.context.SpringBootContextLoader.loadContext(SpringBootContextLoader.java:108) ~[spring-boot-test-3.2.2.jar:3.2.2]
	at org.springframework.test.context.cache.DefaultCacheAwareContextLoaderDelegate.loadContextInternal(DefaultCacheAwareContextLoaderDelegate.java:225) ~[spring-test-6.1.3.jar:6.1.3]
	at org.springframework.test.context.cache.DefaultCacheAwareContextLoaderDelegate.loadContext(DefaultCacheAwareContextLoaderDelegate.java:152) ~[spring-test-6.1.3.jar:6.1.3]
	at org.springframework.test.context.support.DefaultTestContext.getApplicationContext(DefaultTestContext.java:130) ~[spring-test-6.1.3.jar:6.1.3]
	at org.springframework.test.context.web.ServletTestExecutionListener.setUpRequestContextIfNecessary(ServletTestExecutionListener.java:191) ~[spring-test-6.1.3.jar:6.1.3]
	at org.springframework.test.context.web.ServletTestExecutionListener.prepareTestInstance(ServletTestExecutionListener.java:130) ~[spring-test-6.1.3.jar:6.1.3]
	at org.springframework.test.context.TestContextManager.prepareTestInstance(TestContextManager.java:260) ~[spring-test-6.1.3.jar:6.1.3]
	at org.springframework.test.context.junit.jupiter.SpringExtension.postProcessTestInstance(SpringExtension.java:163) ~[spring-test-6.1.3.jar:6.1.3]
	at org.junit.jupiter.engine.descriptor.ClassBasedTestDescriptor.lambda$invokeTestInstancePostProcessors$10(ClassBasedTestDescriptor.java:378) ~[junit-jupiter-engine-5.10.1.jar:5.10.1]
	at org.junit.jupiter.engine.descriptor.ClassBasedTestDescriptor.executeAndMaskThrowable(ClassBasedTestDescriptor.java:383) ~[junit-jupiter-engine-5.10.1.jar:5.10.1]
	at org.junit.jupiter.engine.descriptor.ClassBasedTestDescriptor.lambda$invokeTestInstancePostProcessors$11(ClassBasedTestDescriptor.java:378) ~[junit-jupiter-engine-5.10.1.jar:5.10.1]
	at java.base/java.util.stream.ReferencePipeline$3$1.accept(ReferencePipeline.java:197) ~[na:na]
	at java.base/java.util.stream.ReferencePipeline$2$1.accept(ReferencePipeline.java:179) ~[na:na]
	at java.base/java.util.ArrayList$ArrayListSpliterator.forEachRemaining(ArrayList.java:1625) ~[na:na]
	at java.base/java.util.stream.AbstractPipeline.copyInto(AbstractPipeline.java:509) ~[na:na]
	at java.base/java.util.stream.AbstractPipeline.wrapAndCopyInto(AbstractPipeline.java:499) ~[na:na]
	at java.base/java.util.stream.StreamSpliterators$WrappingSpliterator.forEachRemaining(StreamSpliterators.java:310) ~[na:na]
	at java.base/java.util.stream.Streams$ConcatSpliterator.forEachRemaining(Streams.java:735) ~[na:na]
	at java.base/java.util.stream.Streams$ConcatSpliterator.forEachRemaining(Streams.java:734) ~[na:na]
	at java.base/java.util.stream.ReferencePipeline$Head.forEach(ReferencePipeline.java:762) ~[na:na]
	at org.junit.jupiter.engine.descriptor.ClassBasedTestDescriptor.invokeTestInstancePostProcessors(ClassBasedTestDescriptor.java:377) ~[junit-jupiter-engine-5.10.1.jar:5.10.1]
	at org.junit.jupiter.engine.descriptor.ClassBasedTestDescriptor.lambda$instantiateAndPostProcessTestInstance$6(ClassBasedTestDescriptor.java:290) ~[junit-jupiter-engine-5.10.1.jar:5.10.1]
	at org.junit.platform.engine.support.hierarchical.ThrowableCollector.execute(ThrowableCollector.java:73) ~[junit-platform-engine-1.10.1.jar:1.10.1]
	at org.junit.jupiter.engine.descriptor.ClassBasedTestDescriptor.instantiateAndPostProcessTestInstance(ClassBasedTestDescriptor.java:289) ~[junit-jupiter-engine-5.10.1.jar:5.10.1]
	at org.junit.jupiter.engine.descriptor.ClassBasedTestDescriptor.lambda$testInstancesProvider$4(ClassBasedTestDescriptor.java:279) ~[junit-jupiter-engine-5.10.1.jar:5.10.1]
	at java.base/java.util.Optional.orElseGet(Optional.java:364) ~[na:na]
	at org.junit.jupiter.engine.descriptor.ClassBasedTestDescriptor.lambda$testInstancesProvider$5(ClassBasedTestDescriptor.java:278) ~[junit-jupiter-engine-5.10.1.jar:5.10.1]
	at org.junit.jupiter.engine.execution.TestInstancesProvider.getTestInstances(TestInstancesProvider.java:31) ~[junit-jupiter-engine-5.10.1.jar:5.10.1]
	at org.junit.jupiter.engine.descriptor.TestMethodTestDescriptor.lambda$prepare$0(TestMethodTestDescriptor.java:106) ~[junit-jupiter-engine-5.10.1.jar:5.10.1]
	at org.junit.platform.engine.support.hierarchical.ThrowableCollector.execute(ThrowableCollector.java:73) ~[junit-platform-engine-1.10.1.jar:1.10.1]
	at org.junit.jupiter.engine.descriptor.TestMethodTestDescriptor.prepare(TestMethodTestDescriptor.java:105) ~[junit-jupiter-engine-5.10.1.jar:5.10.1]
	at org.junit.jupiter.engine.descriptor.TestMethodTestDescriptor.prepare(TestMethodTestDescriptor.java:69) ~[junit-jupiter-engine-5.10.1.jar:5.10.1]
	at org.junit.platform.engine.support.hierarchical.NodeTestTask.lambda$prepare$2(NodeTestTask.java:123) ~[junit-platform-engine-1.10.1.jar:1.10.1]
	at org.junit.platform.engine.support.hierarchical.ThrowableCollector.execute(ThrowableCollector.java:73) ~[junit-platform-engine-1.10.1.jar:1.10.1]
	at org.junit.platform.engine.support.hierarchical.NodeTestTask.prepare(NodeTestTask.java:123) ~[junit-platform-engine-1.10.1.jar:1.10.1]
	at org.junit.platform.engine.support.hierarchical.NodeTestTask.execute(NodeTestTask.java:90) ~[junit-platform-engine-1.10.1.jar:1.10.1]
	at java.base/java.util.ArrayList.forEach(ArrayList.java:1511) ~[na:na]
	at org.junit.platform.engine.support.hierarchical.SameThreadHierarchicalTestExecutorService.invokeAll(SameThreadHierarchicalTestExecutorService.java:41) ~[junit-platform-engine-1.10.1.jar:1.10.1]
	at org.junit.platform.engine.support.hierarchical.NodeTestTask.lambda$executeRecursively$6(NodeTestTask.java:155) ~[junit-platform-engine-1.10.1.jar:1.10.1]
	at org.junit.platform.engine.support.hierarchical.ThrowableCollector.execute(ThrowableCollector.java:73) ~[junit-platform-engine-1.10.1.jar:1.10.1]
	at org.junit.platform.engine.support.hierarchical.NodeTestTask.lambda$executeRecursively$8(NodeTestTask.java:141) ~[junit-platform-engine-1.10.1.jar:1.10.1]
	at org.junit.platform.engine.support.hierarchical.Node.around(Node.java:137) ~[junit-platform-engine-1.10.1.jar:1.10.1]
	at org.junit.platform.engine.support.hierarchical.NodeTestTask.lambda$executeRecursively$9(NodeTestTask.java:139) ~[junit-platform-engine-1.10.1.jar:1.10.1]
	at org.junit.platform.engine.support.hierarchical.ThrowableCollector.execute(ThrowableCollector.java:73) ~[junit-platform-engine-1.10.1.jar:1.10.1]
	at org.junit.platform.engine.support.hierarchical.NodeTestTask.executeRecursively(NodeTestTask.java:138) ~[junit-platform-engine-1.10.1.jar:1.10.1]
	at org.junit.platform.engine.support.hierarchical.NodeTestTask.execute(NodeTestTask.java:95) ~[junit-platform-engine-1.10.1.jar:1.10.1]
	at java.base/java.util.ArrayList.forEach(ArrayList.java:1511) ~[na:na]
	at org.junit.platform.engine.support.hierarchical.SameThreadHierarchicalTestExecutorService.invokeAll(SameThreadHierarchicalTestExecutorService.java:41) ~[junit-platform-engine-1.10.1.jar:1.10.1]
	at org.junit.platform.engine.support.hierarchical.NodeTestTask.lambda$executeRecursively$6(NodeTestTask.java:155) ~[junit-platform-engine-1.10.1.jar:1.10.1]
	at org.junit.platform.engine.support.hierarchical.ThrowableCollector.execute(ThrowableCollector.java:73) ~[junit-platform-engine-1.10.1.jar:1.10.1]
	at org.junit.platform.engine.support.hierarchical.NodeTestTask.lambda$executeRecursively$8(NodeTestTask.java:141) ~[junit-platform-engine-1.10.1.jar:1.10.1]
	at org.junit.platform.engine.support.hierarchical.Node.around(Node.java:137) ~[junit-platform-engine-1.10.1.jar:1.10.1]
	at org.junit.platform.engine.support.hierarchical.NodeTestTask.lambda$executeRecursively$9(NodeTestTask.java:139) ~[junit-platform-engine-1.10.1.jar:1.10.1]
	at org.junit.platform.engine.support.hierarchical.ThrowableCollector.execute(ThrowableCollector.java:73) ~[junit-platform-engine-1.10.1.jar:1.10.1]
	at org.junit.platform.engine.support.hierarchical.NodeTestTask.executeRecursively(NodeTestTask.java:138) ~[junit-platform-engine-1.10.1.jar:1.10.1]
	at org.junit.platform.engine.support.hierarchical.NodeTestTask.execute(NodeTestTask.java:95) ~[junit-platform-engine-1.10.1.jar:1.10.1]
	at org.junit.platform.engine.support.hierarchical.SameThreadHierarchicalTestExecutorService.submit(SameThreadHierarchicalTestExecutorService.java:35) ~[junit-platform-engine-1.10.1.jar:1.10.1]
	at org.junit.platform.engine.support.hierarchical.HierarchicalTestExecutor.execute(HierarchicalTestExecutor.java:57) ~[junit-platform-engine-1.10.1.jar:1.10.1]
	at org.junit.platform.engine.support.hierarchical.HierarchicalTestEngine.execute(HierarchicalTestEngine.java:54) ~[junit-platform-engine-1.10.1.jar:1.10.1]
	at org.junit.platform.launcher.core.EngineExecutionOrchestrator.execute(EngineExecutionOrchestrator.java:198) ~[junit-platform-launcher-1.10.1.jar:1.10.1]
	at org.junit.platform.launcher.core.EngineExecutionOrchestrator.execute(EngineExecutionOrchestrator.java:169) ~[junit-platform-launcher-1.10.1.jar:1.10.1]
	at org.junit.platform.launcher.core.EngineExecutionOrchestrator.execute(EngineExecutionOrchestrator.java:93) ~[junit-platform-launcher-1.10.1.jar:1.10.1]
	at org.junit.platform.launcher.core.EngineExecutionOrchestrator.lambda$execute$0(EngineExecutionOrchestrator.java:58) ~[junit-platform-launcher-1.10.1.jar:1.10.1]
	at org.junit.platform.launcher.core.EngineExecutionOrchestrator.withInterceptedStreams(EngineExecutionOrchestrator.java:141) ~[junit-platform-launcher-1.10.1.jar:1.10.1]
	at org.junit.platform.launcher.core.EngineExecutionOrchestrator.execute(EngineExecutionOrchestrator.java:57) ~[junit-platform-launcher-1.10.1.jar:1.10.1]
	at org.junit.platform.launcher.core.DefaultLauncher.execute(DefaultLauncher.java:103) ~[junit-platform-launcher-1.10.1.jar:1.10.1]
	at org.junit.platform.launcher.core.DefaultLauncher.execute(DefaultLauncher.java:85) ~[junit-platform-launcher-1.10.1.jar:1.10.1]
	at org.junit.platform.launcher.core.DelegatingLauncher.execute(DelegatingLauncher.java:47) ~[junit-platform-launcher-1.10.1.jar:1.10.1]
	at org.apache.maven.surefire.junitplatform.LazyLauncher.execute(LazyLauncher.java:56) ~[surefire-junit-platform-3.1.2.jar:3.1.2]
	at org.apache.maven.surefire.junitplatform.JUnitPlatformProvider.execute(JUnitPlatformProvider.java:184) ~[surefire-junit-platform-3.1.2.jar:3.1.2]
	at org.apache.maven.surefire.junitplatform.JUnitPlatformProvider.invokeAllTests(JUnitPlatformProvider.java:148) ~[surefire-junit-platform-3.1.2.jar:3.1.2]
	at org.apache.maven.surefire.junitplatform.JUnitPlatformProvider.invoke(JUnitPlatformProvider.java:122) ~[surefire-junit-platform-3.1.2.jar:3.1.2]
	at org.apache.maven.surefire.booter.ForkedBooter.runSuitesInProcess(ForkedBooter.java:385) ~[surefire-booter-3.1.2.jar:3.1.2]
	at org.apache.maven.surefire.booter.ForkedBooter.execute(ForkedBooter.java:162) ~[surefire-booter-3.1.2.jar:3.1.2]
	at org.apache.maven.surefire.booter.ForkedBooter.run(ForkedBooter.java:507) ~[surefire-booter-3.1.2.jar:3.1.2]
	at org.apache.maven.surefire.booter.ForkedBooter.main(ForkedBooter.java:495) ~[surefire-booter-3.1.2.jar:3.1.2]
Caused by: java.sql.SQLSyntaxErrorException: Can't DROP 'FKn5fotdgk8d1xvo8nav9uv3muc'; check that column/key exists
	at com.mysql.cj.jdbc.exceptions.SQLError.createSQLException(SQLError.java:121) ~[mysql-connector-j-8.3.0.jar:8.3.0]
	at com.mysql.cj.jdbc.exceptions.SQLExceptionsMapping.translateException(SQLExceptionsMapping.java:122) ~[mysql-connector-j-8.3.0.jar:8.3.0]
	at com.mysql.cj.jdbc.StatementImpl.executeInternal(StatementImpl.java:770) ~[mysql-connector-j-8.3.0.jar:8.3.0]
	at com.mysql.cj.jdbc.StatementImpl.execute(StatementImpl.java:653) ~[mysql-connector-j-8.3.0.jar:8.3.0]
	at com.zaxxer.hikari.pool.ProxyStatement.execute(ProxyStatement.java:94) ~[HikariCP-5.0.1.jar:na]
	at com.zaxxer.hikari.pool.HikariProxyStatement.execute(HikariProxyStatement.java) ~[HikariCP-5.0.1.jar:na]
	at org.hibernate.tool.schema.internal.exec.GenerationTargetToDatabase.accept(GenerationTargetToDatabase.java:80) ~[hibernate-core-6.4.1.Final.jar:6.4.1.Final]
	... 118 common frames omitted

Hibernate: alter table user_roles drop foreign key FKh8ciramu9cc9q3qcqiv4ue8a6
2026-03-07T22:56:45.671Z  WARN 65 --- [           main] o.h.t.s.i.ExceptionHandlerLoggedImpl     : GenerationTarget encountered exception accepting command : Error executing DDL "alter table user_roles drop foreign key FKh8ciramu9cc9q3qcqiv4ue8a6" via JDBC [Can't DROP 'FKh8ciramu9cc9q3qcqiv4ue8a6'; check that column/key exists]

org.hibernate.tool.schema.spi.CommandAcceptanceException: Error executing DDL "alter table user_roles drop foreign key FKh8ciramu9cc9q3qcqiv4ue8a6" via JDBC [Can't DROP 'FKh8ciramu9cc9q3qcqiv4ue8a6'; check that column/key exists]
	at org.hibernate.tool.schema.internal.exec.GenerationTargetToDatabase.accept(GenerationTargetToDatabase.java:94) ~[hibernate-core-6.4.1.Final.jar:6.4.1.Final]
	at org.hibernate.tool.schema.internal.Helper.applySqlString(Helper.java:233) ~[hibernate-core-6.4.1.Final.jar:6.4.1.Final]
	at org.hibernate.tool.schema.internal.Helper.applySqlStrings(Helper.java:217) ~[hibernate-core-6.4.1.Final.jar:6.4.1.Final]
	at org.hibernate.tool.schema.internal.SchemaDropperImpl.applyConstraintDropping(SchemaDropperImpl.java:470) ~[hibernate-core-6.4.1.Final.jar:6.4.1.Final]
	at org.hibernate.tool.schema.internal.SchemaDropperImpl.dropConstraintsTablesSequences(SchemaDropperImpl.java:242) ~[hibernate-core-6.4.1.Final.jar:6.4.1.Final]
	at org.hibernate.tool.schema.internal.SchemaDropperImpl.dropFromMetadata(SchemaDropperImpl.java:215) ~[hibernate-core-6.4.1.Final.jar:6.4.1.Final]
	at org.hibernate.tool.schema.internal.SchemaDropperImpl.performDrop(SchemaDropperImpl.java:185) ~[hibernate-core-6.4.1.Final.jar:6.4.1.Final]
	at org.hibernate.tool.schema.internal.SchemaDropperImpl.doDrop(SchemaDropperImpl.java:155) ~[hibernate-core-6.4.1.Final.jar:6.4.1.Final]
	at org.hibernate.tool.schema.internal.SchemaDropperImpl.doDrop(SchemaDropperImpl.java:115) ~[hibernate-core-6.4.1.Final.jar:6.4.1.Final]
	at org.hibernate.tool.schema.spi.SchemaManagementToolCoordinator.performDatabaseAction(SchemaManagementToolCoordinator.java:244) ~[hibernate-core-6.4.1.Final.jar:6.4.1.Final]
	at org.hibernate.tool.schema.spi.SchemaManagementToolCoordinator.lambda$process$5(SchemaManagementToolCoordinator.java:145) ~[hibernate-core-6.4.1.Final.jar:6.4.1.Final]
	at java.base/java.util.HashMap.forEach(HashMap.java:1421) ~[na:na]
	at org.hibernate.tool.schema.spi.SchemaManagementToolCoordinator.process(SchemaManagementToolCoordinator.java:142) ~[hibernate-core-6.4.1.Final.jar:6.4.1.Final]
	at org.hibernate.boot.internal.SessionFactoryObserverForSchemaExport.sessionFactoryCreated(SessionFactoryObserverForSchemaExport.java:37) ~[hibernate-core-6.4.1.Final.jar:6.4.1.Final]
	at org.hibernate.internal.SessionFactoryObserverChain.sessionFactoryCreated(SessionFactoryObserverChain.java:35) ~[hibernate-core-6.4.1.Final.jar:6.4.1.Final]
	at org.hibernate.internal.SessionFactoryImpl.<init>(SessionFactoryImpl.java:315) ~[hibernate-core-6.4.1.Final.jar:6.4.1.Final]
	at org.hibernate.boot.internal.SessionFactoryBuilderImpl.build(SessionFactoryBuilderImpl.java:450) ~[hibernate-core-6.4.1.Final.jar:6.4.1.Final]
	at org.hibernate.jpa.boot.internal.EntityManagerFactoryBuilderImpl.build(EntityManagerFactoryBuilderImpl.java:1507) ~[hibernate-core-6.4.1.Final.jar:6.4.1.Final]
	at org.springframework.orm.jpa.vendor.SpringHibernateJpaPersistenceProvider.createContainerEntityManagerFactory(SpringHibernateJpaPersistenceProvider.java:75) ~[spring-orm-6.1.3.jar:6.1.3]
	at org.springframework.orm.jpa.LocalContainerEntityManagerFactoryBean.createNativeEntityManagerFactory(LocalContainerEntityManagerFactoryBean.java:376) ~[spring-orm-6.1.3.jar:6.1.3]
	at org.springframework.orm.jpa.AbstractEntityManagerFactoryBean.buildNativeEntityManagerFactory(AbstractEntityManagerFactoryBean.java:409) ~[spring-orm-6.1.3.jar:6.1.3]
	at org.springframework.orm.jpa.AbstractEntityManagerFactoryBean.afterPropertiesSet(AbstractEntityManagerFactoryBean.java:396) ~[spring-orm-6.1.3.jar:6.1.3]
	at org.springframework.orm.jpa.LocalContainerEntityManagerFactoryBean.afterPropertiesSet(LocalContainerEntityManagerFactoryBean.java:352) ~[spring-orm-6.1.3.jar:6.1.3]
	at org.springframework.beans.factory.support.AbstractAutowireCapableBeanFactory.invokeInitMethods(AbstractAutowireCapableBeanFactory.java:1820) ~[spring-beans-6.1.3.jar:6.1.3]
	at org.springframework.beans.factory.support.AbstractAutowireCapableBeanFactory.initializeBean(AbstractAutowireCapableBeanFactory.java:1769) ~[spring-beans-6.1.3.jar:6.1.3]
	at org.springframework.beans.factory.support.AbstractAutowireCapableBeanFactory.doCreateBean(AbstractAutowireCapableBeanFactory.java:599) ~[spring-beans-6.1.3.jar:6.1.3]
	at org.springframework.beans.factory.support.AbstractAutowireCapableBeanFactory.createBean(AbstractAutowireCapableBeanFactory.java:521) ~[spring-beans-6.1.3.jar:6.1.3]
	at org.springframework.beans.factory.support.AbstractBeanFactory.lambda$doGetBean$0(AbstractBeanFactory.java:325) ~[spring-beans-6.1.3.jar:6.1.3]
	at org.springframework.beans.factory.support.DefaultSingletonBeanRegistry.getSingleton(DefaultSingletonBeanRegistry.java:234) ~[spring-beans-6.1.3.jar:6.1.3]
	at org.springframework.beans.factory.support.AbstractBeanFactory.doGetBean(AbstractBeanFactory.java:323) ~[spring-beans-6.1.3.jar:6.1.3]
	at org.springframework.beans.factory.support.AbstractBeanFactory.getBean(AbstractBeanFactory.java:199) ~[spring-beans-6.1.3.jar:6.1.3]
	at org.springframework.context.support.AbstractApplicationContext.getBean(AbstractApplicationContext.java:1231) ~[spring-context-6.1.3.jar:6.1.3]
	at org.springframework.context.support.AbstractApplicationContext.finishBeanFactoryInitialization(AbstractApplicationContext.java:949) ~[spring-context-6.1.3.jar:6.1.3]
	at org.springframework.context.support.AbstractApplicationContext.refresh(AbstractApplicationContext.java:624) ~[spring-context-6.1.3.jar:6.1.3]
	at org.springframework.boot.SpringApplication.refresh(SpringApplication.java:754) ~[spring-boot-3.2.2.jar:3.2.2]
	at org.springframework.boot.SpringApplication.refreshContext(SpringApplication.java:456) ~[spring-boot-3.2.2.jar:3.2.2]
	at org.springframework.boot.SpringApplication.run(SpringApplication.java:334) ~[spring-boot-3.2.2.jar:3.2.2]
	at org.springframework.boot.test.context.SpringBootContextLoader.lambda$loadContext$3(SpringBootContextLoader.java:137) ~[spring-boot-test-3.2.2.jar:3.2.2]
	at org.springframework.util.function.ThrowingSupplier.get(ThrowingSupplier.java:58) ~[spring-core-6.1.3.jar:6.1.3]
	at org.springframework.util.function.ThrowingSupplier.get(ThrowingSupplier.java:46) ~[spring-core-6.1.3.jar:6.1.3]
	at org.springframework.boot.SpringApplication.withHook(SpringApplication.java:1454) ~[spring-boot-3.2.2.jar:3.2.2]
	at org.springframework.boot.test.context.SpringBootContextLoader$ContextLoaderHook.run(SpringBootContextLoader.java:552) ~[spring-boot-test-3.2.2.jar:3.2.2]
	at org.springframework.boot.test.context.SpringBootContextLoader.loadContext(SpringBootContextLoader.java:137) ~[spring-boot-test-3.2.2.jar:3.2.2]
	at org.springframework.boot.test.context.SpringBootContextLoader.loadContext(SpringBootContextLoader.java:108) ~[spring-boot-test-3.2.2.jar:3.2.2]
	at org.springframework.test.context.cache.DefaultCacheAwareContextLoaderDelegate.loadContextInternal(DefaultCacheAwareContextLoaderDelegate.java:225) ~[spring-test-6.1.3.jar:6.1.3]
	at org.springframework.test.context.cache.DefaultCacheAwareContextLoaderDelegate.loadContext(DefaultCacheAwareContextLoaderDelegate.java:152) ~[spring-test-6.1.3.jar:6.1.3]
	at org.springframework.test.context.support.DefaultTestContext.getApplicationContext(DefaultTestContext.java:130) ~[spring-test-6.1.3.jar:6.1.3]
	at org.springframework.test.context.web.ServletTestExecutionListener.setUpRequestContextIfNecessary(ServletTestExecutionListener.java:191) ~[spring-test-6.1.3.jar:6.1.3]
	at org.springframework.test.context.web.ServletTestExecutionListener.prepareTestInstance(ServletTestExecutionListener.java:130) ~[spring-test-6.1.3.jar:6.1.3]
	at org.springframework.test.context.TestContextManager.prepareTestInstance(TestContextManager.java:260) ~[spring-test-6.1.3.jar:6.1.3]
	at org.springframework.test.context.junit.jupiter.SpringExtension.postProcessTestInstance(SpringExtension.java:163) ~[spring-test-6.1.3.jar:6.1.3]
	at org.junit.jupiter.engine.descriptor.ClassBasedTestDescriptor.lambda$invokeTestInstancePostProcessors$10(ClassBasedTestDescriptor.java:378) ~[junit-jupiter-engine-5.10.1.jar:5.10.1]
	at org.junit.jupiter.engine.descriptor.ClassBasedTestDescriptor.executeAndMaskThrowable(ClassBasedTestDescriptor.java:383) ~[junit-jupiter-engine-5.10.1.jar:5.10.1]
	at org.junit.jupiter.engine.descriptor.ClassBasedTestDescriptor.lambda$invokeTestInstancePostProcessors$11(ClassBasedTestDescriptor.java:378) ~[junit-jupiter-engine-5.10.1.jar:5.10.1]
	at java.base/java.util.stream.ReferencePipeline$3$1.accept(ReferencePipeline.java:197) ~[na:na]
	at java.base/java.util.stream.ReferencePipeline$2$1.accept(ReferencePipeline.java:179) ~[na:na]
	at java.base/java.util.ArrayList$ArrayListSpliterator.forEachRemaining(ArrayList.java:1625) ~[na:na]
	at java.base/java.util.stream.AbstractPipeline.copyInto(AbstractPipeline.java:509) ~[na:na]
	at java.base/java.util.stream.AbstractPipeline.wrapAndCopyInto(AbstractPipeline.java:499) ~[na:na]
	at java.base/java.util.stream.StreamSpliterators$WrappingSpliterator.forEachRemaining(StreamSpliterators.java:310) ~[na:na]
	at java.base/java.util.stream.Streams$ConcatSpliterator.forEachRemaining(Streams.java:735) ~[na:na]
	at java.base/java.util.stream.Streams$ConcatSpliterator.forEachRemaining(Streams.java:734) ~[na:na]
	at java.base/java.util.stream.ReferencePipeline$Head.forEach(ReferencePipeline.java:762) ~[na:na]
	at org.junit.jupiter.engine.descriptor.ClassBasedTestDescriptor.invokeTestInstancePostProcessors(ClassBasedTestDescriptor.java:377) ~[junit-jupiter-engine-5.10.1.jar:5.10.1]
	at org.junit.jupiter.engine.descriptor.ClassBasedTestDescriptor.lambda$instantiateAndPostProcessTestInstance$6(ClassBasedTestDescriptor.java:290) ~[junit-jupiter-engine-5.10.1.jar:5.10.1]
	at org.junit.platform.engine.support.hierarchical.ThrowableCollector.execute(ThrowableCollector.java:73) ~[junit-platform-engine-1.10.1.jar:1.10.1]
	at org.junit.jupiter.engine.descriptor.ClassBasedTestDescriptor.instantiateAndPostProcessTestInstance(ClassBasedTestDescriptor.java:289) ~[junit-jupiter-engine-5.10.1.jar:5.10.1]
	at org.junit.jupiter.engine.descriptor.ClassBasedTestDescriptor.lambda$testInstancesProvider$4(ClassBasedTestDescriptor.java:279) ~[junit-jupiter-engine-5.10.1.jar:5.10.1]
	at java.base/java.util.Optional.orElseGet(Optional.java:364) ~[na:na]
	at org.junit.jupiter.engine.descriptor.ClassBasedTestDescriptor.lambda$testInstancesProvider$5(ClassBasedTestDescriptor.java:278) ~[junit-jupiter-engine-5.10.1.jar:5.10.1]
	at org.junit.jupiter.engine.execution.TestInstancesProvider.getTestInstances(TestInstancesProvider.java:31) ~[junit-jupiter-engine-5.10.1.jar:5.10.1]
	at org.junit.jupiter.engine.descriptor.TestMethodTestDescriptor.lambda$prepare$0(TestMethodTestDescriptor.java:106) ~[junit-jupiter-engine-5.10.1.jar:5.10.1]
	at org.junit.platform.engine.support.hierarchical.ThrowableCollector.execute(ThrowableCollector.java:73) ~[junit-platform-engine-1.10.1.jar:1.10.1]
	at org.junit.jupiter.engine.descriptor.TestMethodTestDescriptor.prepare(TestMethodTestDescriptor.java:105) ~[junit-jupiter-engine-5.10.1.jar:5.10.1]
	at org.junit.jupiter.engine.descriptor.TestMethodTestDescriptor.prepare(TestMethodTestDescriptor.java:69) ~[junit-jupiter-engine-5.10.1.jar:5.10.1]
	at org.junit.platform.engine.support.hierarchical.NodeTestTask.lambda$prepare$2(NodeTestTask.java:123) ~[junit-platform-engine-1.10.1.jar:1.10.1]
	at org.junit.platform.engine.support.hierarchical.ThrowableCollector.execute(ThrowableCollector.java:73) ~[junit-platform-engine-1.10.1.jar:1.10.1]
	at org.junit.platform.engine.support.hierarchical.NodeTestTask.prepare(NodeTestTask.java:123) ~[junit-platform-engine-1.10.1.jar:1.10.1]
	at org.junit.platform.engine.support.hierarchical.NodeTestTask.execute(NodeTestTask.java:90) ~[junit-platform-engine-1.10.1.jar:1.10.1]
	at java.base/java.util.ArrayList.forEach(ArrayList.java:1511) ~[na:na]
	at org.junit.platform.engine.support.hierarchical.SameThreadHierarchicalTestExecutorService.invokeAll(SameThreadHierarchicalTestExecutorService.java:41) ~[junit-platform-engine-1.10.1.jar:1.10.1]
	at org.junit.platform.engine.support.hierarchical.NodeTestTask.lambda$executeRecursively$6(NodeTestTask.java:155) ~[junit-platform-engine-1.10.1.jar:1.10.1]
	at org.junit.platform.engine.support.hierarchical.ThrowableCollector.execute(ThrowableCollector.java:73) ~[junit-platform-engine-1.10.1.jar:1.10.1]
	at org.junit.platform.engine.support.hierarchical.NodeTestTask.lambda$executeRecursively$8(NodeTestTask.java:141) ~[junit-platform-engine-1.10.1.jar:1.10.1]
	at org.junit.platform.engine.support.hierarchical.Node.around(Node.java:137) ~[junit-platform-engine-1.10.1.jar:1.10.1]
	at org.junit.platform.engine.support.hierarchical.NodeTestTask.lambda$executeRecursively$9(NodeTestTask.java:139) ~[junit-platform-engine-1.10.1.jar:1.10.1]
	at org.junit.platform.engine.support.hierarchical.ThrowableCollector.execute(ThrowableCollector.java:73) ~[junit-platform-engine-1.10.1.jar:1.10.1]
	at org.junit.platform.engine.support.hierarchical.NodeTestTask.executeRecursively(NodeTestTask.java:138) ~[junit-platform-engine-1.10.1.jar:1.10.1]
	at org.junit.platform.engine.support.hierarchical.NodeTestTask.execute(NodeTestTask.java:95) ~[junit-platform-engine-1.10.1.jar:1.10.1]
	at java.base/java.util.ArrayList.forEach(ArrayList.java:1511) ~[na:na]
	at org.junit.platform.engine.support.hierarchical.SameThreadHierarchicalTestExecutorService.invokeAll(SameThreadHierarchicalTestExecutorService.java:41) ~[junit-platform-engine-1.10.1.jar:1.10.1]
	at org.junit.platform.engine.support.hierarchical.NodeTestTask.lambda$executeRecursively$6(NodeTestTask.java:155) ~[junit-platform-engine-1.10.1.jar:1.10.1]
	at org.junit.platform.engine.support.hierarchical.ThrowableCollector.execute(ThrowableCollector.java:73) ~[junit-platform-engine-1.10.1.jar:1.10.1]
	at org.junit.platform.engine.support.hierarchical.NodeTestTask.lambda$executeRecursively$8(NodeTestTask.java:141) ~[junit-platform-engine-1.10.1.jar:1.10.1]
	at org.junit.platform.engine.support.hierarchical.Node.around(Node.java:137) ~[junit-platform-engine-1.10.1.jar:1.10.1]
	at org.junit.platform.engine.support.hierarchical.NodeTestTask.lambda$executeRecursively$9(NodeTestTask.java:139) ~[junit-platform-engine-1.10.1.jar:1.10.1]
	at org.junit.platform.engine.support.hierarchical.ThrowableCollector.execute(ThrowableCollector.java:73) ~[junit-platform-engine-1.10.1.jar:1.10.1]
	at org.junit.platform.engine.support.hierarchical.NodeTestTask.executeRecursively(NodeTestTask.java:138) ~[junit-platform-engine-1.10.1.jar:1.10.1]
	at org.junit.platform.engine.support.hierarchical.NodeTestTask.execute(NodeTestTask.java:95) ~[junit-platform-engine-1.10.1.jar:1.10.1]
	at org.junit.platform.engine.support.hierarchical.SameThreadHierarchicalTestExecutorService.submit(SameThreadHierarchicalTestExecutorService.java:35) ~[junit-platform-engine-1.10.1.jar:1.10.1]
	at org.junit.platform.engine.support.hierarchical.HierarchicalTestExecutor.execute(HierarchicalTestExecutor.java:57) ~[junit-platform-engine-1.10.1.jar:1.10.1]
	at org.junit.platform.engine.support.hierarchical.HierarchicalTestEngine.execute(HierarchicalTestEngine.java:54) ~[junit-platform-engine-1.10.1.jar:1.10.1]
	at org.junit.platform.launcher.core.EngineExecutionOrchestrator.execute(EngineExecutionOrchestrator.java:198) ~[junit-platform-launcher-1.10.1.jar:1.10.1]
	at org.junit.platform.launcher.core.EngineExecutionOrchestrator.execute(EngineExecutionOrchestrator.java:169) ~[junit-platform-launcher-1.10.1.jar:1.10.1]
	at org.junit.platform.launcher.core.EngineExecutionOrchestrator.execute(EngineExecutionOrchestrator.java:93) ~[junit-platform-launcher-1.10.1.jar:1.10.1]
	at org.junit.platform.launcher.core.EngineExecutionOrchestrator.lambda$execute$0(EngineExecutionOrchestrator.java:58) ~[junit-platform-launcher-1.10.1.jar:1.10.1]
	at org.junit.platform.launcher.core.EngineExecutionOrchestrator.withInterceptedStreams(EngineExecutionOrchestrator.java:141) ~[junit-platform-launcher-1.10.1.jar:1.10.1]
	at org.junit.platform.launcher.core.EngineExecutionOrchestrator.execute(EngineExecutionOrchestrator.java:57) ~[junit-platform-launcher-1.10.1.jar:1.10.1]
	at org.junit.platform.launcher.core.DefaultLauncher.execute(DefaultLauncher.java:103) ~[junit-platform-launcher-1.10.1.jar:1.10.1]
	at org.junit.platform.launcher.core.DefaultLauncher.execute(DefaultLauncher.java:85) ~[junit-platform-launcher-1.10.1.jar:1.10.1]
	at org.junit.platform.launcher.core.DelegatingLauncher.execute(DelegatingLauncher.java:47) ~[junit-platform-launcher-1.10.1.jar:1.10.1]
	at org.apache.maven.surefire.junitplatform.LazyLauncher.execute(LazyLauncher.java:56) ~[surefire-junit-platform-3.1.2.jar:3.1.2]
	at org.apache.maven.surefire.junitplatform.JUnitPlatformProvider.execute(JUnitPlatformProvider.java:184) ~[surefire-junit-platform-3.1.2.jar:3.1.2]
	at org.apache.maven.surefire.junitplatform.JUnitPlatformProvider.invokeAllTests(JUnitPlatformProvider.java:148) ~[surefire-junit-platform-3.1.2.jar:3.1.2]
	at org.apache.maven.surefire.junitplatform.JUnitPlatformProvider.invoke(JUnitPlatformProvider.java:122) ~[surefire-junit-platform-3.1.2.jar:3.1.2]
	at org.apache.maven.surefire.booter.ForkedBooter.runSuitesInProcess(ForkedBooter.java:385) ~[surefire-booter-3.1.2.jar:3.1.2]
	at org.apache.maven.surefire.booter.ForkedBooter.execute(ForkedBooter.java:162) ~[surefire-booter-3.1.2.jar:3.1.2]
	at org.apache.maven.surefire.booter.ForkedBooter.run(ForkedBooter.java:507) ~[surefire-booter-3.1.2.jar:3.1.2]
	at org.apache.maven.surefire.booter.ForkedBooter.main(ForkedBooter.java:495) ~[surefire-booter-3.1.2.jar:3.1.2]
Caused by: java.sql.SQLSyntaxErrorException: Can't DROP 'FKh8ciramu9cc9q3qcqiv4ue8a6'; check that column/key exists
	at com.mysql.cj.jdbc.exceptions.SQLError.createSQLException(SQLError.java:121) ~[mysql-connector-j-8.3.0.jar:8.3.0]
	at com.mysql.cj.jdbc.exceptions.SQLExceptionsMapping.translateException(SQLExceptionsMapping.java:122) ~[mysql-connector-j-8.3.0.jar:8.3.0]
	at com.mysql.cj.jdbc.StatementImpl.executeInternal(StatementImpl.java:770) ~[mysql-connector-j-8.3.0.jar:8.3.0]
	at com.mysql.cj.jdbc.StatementImpl.execute(StatementImpl.java:653) ~[mysql-connector-j-8.3.0.jar:8.3.0]
	at com.zaxxer.hikari.pool.ProxyStatement.execute(ProxyStatement.java:94) ~[HikariCP-5.0.1.jar:na]
	at com.zaxxer.hikari.pool.HikariProxyStatement.execute(HikariProxyStatement.java) ~[HikariCP-5.0.1.jar:na]
	at org.hibernate.tool.schema.internal.exec.GenerationTargetToDatabase.accept(GenerationTargetToDatabase.java:80) ~[hibernate-core-6.4.1.Final.jar:6.4.1.Final]
	... 118 common frames omitted

Hibernate: alter table user_roles drop foreign key FKhfh9dx7w3ubf1co1vdev94g3f
2026-03-07T22:56:45.673Z  WARN 65 --- [           main] o.h.t.s.i.ExceptionHandlerLoggedImpl     : GenerationTarget encountered exception accepting command : Error executing DDL "alter table user_roles drop foreign key FKhfh9dx7w3ubf1co1vdev94g3f" via JDBC [Can't DROP 'FKhfh9dx7w3ubf1co1vdev94g3f'; check that column/key exists]

org.hibernate.tool.schema.spi.CommandAcceptanceException: Error executing DDL "alter table user_roles drop foreign key FKhfh9dx7w3ubf1co1vdev94g3f" via JDBC [Can't DROP 'FKhfh9dx7w3ubf1co1vdev94g3f'; check that column/key exists]
	at org.hibernate.tool.schema.internal.exec.GenerationTargetToDatabase.accept(GenerationTargetToDatabase.java:94) ~[hibernate-core-6.4.1.Final.jar:6.4.1.Final]
	at org.hibernate.tool.schema.internal.Helper.applySqlString(Helper.java:233) ~[hibernate-core-6.4.1.Final.jar:6.4.1.Final]
	at org.hibernate.tool.schema.internal.Helper.applySqlStrings(Helper.java:217) ~[hibernate-core-6.4.1.Final.jar:6.4.1.Final]
	at org.hibernate.tool.schema.internal.SchemaDropperImpl.applyConstraintDropping(SchemaDropperImpl.java:470) ~[hibernate-core-6.4.1.Final.jar:6.4.1.Final]
	at org.hibernate.tool.schema.internal.SchemaDropperImpl.dropConstraintsTablesSequences(SchemaDropperImpl.java:242) ~[hibernate-core-6.4.1.Final.jar:6.4.1.Final]
	at org.hibernate.tool.schema.internal.SchemaDropperImpl.dropFromMetadata(SchemaDropperImpl.java:215) ~[hibernate-core-6.4.1.Final.jar:6.4.1.Final]
	at org.hibernate.tool.schema.internal.SchemaDropperImpl.performDrop(SchemaDropperImpl.java:185) ~[hibernate-core-6.4.1.Final.jar:6.4.1.Final]
	at org.hibernate.tool.schema.internal.SchemaDropperImpl.doDrop(SchemaDropperImpl.java:155) ~[hibernate-core-6.4.1.Final.jar:6.4.1.Final]
	at org.hibernate.tool.schema.internal.SchemaDropperImpl.doDrop(SchemaDropperImpl.java:115) ~[hibernate-core-6.4.1.Final.jar:6.4.1.Final]
	at org.hibernate.tool.schema.spi.SchemaManagementToolCoordinator.performDatabaseAction(SchemaManagementToolCoordinator.java:244) ~[hibernate-core-6.4.1.Final.jar:6.4.1.Final]
	at org.hibernate.tool.schema.spi.SchemaManagementToolCoordinator.lambda$process$5(SchemaManagementToolCoordinator.java:145) ~[hibernate-core-6.4.1.Final.jar:6.4.1.Final]
	at java.base/java.util.HashMap.forEach(HashMap.java:1421) ~[na:na]
	at org.hibernate.tool.schema.spi.SchemaManagementToolCoordinator.process(SchemaManagementToolCoordinator.java:142) ~[hibernate-core-6.4.1.Final.jar:6.4.1.Final]
	at org.hibernate.boot.internal.SessionFactoryObserverForSchemaExport.sessionFactoryCreated(SessionFactoryObserverForSchemaExport.java:37) ~[hibernate-core-6.4.1.Final.jar:6.4.1.Final]
	at org.hibernate.internal.SessionFactoryObserverChain.sessionFactoryCreated(SessionFactoryObserverChain.java:35) ~[hibernate-core-6.4.1.Final.jar:6.4.1.Final]
	at org.hibernate.internal.SessionFactoryImpl.<init>(SessionFactoryImpl.java:315) ~[hibernate-core-6.4.1.Final.jar:6.4.1.Final]
	at org.hibernate.boot.internal.SessionFactoryBuilderImpl.build(SessionFactoryBuilderImpl.java:450) ~[hibernate-core-6.4.1.Final.jar:6.4.1.Final]
	at org.hibernate.jpa.boot.internal.EntityManagerFactoryBuilderImpl.build(EntityManagerFactoryBuilderImpl.java:1507) ~[hibernate-core-6.4.1.Final.jar:6.4.1.Final]
	at org.springframework.orm.jpa.vendor.SpringHibernateJpaPersistenceProvider.createContainerEntityManagerFactory(SpringHibernateJpaPersistenceProvider.java:75) ~[spring-orm-6.1.3.jar:6.1.3]
	at org.springframework.orm.jpa.LocalContainerEntityManagerFactoryBean.createNativeEntityManagerFactory(LocalContainerEntityManagerFactoryBean.java:376) ~[spring-orm-6.1.3.jar:6.1.3]
	at org.springframework.orm.jpa.AbstractEntityManagerFactoryBean.buildNativeEntityManagerFactory(AbstractEntityManagerFactoryBean.java:409) ~[spring-orm-6.1.3.jar:6.1.3]
	at org.springframework.orm.jpa.AbstractEntityManagerFactoryBean.afterPropertiesSet(AbstractEntityManagerFactoryBean.java:396) ~[spring-orm-6.1.3.jar:6.1.3]
	at org.springframework.orm.jpa.LocalContainerEntityManagerFactoryBean.afterPropertiesSet(LocalContainerEntityManagerFactoryBean.java:352) ~[spring-orm-6.1.3.jar:6.1.3]
	at org.springframework.beans.factory.support.AbstractAutowireCapableBeanFactory.invokeInitMethods(AbstractAutowireCapableBeanFactory.java:1820) ~[spring-beans-6.1.3.jar:6.1.3]
	at org.springframework.beans.factory.support.AbstractAutowireCapableBeanFactory.initializeBean(AbstractAutowireCapableBeanFactory.java:1769) ~[spring-beans-6.1.3.jar:6.1.3]
	at org.springframework.beans.factory.support.AbstractAutowireCapableBeanFactory.doCreateBean(AbstractAutowireCapableBeanFactory.java:599) ~[spring-beans-6.1.3.jar:6.1.3]
	at org.springframework.beans.factory.support.AbstractAutowireCapableBeanFactory.createBean(AbstractAutowireCapableBeanFactory.java:521) ~[spring-beans-6.1.3.jar:6.1.3]
	at org.springframework.beans.factory.support.AbstractBeanFactory.lambda$doGetBean$0(AbstractBeanFactory.java:325) ~[spring-beans-6.1.3.jar:6.1.3]
	at org.springframework.beans.factory.support.DefaultSingletonBeanRegistry.getSingleton(DefaultSingletonBeanRegistry.java:234) ~[spring-beans-6.1.3.jar:6.1.3]
	at org.springframework.beans.factory.support.AbstractBeanFactory.doGetBean(AbstractBeanFactory.java:323) ~[spring-beans-6.1.3.jar:6.1.3]
	at org.springframework.beans.factory.support.AbstractBeanFactory.getBean(AbstractBeanFactory.java:199) ~[spring-beans-6.1.3.jar:6.1.3]
	at org.springframework.context.support.AbstractApplicationContext.getBean(AbstractApplicationContext.java:1231) ~[spring-context-6.1.3.jar:6.1.3]
	at org.springframework.context.support.AbstractApplicationContext.finishBeanFactoryInitialization(AbstractApplicationContext.java:949) ~[spring-context-6.1.3.jar:6.1.3]
	at org.springframework.context.support.AbstractApplicationContext.refresh(AbstractApplicationContext.java:624) ~[spring-context-6.1.3.jar:6.1.3]
	at org.springframework.boot.SpringApplication.refresh(SpringApplication.java:754) ~[spring-boot-3.2.2.jar:3.2.2]
	at org.springframework.boot.SpringApplication.refreshContext(SpringApplication.java:456) ~[spring-boot-3.2.2.jar:3.2.2]
	at org.springframework.boot.SpringApplication.run(SpringApplication.java:334) ~[spring-boot-3.2.2.jar:3.2.2]
	at org.springframework.boot.test.context.SpringBootContextLoader.lambda$loadContext$3(SpringBootContextLoader.java:137) ~[spring-boot-test-3.2.2.jar:3.2.2]
	at org.springframework.util.function.ThrowingSupplier.get(ThrowingSupplier.java:58) ~[spring-core-6.1.3.jar:6.1.3]
	at org.springframework.util.function.ThrowingSupplier.get(ThrowingSupplier.java:46) ~[spring-core-6.1.3.jar:6.1.3]
	at org.springframework.boot.SpringApplication.withHook(SpringApplication.java:1454) ~[spring-boot-3.2.2.jar:3.2.2]
	at org.springframework.boot.test.context.SpringBootContextLoader$ContextLoaderHook.run(SpringBootContextLoader.java:552) ~[spring-boot-test-3.2.2.jar:3.2.2]
	at org.springframework.boot.test.context.SpringBootContextLoader.loadContext(SpringBootContextLoader.java:137) ~[spring-boot-test-3.2.2.jar:3.2.2]
	at org.springframework.boot.test.context.SpringBootContextLoader.loadContext(SpringBootContextLoader.java:108) ~[spring-boot-test-3.2.2.jar:3.2.2]
	at org.springframework.test.context.cache.DefaultCacheAwareContextLoaderDelegate.loadContextInternal(DefaultCacheAwareContextLoaderDelegate.java:225) ~[spring-test-6.1.3.jar:6.1.3]
	at org.springframework.test.context.cache.DefaultCacheAwareContextLoaderDelegate.loadContext(DefaultCacheAwareContextLoaderDelegate.java:152) ~[spring-test-6.1.3.jar:6.1.3]
	at org.springframework.test.context.support.DefaultTestContext.getApplicationContext(DefaultTestContext.java:130) ~[spring-test-6.1.3.jar:6.1.3]
	at org.springframework.test.context.web.ServletTestExecutionListener.setUpRequestContextIfNecessary(ServletTestExecutionListener.java:191) ~[spring-test-6.1.3.jar:6.1.3]
	at org.springframework.test.context.web.ServletTestExecutionListener.prepareTestInstance(ServletTestExecutionListener.java:130) ~[spring-test-6.1.3.jar:6.1.3]
	at org.springframework.test.context.TestContextManager.prepareTestInstance(TestContextManager.java:260) ~[spring-test-6.1.3.jar:6.1.3]
	at org.springframework.test.context.junit.jupiter.SpringExtension.postProcessTestInstance(SpringExtension.java:163) ~[spring-test-6.1.3.jar:6.1.3]
	at org.junit.jupiter.engine.descriptor.ClassBasedTestDescriptor.lambda$invokeTestInstancePostProcessors$10(ClassBasedTestDescriptor.java:378) ~[junit-jupiter-engine-5.10.1.jar:5.10.1]
	at org.junit.jupiter.engine.descriptor.ClassBasedTestDescriptor.executeAndMaskThrowable(ClassBasedTestDescriptor.java:383) ~[junit-jupiter-engine-5.10.1.jar:5.10.1]
	at org.junit.jupiter.engine.descriptor.ClassBasedTestDescriptor.lambda$invokeTestInstancePostProcessors$11(ClassBasedTestDescriptor.java:378) ~[junit-jupiter-engine-5.10.1.jar:5.10.1]
	at java.base/java.util.stream.ReferencePipeline$3$1.accept(ReferencePipeline.java:197) ~[na:na]
	at java.base/java.util.stream.ReferencePipeline$2$1.accept(ReferencePipeline.java:179) ~[na:na]
	at java.base/java.util.ArrayList$ArrayListSpliterator.forEachRemaining(ArrayList.java:1625) ~[na:na]
	at java.base/java.util.stream.AbstractPipeline.copyInto(AbstractPipeline.java:509) ~[na:na]
	at java.base/java.util.stream.AbstractPipeline.wrapAndCopyInto(AbstractPipeline.java:499) ~[na:na]
	at java.base/java.util.stream.StreamSpliterators$WrappingSpliterator.forEachRemaining(StreamSpliterators.java:310) ~[na:na]
	at java.base/java.util.stream.Streams$ConcatSpliterator.forEachRemaining(Streams.java:735) ~[na:na]
	at java.base/java.util.stream.Streams$ConcatSpliterator.forEachRemaining(Streams.java:734) ~[na:na]
	at java.base/java.util.stream.ReferencePipeline$Head.forEach(ReferencePipeline.java:762) ~[na:na]
	at org.junit.jupiter.engine.descriptor.ClassBasedTestDescriptor.invokeTestInstancePostProcessors(ClassBasedTestDescriptor.java:377) ~[junit-jupiter-engine-5.10.1.jar:5.10.1]
	at org.junit.jupiter.engine.descriptor.ClassBasedTestDescriptor.lambda$instantiateAndPostProcessTestInstance$6(ClassBasedTestDescriptor.java:290) ~[junit-jupiter-engine-5.10.1.jar:5.10.1]
	at org.junit.platform.engine.support.hierarchical.ThrowableCollector.execute(ThrowableCollector.java:73) ~[junit-platform-engine-1.10.1.jar:1.10.1]
	at org.junit.jupiter.engine.descriptor.ClassBasedTestDescriptor.instantiateAndPostProcessTestInstance(ClassBasedTestDescriptor.java:289) ~[junit-jupiter-engine-5.10.1.jar:5.10.1]
	at org.junit.jupiter.engine.descriptor.ClassBasedTestDescriptor.lambda$testInstancesProvider$4(ClassBasedTestDescriptor.java:279) ~[junit-jupiter-engine-5.10.1.jar:5.10.1]
	at java.base/java.util.Optional.orElseGet(Optional.java:364) ~[na:na]
	at org.junit.jupiter.engine.descriptor.ClassBasedTestDescriptor.lambda$testInstancesProvider$5(ClassBasedTestDescriptor.java:278) ~[junit-jupiter-engine-5.10.1.jar:5.10.1]
	at org.junit.jupiter.engine.execution.TestInstancesProvider.getTestInstances(TestInstancesProvider.java:31) ~[junit-jupiter-engine-5.10.1.jar:5.10.1]
	at org.junit.jupiter.engine.descriptor.TestMethodTestDescriptor.lambda$prepare$0(TestMethodTestDescriptor.java:106) ~[junit-jupiter-engine-5.10.1.jar:5.10.1]
	at org.junit.platform.engine.support.hierarchical.ThrowableCollector.execute(ThrowableCollector.java:73) ~[junit-platform-engine-1.10.1.jar:1.10.1]
	at org.junit.jupiter.engine.descriptor.TestMethodTestDescriptor.prepare(TestMethodTestDescriptor.java:105) ~[junit-jupiter-engine-5.10.1.jar:5.10.1]
	at org.junit.jupiter.engine.descriptor.TestMethodTestDescriptor.prepare(TestMethodTestDescriptor.java:69) ~[junit-jupiter-engine-5.10.1.jar:5.10.1]
	at org.junit.platform.engine.support.hierarchical.NodeTestTask.lambda$prepare$2(NodeTestTask.java:123) ~[junit-platform-engine-1.10.1.jar:1.10.1]
	at org.junit.platform.engine.support.hierarchical.ThrowableCollector.execute(ThrowableCollector.java:73) ~[junit-platform-engine-1.10.1.jar:1.10.1]
	at org.junit.platform.engine.support.hierarchical.NodeTestTask.prepare(NodeTestTask.java:123) ~[junit-platform-engine-1.10.1.jar:1.10.1]
	at org.junit.platform.engine.support.hierarchical.NodeTestTask.execute(NodeTestTask.java:90) ~[junit-platform-engine-1.10.1.jar:1.10.1]
	at java.base/java.util.ArrayList.forEach(ArrayList.java:1511) ~[na:na]
	at org.junit.platform.engine.support.hierarchical.SameThreadHierarchicalTestExecutorService.invokeAll(SameThreadHierarchicalTestExecutorService.java:41) ~[junit-platform-engine-1.10.1.jar:1.10.1]
	at org.junit.platform.engine.support.hierarchical.NodeTestTask.lambda$executeRecursively$6(NodeTestTask.java:155) ~[junit-platform-engine-1.10.1.jar:1.10.1]
	at org.junit.platform.engine.support.hierarchical.ThrowableCollector.execute(ThrowableCollector.java:73) ~[junit-platform-engine-1.10.1.jar:1.10.1]
	at org.junit.platform.engine.support.hierarchical.NodeTestTask.lambda$executeRecursively$8(NodeTestTask.java:141) ~[junit-platform-engine-1.10.1.jar:1.10.1]
	at org.junit.platform.engine.support.hierarchical.Node.around(Node.java:137) ~[junit-platform-engine-1.10.1.jar:1.10.1]
	at org.junit.platform.engine.support.hierarchical.NodeTestTask.lambda$executeRecursively$9(NodeTestTask.java:139) ~[junit-platform-engine-1.10.1.jar:1.10.1]
	at org.junit.platform.engine.support.hierarchical.ThrowableCollector.execute(ThrowableCollector.java:73) ~[junit-platform-engine-1.10.1.jar:1.10.1]
	at org.junit.platform.engine.support.hierarchical.NodeTestTask.executeRecursively(NodeTestTask.java:138) ~[junit-platform-engine-1.10.1.jar:1.10.1]
	at org.junit.platform.engine.support.hierarchical.NodeTestTask.execute(NodeTestTask.java:95) ~[junit-platform-engine-1.10.1.jar:1.10.1]
	at java.base/java.util.ArrayList.forEach(ArrayList.java:1511) ~[na:na]
	at org.junit.platform.engine.support.hierarchical.SameThreadHierarchicalTestExecutorService.invokeAll(SameThreadHierarchicalTestExecutorService.java:41) ~[junit-platform-engine-1.10.1.jar:1.10.1]
	at org.junit.platform.engine.support.hierarchical.NodeTestTask.lambda$executeRecursively$6(NodeTestTask.java:155) ~[junit-platform-engine-1.10.1.jar:1.10.1]
	at org.junit.platform.engine.support.hierarchical.ThrowableCollector.execute(ThrowableCollector.java:73) ~[junit-platform-engine-1.10.1.jar:1.10.1]
	at org.junit.platform.engine.support.hierarchical.NodeTestTask.lambda$executeRecursively$8(NodeTestTask.java:141) ~[junit-platform-engine-1.10.1.jar:1.10.1]
	at org.junit.platform.engine.support.hierarchical.Node.around(Node.java:137) ~[junit-platform-engine-1.10.1.jar:1.10.1]
	at org.junit.platform.engine.support.hierarchical.NodeTestTask.lambda$executeRecursively$9(NodeTestTask.java:139) ~[junit-platform-engine-1.10.1.jar:1.10.1]
	at org.junit.platform.engine.support.hierarchical.ThrowableCollector.execute(ThrowableCollector.java:73) ~[junit-platform-engine-1.10.1.jar:1.10.1]
	at org.junit.platform.engine.support.hierarchical.NodeTestTask.executeRecursively(NodeTestTask.java:138) ~[junit-platform-engine-1.10.1.jar:1.10.1]
	at org.junit.platform.engine.support.hierarchical.NodeTestTask.execute(NodeTestTask.java:95) ~[junit-platform-engine-1.10.1.jar:1.10.1]
	at org.junit.platform.engine.support.hierarchical.SameThreadHierarchicalTestExecutorService.submit(SameThreadHierarchicalTestExecutorService.java:35) ~[junit-platform-engine-1.10.1.jar:1.10.1]
	at org.junit.platform.engine.support.hierarchical.HierarchicalTestExecutor.execute(HierarchicalTestExecutor.java:57) ~[junit-platform-engine-1.10.1.jar:1.10.1]
	at org.junit.platform.engine.support.hierarchical.HierarchicalTestEngine.execute(HierarchicalTestEngine.java:54) ~[junit-platform-engine-1.10.1.jar:1.10.1]
	at org.junit.platform.launcher.core.EngineExecutionOrchestrator.execute(EngineExecutionOrchestrator.java:198) ~[junit-platform-launcher-1.10.1.jar:1.10.1]
	at org.junit.platform.launcher.core.EngineExecutionOrchestrator.execute(EngineExecutionOrchestrator.java:169) ~[junit-platform-launcher-1.10.1.jar:1.10.1]
	at org.junit.platform.launcher.core.EngineExecutionOrchestrator.execute(EngineExecutionOrchestrator.java:93) ~[junit-platform-launcher-1.10.1.jar:1.10.1]
	at org.junit.platform.launcher.core.EngineExecutionOrchestrator.lambda$execute$0(EngineExecutionOrchestrator.java:58) ~[junit-platform-launcher-1.10.1.jar:1.10.1]
	at org.junit.platform.launcher.core.EngineExecutionOrchestrator.withInterceptedStreams(EngineExecutionOrchestrator.java:141) ~[junit-platform-launcher-1.10.1.jar:1.10.1]
	at org.junit.platform.launcher.core.EngineExecutionOrchestrator.execute(EngineExecutionOrchestrator.java:57) ~[junit-platform-launcher-1.10.1.jar:1.10.1]
	at org.junit.platform.launcher.core.DefaultLauncher.execute(DefaultLauncher.java:103) ~[junit-platform-launcher-1.10.1.jar:1.10.1]
	at org.junit.platform.launcher.core.DefaultLauncher.execute(DefaultLauncher.java:85) ~[junit-platform-launcher-1.10.1.jar:1.10.1]
	at org.junit.platform.launcher.core.DelegatingLauncher.execute(DelegatingLauncher.java:47) ~[junit-platform-launcher-1.10.1.jar:1.10.1]
	at org.apache.maven.surefire.junitplatform.LazyLauncher.execute(LazyLauncher.java:56) ~[surefire-junit-platform-3.1.2.jar:3.1.2]
	at org.apache.maven.surefire.junitplatform.JUnitPlatformProvider.execute(JUnitPlatformProvider.java:184) ~[surefire-junit-platform-3.1.2.jar:3.1.2]
	at org.apache.maven.surefire.junitplatform.JUnitPlatformProvider.invokeAllTests(JUnitPlatformProvider.java:148) ~[surefire-junit-platform-3.1.2.jar:3.1.2]
	at org.apache.maven.surefire.junitplatform.JUnitPlatformProvider.invoke(JUnitPlatformProvider.java:122) ~[surefire-junit-platform-3.1.2.jar:3.1.2]
	at org.apache.maven.surefire.booter.ForkedBooter.runSuitesInProcess(ForkedBooter.java:385) ~[surefire-booter-3.1.2.jar:3.1.2]
	at org.apache.maven.surefire.booter.ForkedBooter.execute(ForkedBooter.java:162) ~[surefire-booter-3.1.2.jar:3.1.2]
	at org.apache.maven.surefire.booter.ForkedBooter.run(ForkedBooter.java:507) ~[surefire-booter-3.1.2.jar:3.1.2]
	at org.apache.maven.surefire.booter.ForkedBooter.main(ForkedBooter.java:495) ~[surefire-booter-3.1.2.jar:3.1.2]
Caused by: java.sql.SQLSyntaxErrorException: Can't DROP 'FKhfh9dx7w3ubf1co1vdev94g3f'; check that column/key exists
	at com.mysql.cj.jdbc.exceptions.SQLError.createSQLException(SQLError.java:121) ~[mysql-connector-j-8.3.0.jar:8.3.0]
	at com.mysql.cj.jdbc.exceptions.SQLExceptionsMapping.translateException(SQLExceptionsMapping.java:122) ~[mysql-connector-j-8.3.0.jar:8.3.0]
	at com.mysql.cj.jdbc.StatementImpl.executeInternal(StatementImpl.java:770) ~[mysql-connector-j-8.3.0.jar:8.3.0]
	at com.mysql.cj.jdbc.StatementImpl.execute(StatementImpl.java:653) ~[mysql-connector-j-8.3.0.jar:8.3.0]
	at com.zaxxer.hikari.pool.ProxyStatement.execute(ProxyStatement.java:94) ~[HikariCP-5.0.1.jar:na]
	at com.zaxxer.hikari.pool.HikariProxyStatement.execute(HikariProxyStatement.java) ~[HikariCP-5.0.1.jar:na]
	at org.hibernate.tool.schema.internal.exec.GenerationTargetToDatabase.accept(GenerationTargetToDatabase.java:80) ~[hibernate-core-6.4.1.Final.jar:6.4.1.Final]
	... 118 common frames omitted

Hibernate: drop table if exists account_contacts
Hibernate: drop table if exists accounts
Hibernate: drop table if exists activities
Hibernate: drop table if exists contacts
Hibernate: drop table if exists leads
Hibernate: drop table if exists opportunities
Hibernate: drop table if exists permissions
Hibernate: drop table if exists refresh_tokens
Hibernate: drop table if exists role_permissions
Hibernate: drop table if exists roles
Hibernate: drop table if exists user_roles
Hibernate: drop table if exists users
Hibernate: create table account_contacts (account_id bigint not null, contact_id bigint not null) engine=InnoDB
Hibernate: create table accounts (created_at datetime(6) not null, id bigint not null auto_increment, updated_at datetime(6) not null, created_by varchar(200), updated_by varchar(200), account_name varchar(255) not null, billing_address TEXT, industry varchar(255), phone varchar(255), shipping_address TEXT, website varchar(255), status enum ('ACTIVE','INACTIVE') not null, primary key (id)) engine=InnoDB
Hibernate: create table activities (completed bit not null, account_id bigint, contact_id bigint, created_at datetime(6) not null, due_at datetime(6), id bigint not null auto_increment, lead_id bigint, opportunity_id bigint, updated_at datetime(6) not null, created_by varchar(200), updated_by varchar(200), description TEXT, outcome varchar(255), subject varchar(255) not null, type enum ('CALL','EMAIL','MEETING','TASK','NOTE') not null, primary key (id)) engine=InnoDB
Hibernate: create table contacts (is_primary_contact bit not null, created_at datetime(6) not null, id bigint not null auto_increment, updated_at datetime(6) not null, created_by varchar(200), updated_by varchar(200), email varchar(255) not null, first_name varchar(255) not null, job_title varchar(255), last_name varchar(255) not null, phone varchar(255), primary key (id)) engine=InnoDB
Hibernate: create table leads (created_at datetime(6) not null, id bigint not null auto_increment, updated_at datetime(6) not null, created_by varchar(200), updated_by varchar(200), company varchar(255) not null, contact_name varchar(255) not null, email varchar(255) not null, owner_user varchar(255), phone varchar(255), source enum ('WEB','REFERRAL','PHONE','OTHER') not null, status enum ('NEW','QUALIFIED','DISQUALIFIED','CONVERTED') not null, primary key (id)) engine=InnoDB
Hibernate: create table opportunities (amount decimal(19,2) not null, close_date date, probability integer, account_id bigint not null, created_at datetime(6) not null, id bigint not null auto_increment, primary_lead_id bigint, updated_at datetime(6) not null, created_by varchar(200), updated_by varchar(200), name varchar(255) not null, stage enum ('PROSPECTING','QUALIFICATION','PROPOSAL','NEGOTIATION','WON','LOST') not null, primary key (id)) engine=InnoDB
Hibernate: create table permissions (created_at datetime(6), id bigint not null auto_increment, updated_at datetime(6), name varchar(255) not null, primary key (id)) engine=InnoDB
Hibernate: create table refresh_tokens (created_at datetime(6) not null, expires_at datetime(6) not null, id bigint not null auto_increment, last_used_at datetime(6), revoked_at datetime(6), user_id bigint not null, device_info varchar(255), ip_address varchar(255), token_family varchar(255) not null, token_hash varchar(255) not null, token_id varchar(255) not null, primary key (id)) engine=InnoDB
Hibernate: create table role_permissions (permission_id bigint not null, role_id bigint not null, primary key (permission_id, role_id)) engine=InnoDB
Hibernate: create table roles (created_at datetime(6), id bigint not null auto_increment, updated_at datetime(6), name varchar(255) not null, primary key (id)) engine=InnoDB
Hibernate: create table user_roles (role_id bigint not null, user_id bigint not null, primary key (role_id, user_id)) engine=InnoDB
Hibernate: create table users (created_at datetime(6), id bigint not null auto_increment, updated_at datetime(6), email varchar(255) not null, password varchar(255) not null, username varchar(255) not null, primary key (id)) engine=InnoDB
Hibernate: alter table permissions add constraint UK_pnvtwliis6p05pn6i3ndjrqt2 unique (name)
Hibernate: alter table refresh_tokens add constraint UK_kt71wnjd35heo0p6pewmrdf5f unique (token_id)
Hibernate: alter table roles add constraint UK_ofx66keruapi6vyqpv6f2or37 unique (name)
Hibernate: alter table users add constraint UK_6dotkott2kjsp8vw4d0m25fb7 unique (email)
Hibernate: alter table users add constraint UK_r43af9ap4edm43mmtq01oddj6 unique (username)
Hibernate: alter table account_contacts add constraint FK1i4p37b8too4t95ommx3c4nnq foreign key (contact_id) references contacts (id)
Hibernate: alter table account_contacts add constraint FK3qloc4ujwfpq0jxnngv4emdow foreign key (account_id) references accounts (id)
Hibernate: alter table activities add constraint FKj97fvvdgk04axcyp5d6w838pb foreign key (account_id) references accounts (id)
Hibernate: alter table activities add constraint FKmdpx4pw34wl4uv1pnuiqfapgv foreign key (contact_id) references contacts (id)
Hibernate: alter table activities add constraint FKf7dwdqdh5opaejcemm2r16t0m foreign key (lead_id) references leads (id)
Hibernate: alter table activities add constraint FKtehic8fiattwna4dgrmw35w60 foreign key (opportunity_id) references opportunities (id)
Hibernate: alter table opportunities add constraint FKeyutus9ng4fxunsxib6elbxrt foreign key (account_id) references accounts (id)
Hibernate: alter table opportunities add constraint FKhetfoouns9lskt9sq75lvt0xg foreign key (primary_lead_id) references leads (id)
Hibernate: alter table refresh_tokens add constraint FK1lih5y2npsf8u5o3vhdb9y0os foreign key (user_id) references users (id)
Hibernate: alter table role_permissions add constraint FKegdk29eiy7mdtefy5c7eirr6e foreign key (permission_id) references permissions (id)
Hibernate: alter table role_permissions add constraint FKn5fotdgk8d1xvo8nav9uv3muc foreign key (role_id) references roles (id)
Hibernate: alter table user_roles add constraint FKh8ciramu9cc9q3qcqiv4ue8a6 foreign key (role_id) references roles (id)
Hibernate: alter table user_roles add constraint FKhfh9dx7w3ubf1co1vdev94g3f foreign key (user_id) references users (id)
2026-03-07T22:56:48.081Z  INFO 65 --- [           main] j.LocalContainerEntityManagerFactoryBean : Initialized JPA EntityManagerFactory for persistence unit 'default'
2026-03-07T22:56:50.894Z  INFO 65 --- [           main] o.s.d.j.r.query.QueryEnhancerFactory     : Hibernate is in classpath; If applicable, HQL parser will be used.
2026-03-07T22:56:58.685Z  WARN 65 --- [           main] JpaBaseConfiguration$JpaWebConfiguration : spring.jpa.open-in-view is enabled by default. Therefore, database queries may be performed during view rendering. Explicitly configure spring.jpa.open-in-view to disable this warning
2026-03-07T22:57:02.950Z  INFO 65 --- [           main] o.s.b.a.e.web.EndpointLinksResolver      : Exposing 3 endpoint(s) beneath base path '/actuator'
2026-03-07T22:57:03.427Z  INFO 65 --- [           main] o.s.s.web.DefaultSecurityFilterChain     : Will secure any request with [org.springframework.security.web.session.DisableEncodeUrlFilter@3b9859db, org.springframework.security.web.context.request.async.WebAsyncManagerIntegrationFilter@f23948b, org.springframework.security.web.context.SecurityContextHolderFilter@1c4e4735, org.springframework.security.web.header.HeaderWriterFilter@10b3960f, org.springframework.web.filter.CorsFilter@5fe581e5, org.springframework.security.web.authentication.logout.LogoutFilter@15fa7cfd, com.esse.crm.security.filter.JwtAuthenticationFilter@556322b4, org.springframework.security.web.savedrequest.RequestCacheAwareFilter@3915ff51, org.springframework.security.web.servletapi.SecurityContextHolderAwareRequestFilter@4db72eb3, org.springframework.security.web.authentication.AnonymousAuthenticationFilter@34cd9274, org.springframework.security.web.session.SessionManagementFilter@7de03478, org.springframework.security.web.access.ExceptionTranslationFilter@5ac7b9f2, org.springframework.security.web.access.intercept.AuthorizationFilter@1106446a]
2026-03-07T22:57:09.129Z  INFO 65 --- [           main] o.s.b.t.m.w.SpringBootMockServletContext : Initializing Spring TestDispatcherServlet ''
2026-03-07T22:57:09.130Z  INFO 65 --- [           main] o.s.t.web.servlet.TestDispatcherServlet  : Initializing Servlet ''
2026-03-07T22:57:09.131Z  INFO 65 --- [           main] o.s.t.web.servlet.TestDispatcherServlet  : Completed initialization in 1 ms
2026-03-07T22:57:09.384Z  INFO 65 --- [           main] com.esse.crm.config.AuditingIT           : Started AuditingIT in 68.008 seconds (process running for 75.703)
OpenJDK 64-Bit Server VM warning: Sharing is only supported for boot loader classes because bootstrap classpath has been appended
Hibernate: insert into accounts (account_name,billing_address,created_at,created_by,industry,phone,shipping_address,status,updated_at,updated_by,website) values (?,?,?,?,?,?,?,?,?,?,?)
Hibernate: insert into accounts (account_name,billing_address,created_at,created_by,industry,phone,shipping_address,status,updated_at,updated_by,website) values (?,?,?,?,?,?,?,?,?,?,?)
[INFO] Tests run: 2, Failures: 0, Errors: 0, Skipped: 0, Time elapsed: 78.79 s -- in com.esse.crm.config.AuditingIT
[INFO] Running com.esse.crm.config.CorsConfigIT
2026-03-07T22:57:16.108Z  INFO 65 --- [           main] t.c.s.AnnotationConfigContextLoaderUtils : Could not detect default configuration classes for test class [com.esse.crm.config.CorsConfigIT]: CorsConfigIT does not declare any static, non-private, non-final, nested classes annotated with @Configuration.
2026-03-07T22:57:16.129Z  INFO 65 --- [           main] .b.t.c.SpringBootTestContextBootstrapper : Found @SpringBootConfiguration com.esse.crm.CrmApplication for test class com.esse.crm.config.CorsConfigIT
[INFO] Tests run: 2, Failures: 0, Errors: 0, Skipped: 0, Time elapsed: 0.103 s -- in com.esse.crm.config.CorsConfigIT
[INFO] Running com.esse.crm.controller.AccountControllerIT
2026-03-07T22:57:16.214Z  INFO 65 --- [           main] t.c.s.AnnotationConfigContextLoaderUtils : Could not detect default configuration classes for test class [com.esse.crm.controller.AccountControllerIT]: AccountControllerIT does not declare any static, non-private, non-final, nested classes annotated with @Configuration.
2026-03-07T22:57:16.312Z  INFO 65 --- [           main] .b.t.c.SpringBootTestContextBootstrapper : Found @SpringBootConfiguration com.esse.crm.CrmApplication for test class com.esse.crm.controller.AccountControllerIT
Hibernate: select a1_0.id,a1_0.account_id,a1_0.completed,a1_0.contact_id,a1_0.created_at,a1_0.created_by,a1_0.description,a1_0.due_at,a1_0.lead_id,a1_0.opportunity_id,a1_0.outcome,a1_0.subject,a1_0.type,a1_0.updated_at,a1_0.updated_by from activities a1_0
Hibernate: select o1_0.id,o1_0.account_id,o1_0.amount,o1_0.close_date,o1_0.created_at,o1_0.created_by,o1_0.name,o1_0.primary_lead_id,o1_0.probability,o1_0.stage,o1_0.updated_at,o1_0.updated_by from opportunities o1_0
Hibernate: select a1_0.id,a1_0.account_name,a1_0.billing_address,a1_0.created_at,a1_0.created_by,a1_0.industry,a1_0.phone,a1_0.shipping_address,a1_0.status,a1_0.updated_at,a1_0.updated_by,a1_0.website from accounts a1_0
Hibernate: select c1_0.id,c1_0.created_at,c1_0.created_by,c1_0.email,c1_0.first_name,c1_0.is_primary_contact,c1_0.job_title,c1_0.last_name,c1_0.phone,c1_0.updated_at,c1_0.updated_by from contacts c1_0
Hibernate: select l1_0.id,l1_0.company,l1_0.contact_name,l1_0.created_at,l1_0.created_by,l1_0.email,l1_0.owner_user,l1_0.phone,l1_0.source,l1_0.status,l1_0.updated_at,l1_0.updated_by from leads l1_0
Hibernate: insert into accounts (account_name,billing_address,created_at,created_by,industry,phone,shipping_address,status,updated_at,updated_by,website) values (?,?,?,?,?,?,?,?,?,?,?)
Hibernate: select a1_0.id,a1_0.account_name,a1_0.billing_address,a1_0.created_at,a1_0.created_by,a1_0.industry,a1_0.phone,a1_0.shipping_address,a1_0.status,a1_0.updated_at,a1_0.updated_by,a1_0.website from accounts a1_0 where a1_0.id=?
Hibernate: select c1_0.account_id,c1_1.id,c1_1.created_at,c1_1.created_by,c1_1.email,c1_1.first_name,c1_1.is_primary_contact,c1_1.job_title,c1_1.last_name,c1_1.phone,c1_1.updated_at,c1_1.updated_by from account_contacts c1_0 join contacts c1_1 on c1_1.id=c1_0.contact_id where c1_0.account_id=?
Hibernate: select a1_0.account_id,a1_0.id,a1_0.completed,a1_0.contact_id,a1_0.created_at,a1_0.created_by,a1_0.description,a1_0.due_at,a1_0.lead_id,a1_0.opportunity_id,a1_0.outcome,a1_0.subject,a1_0.type,a1_0.updated_at,a1_0.updated_by from activities a1_0 where a1_0.account_id=?
Hibernate: select a1_0.id,a1_0.account_id,a1_0.completed,a1_0.contact_id,a1_0.created_at,a1_0.created_by,a1_0.description,a1_0.due_at,a1_0.lead_id,a1_0.opportunity_id,a1_0.outcome,a1_0.subject,a1_0.type,a1_0.updated_at,a1_0.updated_by from activities a1_0
Hibernate: select o1_0.id,o1_0.account_id,o1_0.amount,o1_0.close_date,o1_0.created_at,o1_0.created_by,o1_0.name,o1_0.primary_lead_id,o1_0.probability,o1_0.stage,o1_0.updated_at,o1_0.updated_by from opportunities o1_0
Hibernate: select a1_0.id,a1_0.account_name,a1_0.billing_address,a1_0.created_at,a1_0.created_by,a1_0.industry,a1_0.phone,a1_0.shipping_address,a1_0.status,a1_0.updated_at,a1_0.updated_by,a1_0.website from accounts a1_0
Hibernate: select a1_0.account_id,a1_0.id,a1_0.completed,a1_0.contact_id,a1_0.created_at,a1_0.created_by,a1_0.description,a1_0.due_at,a1_0.lead_id,a1_0.opportunity_id,a1_0.outcome,a1_0.subject,a1_0.type,a1_0.updated_at,a1_0.updated_by from activities a1_0 where a1_0.account_id=?
Hibernate: select o1_0.account_id,o1_0.id,o1_0.amount,o1_0.close_date,o1_0.created_at,o1_0.created_by,o1_0.name,o1_0.primary_lead_id,o1_0.probability,o1_0.stage,o1_0.updated_at,o1_0.updated_by from opportunities o1_0 where o1_0.account_id=?
Hibernate: delete from account_contacts where account_id=?
Hibernate: delete from accounts where id=?
Hibernate: select c1_0.id,c1_0.created_at,c1_0.created_by,c1_0.email,c1_0.first_name,c1_0.is_primary_contact,c1_0.job_title,c1_0.last_name,c1_0.phone,c1_0.updated_at,c1_0.updated_by from contacts c1_0
Hibernate: select l1_0.id,l1_0.company,l1_0.contact_name,l1_0.created_at,l1_0.created_by,l1_0.email,l1_0.owner_user,l1_0.phone,l1_0.source,l1_0.status,l1_0.updated_at,l1_0.updated_by from leads l1_0
Hibernate: insert into accounts (account_name,billing_address,created_at,created_by,industry,phone,shipping_address,status,updated_at,updated_by,website) values (?,?,?,?,?,?,?,?,?,?,?)
Hibernate: insert into accounts (account_name,billing_address,created_at,created_by,industry,phone,shipping_address,status,updated_at,updated_by,website) values (?,?,?,?,?,?,?,?,?,?,?)
Hibernate: select a1_0.id,a1_0.account_name,a1_0.billing_address,a1_0.created_at,a1_0.created_by,a1_0.industry,a1_0.phone,a1_0.shipping_address,a1_0.status,a1_0.updated_at,a1_0.updated_by,a1_0.website from accounts a1_0 where (? is null or lower(a1_0.account_name) like lower(concat('%',?,'%')) escape '' or lower(a1_0.industry) like lower(concat('%',?,'%')) escape '') limit ?,?
Hibernate: select c1_0.account_id,c1_1.id,c1_1.created_at,c1_1.created_by,c1_1.email,c1_1.first_name,c1_1.is_primary_contact,c1_1.job_title,c1_1.last_name,c1_1.phone,c1_1.updated_at,c1_1.updated_by from account_contacts c1_0 join contacts c1_1 on c1_1.id=c1_0.contact_id where c1_0.account_id=?
Hibernate: select a1_0.account_id,a1_0.id,a1_0.completed,a1_0.contact_id,a1_0.created_at,a1_0.created_by,a1_0.description,a1_0.due_at,a1_0.lead_id,a1_0.opportunity_id,a1_0.outcome,a1_0.subject,a1_0.type,a1_0.updated_at,a1_0.updated_by from activities a1_0 where a1_0.account_id=?
Hibernate: select a1_0.id,a1_0.account_name,a1_0.billing_address,a1_0.created_at,a1_0.created_by,a1_0.industry,a1_0.phone,a1_0.shipping_address,a1_0.status,a1_0.updated_at,a1_0.updated_by,a1_0.website from accounts a1_0 where (? is null or lower(a1_0.account_name) like lower(concat('%',?,'%')) escape '' or lower(a1_0.industry) like lower(concat('%',?,'%')) escape '') limit ?,?
Hibernate: select c1_0.account_id,c1_1.id,c1_1.created_at,c1_1.created_by,c1_1.email,c1_1.first_name,c1_1.is_primary_contact,c1_1.job_title,c1_1.last_name,c1_1.phone,c1_1.updated_at,c1_1.updated_by from account_contacts c1_0 join contacts c1_1 on c1_1.id=c1_0.contact_id where c1_0.account_id=?
Hibernate: select a1_0.account_id,a1_0.id,a1_0.completed,a1_0.contact_id,a1_0.created_at,a1_0.created_by,a1_0.description,a1_0.due_at,a1_0.lead_id,a1_0.opportunity_id,a1_0.outcome,a1_0.subject,a1_0.type,a1_0.updated_at,a1_0.updated_by from activities a1_0 where a1_0.account_id=?
Hibernate: select a1_0.id,a1_0.account_id,a1_0.completed,a1_0.contact_id,a1_0.created_at,a1_0.created_by,a1_0.description,a1_0.due_at,a1_0.lead_id,a1_0.opportunity_id,a1_0.outcome,a1_0.subject,a1_0.type,a1_0.updated_at,a1_0.updated_by from activities a1_0
Hibernate: select o1_0.id,o1_0.account_id,o1_0.amount,o1_0.close_date,o1_0.created_at,o1_0.created_by,o1_0.name,o1_0.primary_lead_id,o1_0.probability,o1_0.stage,o1_0.updated_at,o1_0.updated_by from opportunities o1_0
Hibernate: select a1_0.id,a1_0.account_name,a1_0.billing_address,a1_0.created_at,a1_0.created_by,a1_0.industry,a1_0.phone,a1_0.shipping_address,a1_0.status,a1_0.updated_at,a1_0.updated_by,a1_0.website from accounts a1_0
Hibernate: select a1_0.account_id,a1_0.id,a1_0.completed,a1_0.contact_id,a1_0.created_at,a1_0.created_by,a1_0.description,a1_0.due_at,a1_0.lead_id,a1_0.opportunity_id,a1_0.outcome,a1_0.subject,a1_0.type,a1_0.updated_at,a1_0.updated_by from activities a1_0 where a1_0.account_id=?
Hibernate: select o1_0.account_id,o1_0.id,o1_0.amount,o1_0.close_date,o1_0.created_at,o1_0.created_by,o1_0.name,o1_0.primary_lead_id,o1_0.probability,o1_0.stage,o1_0.updated_at,o1_0.updated_by from opportunities o1_0 where o1_0.account_id=?
Hibernate: select a1_0.account_id,a1_0.id,a1_0.completed,a1_0.contact_id,a1_0.created_at,a1_0.created_by,a1_0.description,a1_0.due_at,a1_0.lead_id,a1_0.opportunity_id,a1_0.outcome,a1_0.subject,a1_0.type,a1_0.updated_at,a1_0.updated_by from activities a1_0 where a1_0.account_id=?
Hibernate: select o1_0.account_id,o1_0.id,o1_0.amount,o1_0.close_date,o1_0.created_at,o1_0.created_by,o1_0.name,o1_0.primary_lead_id,o1_0.probability,o1_0.stage,o1_0.updated_at,o1_0.updated_by from opportunities o1_0 where o1_0.account_id=?
Hibernate: delete from account_contacts where account_id=?
Hibernate: delete from account_contacts where account_id=?
Hibernate: delete from accounts where id=?
Hibernate: delete from accounts where id=?
Hibernate: select c1_0.id,c1_0.created_at,c1_0.created_by,c1_0.email,c1_0.first_name,c1_0.is_primary_contact,c1_0.job_title,c1_0.last_name,c1_0.phone,c1_0.updated_at,c1_0.updated_by from contacts c1_0
Hibernate: select l1_0.id,l1_0.company,l1_0.contact_name,l1_0.created_at,l1_0.created_by,l1_0.email,l1_0.owner_user,l1_0.phone,l1_0.source,l1_0.status,l1_0.updated_at,l1_0.updated_by from leads l1_0
Hibernate: insert into accounts (account_name,billing_address,created_at,created_by,industry,phone,shipping_address,status,updated_at,updated_by,website) values (?,?,?,?,?,?,?,?,?,?,?)
Hibernate: select a1_0.id,a1_0.account_id,a1_0.completed,a1_0.contact_id,a1_0.created_at,a1_0.created_by,a1_0.description,a1_0.due_at,a1_0.lead_id,a1_0.opportunity_id,a1_0.outcome,a1_0.subject,a1_0.type,a1_0.updated_at,a1_0.updated_by from activities a1_0
Hibernate: select o1_0.id,o1_0.account_id,o1_0.amount,o1_0.close_date,o1_0.created_at,o1_0.created_by,o1_0.name,o1_0.primary_lead_id,o1_0.probability,o1_0.stage,o1_0.updated_at,o1_0.updated_by from opportunities o1_0
Hibernate: select a1_0.id,a1_0.account_name,a1_0.billing_address,a1_0.created_at,a1_0.created_by,a1_0.industry,a1_0.phone,a1_0.shipping_address,a1_0.status,a1_0.updated_at,a1_0.updated_by,a1_0.website from accounts a1_0
Hibernate: select a1_0.account_id,a1_0.id,a1_0.completed,a1_0.contact_id,a1_0.created_at,a1_0.created_by,a1_0.description,a1_0.due_at,a1_0.lead_id,a1_0.opportunity_id,a1_0.outcome,a1_0.subject,a1_0.type,a1_0.updated_at,a1_0.updated_by from activities a1_0 where a1_0.account_id=?
Hibernate: select o1_0.account_id,o1_0.id,o1_0.amount,o1_0.close_date,o1_0.created_at,o1_0.created_by,o1_0.name,o1_0.primary_lead_id,o1_0.probability,o1_0.stage,o1_0.updated_at,o1_0.updated_by from opportunities o1_0 where o1_0.account_id=?
Hibernate: delete from account_contacts where account_id=?
Hibernate: delete from accounts where id=?
Hibernate: select c1_0.id,c1_0.created_at,c1_0.created_by,c1_0.email,c1_0.first_name,c1_0.is_primary_contact,c1_0.job_title,c1_0.last_name,c1_0.phone,c1_0.updated_at,c1_0.updated_by from contacts c1_0
Hibernate: select l1_0.id,l1_0.company,l1_0.contact_name,l1_0.created_at,l1_0.created_by,l1_0.email,l1_0.owner_user,l1_0.phone,l1_0.source,l1_0.status,l1_0.updated_at,l1_0.updated_by from leads l1_0
Hibernate: insert into accounts (account_name,billing_address,created_at,created_by,industry,phone,shipping_address,status,updated_at,updated_by,website) values (?,?,?,?,?,?,?,?,?,?,?)
Hibernate: select a1_0.id,a1_0.account_name,a1_0.billing_address,a1_0.created_at,a1_0.created_by,a1_0.industry,a1_0.phone,a1_0.shipping_address,a1_0.status,a1_0.updated_at,a1_0.updated_by,a1_0.website from accounts a1_0 where a1_0.id=?
Hibernate: select c1_0.account_id,c1_1.id,c1_1.created_at,c1_1.created_by,c1_1.email,c1_1.first_name,c1_1.is_primary_contact,c1_1.job_title,c1_1.last_name,c1_1.phone,c1_1.updated_at,c1_1.updated_by from account_contacts c1_0 join contacts c1_1 on c1_1.id=c1_0.contact_id where c1_0.account_id=?
Hibernate: select a1_0.account_id,a1_0.id,a1_0.completed,a1_0.contact_id,a1_0.created_at,a1_0.created_by,a1_0.description,a1_0.due_at,a1_0.lead_id,a1_0.opportunity_id,a1_0.outcome,a1_0.subject,a1_0.type,a1_0.updated_at,a1_0.updated_by from activities a1_0 where a1_0.account_id=?
Hibernate: update accounts set account_name=?,billing_address=?,industry=?,phone=?,shipping_address=?,status=?,updated_at=?,updated_by=?,website=? where id=?
Hibernate: select a1_0.id,a1_0.account_id,a1_0.completed,a1_0.contact_id,a1_0.created_at,a1_0.created_by,a1_0.description,a1_0.due_at,a1_0.lead_id,a1_0.opportunity_id,a1_0.outcome,a1_0.subject,a1_0.type,a1_0.updated_at,a1_0.updated_by from activities a1_0
Hibernate: select o1_0.id,o1_0.account_id,o1_0.amount,o1_0.close_date,o1_0.created_at,o1_0.created_by,o1_0.name,o1_0.primary_lead_id,o1_0.probability,o1_0.stage,o1_0.updated_at,o1_0.updated_by from opportunities o1_0
Hibernate: select a1_0.id,a1_0.account_name,a1_0.billing_address,a1_0.created_at,a1_0.created_by,a1_0.industry,a1_0.phone,a1_0.shipping_address,a1_0.status,a1_0.updated_at,a1_0.updated_by,a1_0.website from accounts a1_0
Hibernate: select a1_0.account_id,a1_0.id,a1_0.completed,a1_0.contact_id,a1_0.created_at,a1_0.created_by,a1_0.description,a1_0.due_at,a1_0.lead_id,a1_0.opportunity_id,a1_0.outcome,a1_0.subject,a1_0.type,a1_0.updated_at,a1_0.updated_by from activities a1_0 where a1_0.account_id=?
Hibernate: select o1_0.account_id,o1_0.id,o1_0.amount,o1_0.close_date,o1_0.created_at,o1_0.created_by,o1_0.name,o1_0.primary_lead_id,o1_0.probability,o1_0.stage,o1_0.updated_at,o1_0.updated_by from opportunities o1_0 where o1_0.account_id=?
Hibernate: delete from account_contacts where account_id=?
Hibernate: delete from accounts where id=?
Hibernate: select c1_0.id,c1_0.created_at,c1_0.created_by,c1_0.email,c1_0.first_name,c1_0.is_primary_contact,c1_0.job_title,c1_0.last_name,c1_0.phone,c1_0.updated_at,c1_0.updated_by from contacts c1_0
Hibernate: select l1_0.id,l1_0.company,l1_0.contact_name,l1_0.created_at,l1_0.created_by,l1_0.email,l1_0.owner_user,l1_0.phone,l1_0.source,l1_0.status,l1_0.updated_at,l1_0.updated_by from leads l1_0
Hibernate: insert into accounts (account_name,billing_address,created_at,created_by,industry,phone,shipping_address,status,updated_at,updated_by,website) values (?,?,?,?,?,?,?,?,?,?,?)
Hibernate: select a1_0.id,a1_0.account_name,a1_0.billing_address,a1_0.created_at,a1_0.created_by,a1_0.industry,a1_0.phone,a1_0.shipping_address,a1_0.status,a1_0.updated_at,a1_0.updated_by,a1_0.website from accounts a1_0 where a1_0.id=?
Hibernate: select a1_0.account_id,a1_0.id,a1_0.completed,a1_0.contact_id,a1_0.created_at,a1_0.created_by,a1_0.description,a1_0.due_at,a1_0.lead_id,a1_0.opportunity_id,a1_0.outcome,a1_0.subject,a1_0.type,a1_0.updated_at,a1_0.updated_by from activities a1_0 where a1_0.account_id=?
Hibernate: select o1_0.account_id,o1_0.id,o1_0.amount,o1_0.close_date,o1_0.created_at,o1_0.created_by,o1_0.name,o1_0.primary_lead_id,o1_0.probability,o1_0.stage,o1_0.updated_at,o1_0.updated_by from opportunities o1_0 where o1_0.account_id=?
Hibernate: delete from account_contacts where account_id=?
Hibernate: delete from accounts where id=?
Hibernate: select a1_0.id,a1_0.account_name,a1_0.billing_address,a1_0.created_at,a1_0.created_by,a1_0.industry,a1_0.phone,a1_0.shipping_address,a1_0.status,a1_0.updated_at,a1_0.updated_by,a1_0.website from accounts a1_0 where a1_0.id=?
[INFO] Tests run: 5, Failures: 0, Errors: 0, Skipped: 0, Time elapsed: 2.157 s -- in com.esse.crm.controller.AccountControllerIT
[INFO] Running com.esse.crm.controller.ActivityControllerIT
2026-03-07T22:57:18.371Z  INFO 65 --- [           main] t.c.s.AnnotationConfigContextLoaderUtils : Could not detect default configuration classes for test class [com.esse.crm.controller.ActivityControllerIT]: ActivityControllerIT does not declare any static, non-private, non-final, nested classes annotated with @Configuration.
2026-03-07T22:57:18.383Z  INFO 65 --- [           main] .b.t.c.SpringBootTestContextBootstrapper : Found @SpringBootConfiguration com.esse.crm.CrmApplication for test class com.esse.crm.controller.ActivityControllerIT
Hibernate: select a1_0.id,a1_0.account_id,a1_0.completed,a1_0.contact_id,a1_0.created_at,a1_0.created_by,a1_0.description,a1_0.due_at,a1_0.lead_id,a1_0.opportunity_id,a1_0.outcome,a1_0.subject,a1_0.type,a1_0.updated_at,a1_0.updated_by from activities a1_0
Hibernate: select o1_0.id,o1_0.account_id,o1_0.amount,o1_0.close_date,o1_0.created_at,o1_0.created_by,o1_0.name,o1_0.primary_lead_id,o1_0.probability,o1_0.stage,o1_0.updated_at,o1_0.updated_by from opportunities o1_0
Hibernate: select l1_0.id,l1_0.company,l1_0.contact_name,l1_0.created_at,l1_0.created_by,l1_0.email,l1_0.owner_user,l1_0.phone,l1_0.source,l1_0.status,l1_0.updated_at,l1_0.updated_by from leads l1_0
Hibernate: select a1_0.id,a1_0.account_name,a1_0.billing_address,a1_0.created_at,a1_0.created_by,a1_0.industry,a1_0.phone,a1_0.shipping_address,a1_0.status,a1_0.updated_at,a1_0.updated_by,a1_0.website from accounts a1_0
Hibernate: insert into accounts (account_name,billing_address,created_at,created_by,industry,phone,shipping_address,status,updated_at,updated_by,website) values (?,?,?,?,?,?,?,?,?,?,?)
Hibernate: insert into activities (account_id,completed,contact_id,created_at,created_by,description,due_at,lead_id,opportunity_id,outcome,subject,type,updated_at,updated_by) values (?,?,?,?,?,?,?,?,?,?,?,?,?,?)
Hibernate: select a1_0.id,a1_0.account_id,a1_0.completed,a1_0.contact_id,a1_0.created_at,a1_0.created_by,a1_0.description,a1_0.due_at,a1_0.lead_id,a1_0.opportunity_id,a1_0.outcome,a1_0.subject,a1_0.type,a1_0.updated_at,a1_0.updated_by from activities a1_0 where a1_0.id=?
Hibernate: update activities set account_id=?,completed=?,contact_id=?,description=?,due_at=?,lead_id=?,opportunity_id=?,outcome=?,subject=?,type=?,updated_at=?,updated_by=? where id=?
Hibernate: select a1_0.id,a1_0.account_id,a1_0.completed,a1_0.contact_id,a1_0.created_at,a1_0.created_by,a1_0.description,a1_0.due_at,a1_0.lead_id,a1_0.opportunity_id,a1_0.outcome,a1_0.subject,a1_0.type,a1_0.updated_at,a1_0.updated_by from activities a1_0
Hibernate: delete from activities where id=?
Hibernate: select o1_0.id,o1_0.account_id,o1_0.amount,o1_0.close_date,o1_0.created_at,o1_0.created_by,o1_0.name,o1_0.primary_lead_id,o1_0.probability,o1_0.stage,o1_0.updated_at,o1_0.updated_by from opportunities o1_0
Hibernate: select l1_0.id,l1_0.company,l1_0.contact_name,l1_0.created_at,l1_0.created_by,l1_0.email,l1_0.owner_user,l1_0.phone,l1_0.source,l1_0.status,l1_0.updated_at,l1_0.updated_by from leads l1_0
Hibernate: select a1_0.id,a1_0.account_name,a1_0.billing_address,a1_0.created_at,a1_0.created_by,a1_0.industry,a1_0.phone,a1_0.shipping_address,a1_0.status,a1_0.updated_at,a1_0.updated_by,a1_0.website from accounts a1_0
Hibernate: select a1_0.account_id,a1_0.id,a1_0.completed,a1_0.contact_id,a1_0.created_at,a1_0.created_by,a1_0.description,a1_0.due_at,a1_0.lead_id,a1_0.opportunity_id,a1_0.outcome,a1_0.subject,a1_0.type,a1_0.updated_at,a1_0.updated_by from activities a1_0 where a1_0.account_id=?
Hibernate: select o1_0.account_id,o1_0.id,o1_0.amount,o1_0.close_date,o1_0.created_at,o1_0.created_by,o1_0.name,o1_0.primary_lead_id,o1_0.probability,o1_0.stage,o1_0.updated_at,o1_0.updated_by from opportunities o1_0 where o1_0.account_id=?
Hibernate: delete from account_contacts where account_id=?
Hibernate: delete from accounts where id=?
Hibernate: insert into accounts (account_name,billing_address,created_at,created_by,industry,phone,shipping_address,status,updated_at,updated_by,website) values (?,?,?,?,?,?,?,?,?,?,?)
Hibernate: insert into activities (account_id,completed,contact_id,created_at,created_by,description,due_at,lead_id,opportunity_id,outcome,subject,type,updated_at,updated_by) values (?,?,?,?,?,?,?,?,?,?,?,?,?,?)
Hibernate: select a1_0.id,a1_0.account_id,a1_0.completed,a1_0.contact_id,a1_0.created_at,a1_0.created_by,a1_0.description,a1_0.due_at,a1_0.lead_id,a1_0.opportunity_id,a1_0.outcome,a1_0.subject,a1_0.type,a1_0.updated_at,a1_0.updated_by from activities a1_0
Hibernate: delete from activities where id=?
Hibernate: select o1_0.id,o1_0.account_id,o1_0.amount,o1_0.close_date,o1_0.created_at,o1_0.created_by,o1_0.name,o1_0.primary_lead_id,o1_0.probability,o1_0.stage,o1_0.updated_at,o1_0.updated_by from opportunities o1_0
Hibernate: select l1_0.id,l1_0.company,l1_0.contact_name,l1_0.created_at,l1_0.created_by,l1_0.email,l1_0.owner_user,l1_0.phone,l1_0.source,l1_0.status,l1_0.updated_at,l1_0.updated_by from leads l1_0
Hibernate: select a1_0.id,a1_0.account_name,a1_0.billing_address,a1_0.created_at,a1_0.created_by,a1_0.industry,a1_0.phone,a1_0.shipping_address,a1_0.status,a1_0.updated_at,a1_0.updated_by,a1_0.website from accounts a1_0
Hibernate: select a1_0.account_id,a1_0.id,a1_0.completed,a1_0.contact_id,a1_0.created_at,a1_0.created_by,a1_0.description,a1_0.due_at,a1_0.lead_id,a1_0.opportunity_id,a1_0.outcome,a1_0.subject,a1_0.type,a1_0.updated_at,a1_0.updated_by from activities a1_0 where a1_0.account_id=?
Hibernate: select o1_0.account_id,o1_0.id,o1_0.amount,o1_0.close_date,o1_0.created_at,o1_0.created_by,o1_0.name,o1_0.primary_lead_id,o1_0.probability,o1_0.stage,o1_0.updated_at,o1_0.updated_by from opportunities o1_0 where o1_0.account_id=?
Hibernate: delete from account_contacts where account_id=?
Hibernate: delete from accounts where id=?
Hibernate: insert into accounts (account_name,billing_address,created_at,created_by,industry,phone,shipping_address,status,updated_at,updated_by,website) values (?,?,?,?,?,?,?,?,?,?,?)
Hibernate: insert into activities (account_id,completed,contact_id,created_at,created_by,description,due_at,lead_id,opportunity_id,outcome,subject,type,updated_at,updated_by) values (?,?,?,?,?,?,?,?,?,?,?,?,?,?)
Hibernate: select a1_0.id,a1_0.account_id,a1_0.completed,a1_0.contact_id,a1_0.created_at,a1_0.created_by,a1_0.description,a1_0.due_at,a1_0.lead_id,a1_0.opportunity_id,a1_0.outcome,a1_0.subject,a1_0.type,a1_0.updated_at,a1_0.updated_by from activities a1_0 where a1_0.id=?
Hibernate: update activities set account_id=?,completed=?,contact_id=?,description=?,due_at=?,lead_id=?,opportunity_id=?,outcome=?,subject=?,type=?,updated_at=?,updated_by=? where id=?
Hibernate: select a1_0.id,a1_0.account_id,a1_0.completed,a1_0.contact_id,a1_0.created_at,a1_0.created_by,a1_0.description,a1_0.due_at,a1_0.lead_id,a1_0.opportunity_id,a1_0.outcome,a1_0.subject,a1_0.type,a1_0.updated_at,a1_0.updated_by from activities a1_0
Hibernate: delete from activities where id=?
Hibernate: select o1_0.id,o1_0.account_id,o1_0.amount,o1_0.close_date,o1_0.created_at,o1_0.created_by,o1_0.name,o1_0.primary_lead_id,o1_0.probability,o1_0.stage,o1_0.updated_at,o1_0.updated_by from opportunities o1_0
Hibernate: select l1_0.id,l1_0.company,l1_0.contact_name,l1_0.created_at,l1_0.created_by,l1_0.email,l1_0.owner_user,l1_0.phone,l1_0.source,l1_0.status,l1_0.updated_at,l1_0.updated_by from leads l1_0
Hibernate: select a1_0.id,a1_0.account_name,a1_0.billing_address,a1_0.created_at,a1_0.created_by,a1_0.industry,a1_0.phone,a1_0.shipping_address,a1_0.status,a1_0.updated_at,a1_0.updated_by,a1_0.website from accounts a1_0
Hibernate: select a1_0.account_id,a1_0.id,a1_0.completed,a1_0.contact_id,a1_0.created_at,a1_0.created_by,a1_0.description,a1_0.due_at,a1_0.lead_id,a1_0.opportunity_id,a1_0.outcome,a1_0.subject,a1_0.type,a1_0.updated_at,a1_0.updated_by from activities a1_0 where a1_0.account_id=?
Hibernate: select o1_0.account_id,o1_0.id,o1_0.amount,o1_0.close_date,o1_0.created_at,o1_0.created_by,o1_0.name,o1_0.primary_lead_id,o1_0.probability,o1_0.stage,o1_0.updated_at,o1_0.updated_by from opportunities o1_0 where o1_0.account_id=?
Hibernate: delete from account_contacts where account_id=?
Hibernate: delete from accounts where id=?
Hibernate: insert into accounts (account_name,billing_address,created_at,created_by,industry,phone,shipping_address,status,updated_at,updated_by,website) values (?,?,?,?,?,?,?,?,?,?,?)
Hibernate: insert into activities (account_id,completed,contact_id,created_at,created_by,description,due_at,lead_id,opportunity_id,outcome,subject,type,updated_at,updated_by) values (?,?,?,?,?,?,?,?,?,?,?,?,?,?)
Hibernate: select count(*) from activities a1_0 where a1_0.id=?
Hibernate: select a1_0.id,a1_0.account_id,a1_0.completed,a1_0.contact_id,a1_0.created_at,a1_0.created_by,a1_0.description,a1_0.due_at,a1_0.lead_id,a1_0.opportunity_id,a1_0.outcome,a1_0.subject,a1_0.type,a1_0.updated_at,a1_0.updated_by from activities a1_0 where a1_0.id=?
Hibernate: delete from activities where id=?
Hibernate: select a1_0.id,a1_0.account_id,a1_0.completed,a1_0.contact_id,a1_0.created_at,a1_0.created_by,a1_0.description,a1_0.due_at,a1_0.lead_id,a1_0.opportunity_id,a1_0.outcome,a1_0.subject,a1_0.type,a1_0.updated_at,a1_0.updated_by from activities a1_0 where a1_0.id=?
Hibernate: select a1_0.id,a1_0.account_id,a1_0.completed,a1_0.contact_id,a1_0.created_at,a1_0.created_by,a1_0.description,a1_0.due_at,a1_0.lead_id,a1_0.opportunity_id,a1_0.outcome,a1_0.subject,a1_0.type,a1_0.updated_at,a1_0.updated_by from activities a1_0
Hibernate: select o1_0.id,o1_0.account_id,o1_0.amount,o1_0.close_date,o1_0.created_at,o1_0.created_by,o1_0.name,o1_0.primary_lead_id,o1_0.probability,o1_0.stage,o1_0.updated_at,o1_0.updated_by from opportunities o1_0
Hibernate: select l1_0.id,l1_0.company,l1_0.contact_name,l1_0.created_at,l1_0.created_by,l1_0.email,l1_0.owner_user,l1_0.phone,l1_0.source,l1_0.status,l1_0.updated_at,l1_0.updated_by from leads l1_0
Hibernate: select a1_0.id,a1_0.account_name,a1_0.billing_address,a1_0.created_at,a1_0.created_by,a1_0.industry,a1_0.phone,a1_0.shipping_address,a1_0.status,a1_0.updated_at,a1_0.updated_by,a1_0.website from accounts a1_0
Hibernate: select a1_0.account_id,a1_0.id,a1_0.completed,a1_0.contact_id,a1_0.created_at,a1_0.created_by,a1_0.description,a1_0.due_at,a1_0.lead_id,a1_0.opportunity_id,a1_0.outcome,a1_0.subject,a1_0.type,a1_0.updated_at,a1_0.updated_by from activities a1_0 where a1_0.account_id=?
Hibernate: select o1_0.account_id,o1_0.id,o1_0.amount,o1_0.close_date,o1_0.created_at,o1_0.created_by,o1_0.name,o1_0.primary_lead_id,o1_0.probability,o1_0.stage,o1_0.updated_at,o1_0.updated_by from opportunities o1_0 where o1_0.account_id=?
Hibernate: delete from account_contacts where account_id=?
Hibernate: delete from accounts where id=?
Hibernate: insert into accounts (account_name,billing_address,created_at,created_by,industry,phone,shipping_address,status,updated_at,updated_by,website) values (?,?,?,?,?,?,?,?,?,?,?)
Hibernate: insert into activities (account_id,completed,contact_id,created_at,created_by,description,due_at,lead_id,opportunity_id,outcome,subject,type,updated_at,updated_by) values (?,?,?,?,?,?,?,?,?,?,?,?,?,?)
Hibernate: select a1_0.id,a1_0.account_id,a1_0.completed,a1_0.contact_id,a1_0.created_at,a1_0.created_by,a1_0.description,a1_0.due_at,a1_0.lead_id,a1_0.opportunity_id,a1_0.outcome,a1_0.subject,a1_0.type,a1_0.updated_at,a1_0.updated_by from activities a1_0 where a1_0.id=?
Hibernate: select a1_0.id,a1_0.account_id,a1_0.completed,a1_0.contact_id,a1_0.created_at,a1_0.created_by,a1_0.description,a1_0.due_at,a1_0.lead_id,a1_0.opportunity_id,a1_0.outcome,a1_0.subject,a1_0.type,a1_0.updated_at,a1_0.updated_by from activities a1_0
Hibernate: delete from activities where id=?
Hibernate: select o1_0.id,o1_0.account_id,o1_0.amount,o1_0.close_date,o1_0.created_at,o1_0.created_by,o1_0.name,o1_0.primary_lead_id,o1_0.probability,o1_0.stage,o1_0.updated_at,o1_0.updated_by from opportunities o1_0
Hibernate: select l1_0.id,l1_0.company,l1_0.contact_name,l1_0.created_at,l1_0.created_by,l1_0.email,l1_0.owner_user,l1_0.phone,l1_0.source,l1_0.status,l1_0.updated_at,l1_0.updated_by from leads l1_0
Hibernate: select a1_0.id,a1_0.account_name,a1_0.billing_address,a1_0.created_at,a1_0.created_by,a1_0.industry,a1_0.phone,a1_0.shipping_address,a1_0.status,a1_0.updated_at,a1_0.updated_by,a1_0.website from accounts a1_0
Hibernate: select a1_0.account_id,a1_0.id,a1_0.completed,a1_0.contact_id,a1_0.created_at,a1_0.created_by,a1_0.description,a1_0.due_at,a1_0.lead_id,a1_0.opportunity_id,a1_0.outcome,a1_0.subject,a1_0.type,a1_0.updated_at,a1_0.updated_by from activities a1_0 where a1_0.account_id=?
Hibernate: select o1_0.account_id,o1_0.id,o1_0.amount,o1_0.close_date,o1_0.created_at,o1_0.created_by,o1_0.name,o1_0.primary_lead_id,o1_0.probability,o1_0.stage,o1_0.updated_at,o1_0.updated_by from opportunities o1_0 where o1_0.account_id=?
Hibernate: delete from account_contacts where account_id=?
Hibernate: delete from accounts where id=?
Hibernate: insert into accounts (account_name,billing_address,created_at,created_by,industry,phone,shipping_address,status,updated_at,updated_by,website) values (?,?,?,?,?,?,?,?,?,?,?)
Hibernate: insert into activities (account_id,completed,contact_id,created_at,created_by,description,due_at,lead_id,opportunity_id,outcome,subject,type,updated_at,updated_by) values (?,?,?,?,?,?,?,?,?,?,?,?,?,?)
Hibernate: insert into activities (account_id,completed,contact_id,created_at,created_by,description,due_at,lead_id,opportunity_id,outcome,subject,type,updated_at,updated_by) values (?,?,?,?,?,?,?,?,?,?,?,?,?,?)
Hibernate: select a1_0.id,a1_0.account_id,a1_0.completed,a1_0.contact_id,a1_0.created_at,a1_0.created_by,a1_0.description,a1_0.due_at,a1_0.lead_id,a1_0.opportunity_id,a1_0.outcome,a1_0.subject,a1_0.type,a1_0.updated_at,a1_0.updated_by from activities a1_0 where (? is null or a1_0.completed=?) and (? is null or a1_0.type=?) and (? is null or a1_0.due_at>=?) and (? is null or a1_0.due_at<=?) and (? is null or a1_0.lead_id=?) and (? is null or a1_0.opportunity_id=?) and (? is null or a1_0.account_id=?) and (? is null or a1_0.contact_id=?) limit ?,?
[INFO] Tests run: 6, Failures: 0, Errors: 0, Skipped: 0, Time elapsed: 0.916 s -- in com.esse.crm.controller.ActivityControllerIT
[INFO] Running com.esse.crm.controller.AuthControllerIT
2026-03-07T22:57:19.290Z  INFO 65 --- [           main] t.c.s.AnnotationConfigContextLoaderUtils : Could not detect default configuration classes for test class [com.esse.crm.controller.AuthControllerIT]: AuthControllerIT does not declare any static, non-private, non-final, nested classes annotated with @Configuration.
2026-03-07T22:57:19.309Z  INFO 65 --- [           main] .b.t.c.SpringBootTestContextBootstrapper : Found @SpringBootConfiguration com.esse.crm.CrmApplication for test class com.esse.crm.controller.AuthControllerIT
Hibernate: select rt1_0.id,rt1_0.created_at,rt1_0.device_info,rt1_0.expires_at,rt1_0.ip_address,rt1_0.last_used_at,rt1_0.revoked_at,rt1_0.token_family,rt1_0.token_hash,rt1_0.token_id,rt1_0.user_id from refresh_tokens rt1_0
Hibernate: select au1_0.id,au1_0.created_at,au1_0.email,au1_0.password,au1_0.updated_at,au1_0.username from users au1_0
Hibernate: select rt1_0.id,rt1_0.created_at,rt1_0.device_info,rt1_0.expires_at,rt1_0.ip_address,rt1_0.last_used_at,rt1_0.revoked_at,rt1_0.token_family,rt1_0.token_hash,rt1_0.token_id,rt1_0.user_id from refresh_tokens rt1_0
Hibernate: select au1_0.id,au1_0.created_at,au1_0.email,au1_0.password,au1_0.updated_at,au1_0.username from users au1_0
Hibernate: insert into users (created_at,email,password,updated_at,username) values (?,?,?,?,?)
Hibernate: select au1_0.id,au1_0.created_at,au1_0.email,au1_0.password,r1_0.user_id,r1_1.id,r1_1.created_at,r1_1.name,p1_0.role_id,p1_1.id,p1_1.created_at,p1_1.name,p1_1.updated_at,r1_1.updated_at,au1_0.updated_at,au1_0.username from users au1_0 left join user_roles r1_0 on au1_0.id=r1_0.user_id left join roles r1_1 on r1_1.id=r1_0.role_id left join role_permissions p1_0 on r1_1.id=p1_0.role_id left join permissions p1_1 on p1_1.id=p1_0.permission_id where au1_0.username=?
Hibernate: select au1_0.id,au1_0.created_at,au1_0.email,au1_0.password,r1_0.user_id,r1_1.id,r1_1.created_at,r1_1.name,p1_0.role_id,p1_1.id,p1_1.created_at,p1_1.name,p1_1.updated_at,r1_1.updated_at,au1_0.updated_at,au1_0.username from users au1_0 left join user_roles r1_0 on au1_0.id=r1_0.user_id left join roles r1_1 on r1_1.id=r1_0.role_id left join role_permissions p1_0 on r1_1.id=p1_0.role_id left join permissions p1_1 on p1_1.id=p1_0.permission_id where au1_0.username=?
Hibernate: insert into refresh_tokens (created_at,device_info,expires_at,ip_address,last_used_at,revoked_at,token_family,token_hash,token_id,user_id) values (?,?,?,?,?,?,?,?,?,?)
Hibernate: select rt1_0.id,rt1_0.created_at,rt1_0.device_info,rt1_0.expires_at,rt1_0.ip_address,rt1_0.last_used_at,rt1_0.revoked_at,rt1_0.token_family,rt1_0.token_hash,rt1_0.token_id,rt1_0.user_id from refresh_tokens rt1_0
Hibernate: delete from refresh_tokens where id=?
Hibernate: select au1_0.id,au1_0.created_at,au1_0.email,au1_0.password,au1_0.updated_at,au1_0.username from users au1_0
Hibernate: select r1_0.user_id,r1_1.id,r1_1.created_at,r1_1.name,p1_0.role_id,p1_1.id,p1_1.created_at,p1_1.name,p1_1.updated_at,r1_1.updated_at from user_roles r1_0 join roles r1_1 on r1_1.id=r1_0.role_id left join role_permissions p1_0 on r1_1.id=p1_0.role_id left join permissions p1_1 on p1_1.id=p1_0.permission_id where r1_0.user_id=?
Hibernate: delete from users where id=?
Hibernate: insert into users (created_at,email,password,updated_at,username) values (?,?,?,?,?)
Hibernate: select au1_0.id,au1_0.created_at,au1_0.email,au1_0.password,r1_0.user_id,r1_1.id,r1_1.created_at,r1_1.name,p1_0.role_id,p1_1.id,p1_1.created_at,p1_1.name,p1_1.updated_at,r1_1.updated_at,au1_0.updated_at,au1_0.username from users au1_0 left join user_roles r1_0 on au1_0.id=r1_0.user_id left join roles r1_1 on r1_1.id=r1_0.role_id left join role_permissions p1_0 on r1_1.id=p1_0.role_id left join permissions p1_1 on p1_1.id=p1_0.permission_id where au1_0.username=?
Hibernate: select rt1_0.id,rt1_0.created_at,rt1_0.device_info,rt1_0.expires_at,rt1_0.ip_address,rt1_0.last_used_at,rt1_0.revoked_at,rt1_0.token_family,rt1_0.token_hash,rt1_0.token_id,rt1_0.user_id from refresh_tokens rt1_0
Hibernate: select au1_0.id,au1_0.created_at,au1_0.email,au1_0.password,au1_0.updated_at,au1_0.username from users au1_0
Hibernate: select r1_0.user_id,r1_1.id,r1_1.created_at,r1_1.name,p1_0.role_id,p1_1.id,p1_1.created_at,p1_1.name,p1_1.updated_at,r1_1.updated_at from user_roles r1_0 join roles r1_1 on r1_1.id=r1_0.role_id left join role_permissions p1_0 on r1_1.id=p1_0.role_id left join permissions p1_1 on p1_1.id=p1_0.permission_id where r1_0.user_id=?
Hibernate: delete from users where id=?
Hibernate: insert into users (created_at,email,password,updated_at,username) values (?,?,?,?,?)
Hibernate: select au1_0.id,au1_0.created_at,au1_0.email,au1_0.password,r1_0.user_id,r1_1.id,r1_1.created_at,r1_1.name,p1_0.role_id,p1_1.id,p1_1.created_at,p1_1.name,p1_1.updated_at,r1_1.updated_at,au1_0.updated_at,au1_0.username from users au1_0 left join user_roles r1_0 on au1_0.id=r1_0.user_id left join roles r1_1 on r1_1.id=r1_0.role_id left join role_permissions p1_0 on r1_1.id=p1_0.role_id left join permissions p1_1 on p1_1.id=p1_0.permission_id where au1_0.username=?
Hibernate: select au1_0.id,au1_0.created_at,au1_0.email,au1_0.password,r1_0.user_id,r1_1.id,r1_1.created_at,r1_1.name,p1_0.role_id,p1_1.id,p1_1.created_at,p1_1.name,p1_1.updated_at,r1_1.updated_at,au1_0.updated_at,au1_0.username from users au1_0 left join user_roles r1_0 on au1_0.id=r1_0.user_id left join roles r1_1 on r1_1.id=r1_0.role_id left join role_permissions p1_0 on r1_1.id=p1_0.role_id left join permissions p1_1 on p1_1.id=p1_0.permission_id where au1_0.username=?
Hibernate: insert into refresh_tokens (created_at,device_info,expires_at,ip_address,last_used_at,revoked_at,token_family,token_hash,token_id,user_id) values (?,?,?,?,?,?,?,?,?,?)
Hibernate: select rt1_0.id,rt1_0.created_at,rt1_0.device_info,rt1_0.expires_at,rt1_0.ip_address,rt1_0.last_used_at,rt1_0.revoked_at,rt1_0.token_family,rt1_0.token_hash,rt1_0.token_id,rt1_0.user_id from refresh_tokens rt1_0 where rt1_0.token_id=?
Hibernate: insert into refresh_tokens (created_at,device_info,expires_at,ip_address,last_used_at,revoked_at,token_family,token_hash,token_id,user_id) values (?,?,?,?,?,?,?,?,?,?)
Hibernate: select au1_0.id,au1_0.created_at,au1_0.email,au1_0.password,r1_0.user_id,r1_1.id,r1_1.created_at,r1_1.name,p1_0.role_id,p1_1.id,p1_1.created_at,p1_1.name,p1_1.updated_at,r1_1.updated_at,au1_0.updated_at,au1_0.username from users au1_0 left join user_roles r1_0 on au1_0.id=r1_0.user_id left join roles r1_1 on r1_1.id=r1_0.role_id left join role_permissions p1_0 on r1_1.id=p1_0.role_id left join permissions p1_1 on p1_1.id=p1_0.permission_id where au1_0.id=?
Hibernate: update refresh_tokens set created_at=?,device_info=?,expires_at=?,ip_address=?,last_used_at=?,revoked_at=?,token_family=?,token_hash=?,token_id=?,user_id=? where id=?
Hibernate: select rt1_0.id,rt1_0.created_at,rt1_0.device_info,rt1_0.expires_at,rt1_0.ip_address,rt1_0.last_used_at,rt1_0.revoked_at,rt1_0.token_family,rt1_0.token_hash,rt1_0.token_id,rt1_0.user_id from refresh_tokens rt1_0
Hibernate: delete from refresh_tokens where id=?
Hibernate: delete from refresh_tokens where id=?
Hibernate: select au1_0.id,au1_0.created_at,au1_0.email,au1_0.password,au1_0.updated_at,au1_0.username from users au1_0
Hibernate: select r1_0.user_id,r1_1.id,r1_1.created_at,r1_1.name,p1_0.role_id,p1_1.id,p1_1.created_at,p1_1.name,p1_1.updated_at,r1_1.updated_at from user_roles r1_0 join roles r1_1 on r1_1.id=r1_0.role_id left join role_permissions p1_0 on r1_1.id=p1_0.role_id left join permissions p1_1 on p1_1.id=p1_0.permission_id where r1_0.user_id=?
Hibernate: delete from users where id=?
Hibernate: insert into users (created_at,email,password,updated_at,username) values (?,?,?,?,?)
Hibernate: select au1_0.id,au1_0.created_at,au1_0.email,au1_0.password,r1_0.user_id,r1_1.id,r1_1.created_at,r1_1.name,p1_0.role_id,p1_1.id,p1_1.created_at,p1_1.name,p1_1.updated_at,r1_1.updated_at,au1_0.updated_at,au1_0.username from users au1_0 left join user_roles r1_0 on au1_0.id=r1_0.user_id left join roles r1_1 on r1_1.id=r1_0.role_id left join role_permissions p1_0 on r1_1.id=p1_0.role_id left join permissions p1_1 on p1_1.id=p1_0.permission_id where au1_0.username=?
Hibernate: select au1_0.id,au1_0.created_at,au1_0.email,au1_0.password,r1_0.user_id,r1_1.id,r1_1.created_at,r1_1.name,p1_0.role_id,p1_1.id,p1_1.created_at,p1_1.name,p1_1.updated_at,r1_1.updated_at,au1_0.updated_at,au1_0.username from users au1_0 left join user_roles r1_0 on au1_0.id=r1_0.user_id left join roles r1_1 on r1_1.id=r1_0.role_id left join role_permissions p1_0 on r1_1.id=p1_0.role_id left join permissions p1_1 on p1_1.id=p1_0.permission_id where au1_0.username=?
Hibernate: insert into refresh_tokens (created_at,device_info,expires_at,ip_address,last_used_at,revoked_at,token_family,token_hash,token_id,user_id) values (?,?,?,?,?,?,?,?,?,?)
Hibernate: select rt1_0.id,rt1_0.created_at,rt1_0.device_info,rt1_0.expires_at,rt1_0.ip_address,rt1_0.last_used_at,rt1_0.revoked_at,rt1_0.token_family,rt1_0.token_hash,rt1_0.token_id,rt1_0.user_id from refresh_tokens rt1_0 where rt1_0.token_id=?
Hibernate: insert into refresh_tokens (created_at,device_info,expires_at,ip_address,last_used_at,revoked_at,token_family,token_hash,token_id,user_id) values (?,?,?,?,?,?,?,?,?,?)
Hibernate: select au1_0.id,au1_0.created_at,au1_0.email,au1_0.password,r1_0.user_id,r1_1.id,r1_1.created_at,r1_1.name,p1_0.role_id,p1_1.id,p1_1.created_at,p1_1.name,p1_1.updated_at,r1_1.updated_at,au1_0.updated_at,au1_0.username from users au1_0 left join user_roles r1_0 on au1_0.id=r1_0.user_id left join roles r1_1 on r1_1.id=r1_0.role_id left join role_permissions p1_0 on r1_1.id=p1_0.role_id left join permissions p1_1 on p1_1.id=p1_0.permission_id where au1_0.id=?
Hibernate: update refresh_tokens set created_at=?,device_info=?,expires_at=?,ip_address=?,last_used_at=?,revoked_at=?,token_family=?,token_hash=?,token_id=?,user_id=? where id=?
Hibernate: select rt1_0.id,rt1_0.created_at,rt1_0.device_info,rt1_0.expires_at,rt1_0.ip_address,rt1_0.last_used_at,rt1_0.revoked_at,rt1_0.token_family,rt1_0.token_hash,rt1_0.token_id,rt1_0.user_id from refresh_tokens rt1_0 where rt1_0.token_id=?
2026-03-07T22:57:21.555Z  WARN 65 --- [           main] c.e.c.s.service.RefreshTokenService      : Refresh token is revoked or expired. Revoking token family: 2b6a073f-c311-4d48-bfc6-5d2c0070f476
Hibernate: select rt1_0.id,rt1_0.created_at,rt1_0.device_info,rt1_0.expires_at,rt1_0.ip_address,rt1_0.last_used_at,rt1_0.revoked_at,rt1_0.token_family,rt1_0.token_hash,rt1_0.token_id,rt1_0.user_id from refresh_tokens rt1_0 where rt1_0.token_family=?
Hibernate: select rt1_0.id,rt1_0.created_at,rt1_0.device_info,rt1_0.expires_at,rt1_0.ip_address,rt1_0.last_used_at,rt1_0.revoked_at,rt1_0.token_family,rt1_0.token_hash,rt1_0.token_id,rt1_0.user_id from refresh_tokens rt1_0
Hibernate: delete from refresh_tokens where id=?
Hibernate: delete from refresh_tokens where id=?
Hibernate: select au1_0.id,au1_0.created_at,au1_0.email,au1_0.password,au1_0.updated_at,au1_0.username from users au1_0
Hibernate: select r1_0.user_id,r1_1.id,r1_1.created_at,r1_1.name,p1_0.role_id,p1_1.id,p1_1.created_at,p1_1.name,p1_1.updated_at,r1_1.updated_at from user_roles r1_0 join roles r1_1 on r1_1.id=r1_0.role_id left join role_permissions p1_0 on r1_1.id=p1_0.role_id left join permissions p1_1 on p1_1.id=p1_0.permission_id where r1_0.user_id=?
Hibernate: delete from users where id=?
[INFO] Tests run: 6, Failures: 0, Errors: 0, Skipped: 0, Time elapsed: 2.349 s -- in com.esse.crm.controller.AuthControllerIT
[INFO] Running com.esse.crm.controller.ContactControllerIT
2026-03-07T22:57:21.642Z  INFO 65 --- [           main] t.c.s.AnnotationConfigContextLoaderUtils : Could not detect default configuration classes for test class [com.esse.crm.controller.ContactControllerIT]: ContactControllerIT does not declare any static, non-private, non-final, nested classes annotated with @Configuration.
2026-03-07T22:57:21.664Z  INFO 65 --- [           main] .b.t.c.SpringBootTestContextBootstrapper : Found @SpringBootConfiguration com.esse.crm.CrmApplication for test class com.esse.crm.controller.ContactControllerIT
Hibernate: select a1_0.id,a1_0.account_id,a1_0.completed,a1_0.contact_id,a1_0.created_at,a1_0.created_by,a1_0.description,a1_0.due_at,a1_0.lead_id,a1_0.opportunity_id,a1_0.outcome,a1_0.subject,a1_0.type,a1_0.updated_at,a1_0.updated_by from activities a1_0
Hibernate: delete from activities where id=?
Hibernate: delete from activities where id=?
Hibernate: select o1_0.id,o1_0.account_id,o1_0.amount,o1_0.close_date,o1_0.created_at,o1_0.created_by,o1_0.name,o1_0.primary_lead_id,o1_0.probability,o1_0.stage,o1_0.updated_at,o1_0.updated_by from opportunities o1_0
Hibernate: select a1_0.id,a1_0.account_name,a1_0.billing_address,a1_0.created_at,a1_0.created_by,a1_0.industry,a1_0.phone,a1_0.shipping_address,a1_0.status,a1_0.updated_at,a1_0.updated_by,a1_0.website from accounts a1_0
Hibernate: select a1_0.account_id,a1_0.id,a1_0.completed,a1_0.contact_id,a1_0.created_at,a1_0.created_by,a1_0.description,a1_0.due_at,a1_0.lead_id,a1_0.opportunity_id,a1_0.outcome,a1_0.subject,a1_0.type,a1_0.updated_at,a1_0.updated_by from activities a1_0 where a1_0.account_id=?
Hibernate: select o1_0.account_id,o1_0.id,o1_0.amount,o1_0.close_date,o1_0.created_at,o1_0.created_by,o1_0.name,o1_0.primary_lead_id,o1_0.probability,o1_0.stage,o1_0.updated_at,o1_0.updated_by from opportunities o1_0 where o1_0.account_id=?
Hibernate: delete from account_contacts where account_id=?
Hibernate: delete from accounts where id=?
Hibernate: select c1_0.id,c1_0.created_at,c1_0.created_by,c1_0.email,c1_0.first_name,c1_0.is_primary_contact,c1_0.job_title,c1_0.last_name,c1_0.phone,c1_0.updated_at,c1_0.updated_by from contacts c1_0
Hibernate: insert into accounts (account_name,billing_address,created_at,created_by,industry,phone,shipping_address,status,updated_at,updated_by,website) values (?,?,?,?,?,?,?,?,?,?,?)
Hibernate: insert into accounts (account_name,billing_address,created_at,created_by,industry,phone,shipping_address,status,updated_at,updated_by,website) values (?,?,?,?,?,?,?,?,?,?,?)
Hibernate: select a1_0.id,a1_0.account_id,a1_0.completed,a1_0.contact_id,a1_0.created_at,a1_0.created_by,a1_0.description,a1_0.due_at,a1_0.lead_id,a1_0.opportunity_id,a1_0.outcome,a1_0.subject,a1_0.type,a1_0.updated_at,a1_0.updated_by from activities a1_0
Hibernate: select o1_0.id,o1_0.account_id,o1_0.amount,o1_0.close_date,o1_0.created_at,o1_0.created_by,o1_0.name,o1_0.primary_lead_id,o1_0.probability,o1_0.stage,o1_0.updated_at,o1_0.updated_by from opportunities o1_0
Hibernate: select a1_0.id,a1_0.account_name,a1_0.billing_address,a1_0.created_at,a1_0.created_by,a1_0.industry,a1_0.phone,a1_0.shipping_address,a1_0.status,a1_0.updated_at,a1_0.updated_by,a1_0.website from accounts a1_0
Hibernate: select a1_0.account_id,a1_0.id,a1_0.completed,a1_0.contact_id,a1_0.created_at,a1_0.created_by,a1_0.description,a1_0.due_at,a1_0.lead_id,a1_0.opportunity_id,a1_0.outcome,a1_0.subject,a1_0.type,a1_0.updated_at,a1_0.updated_by from activities a1_0 where a1_0.account_id=?
Hibernate: select o1_0.account_id,o1_0.id,o1_0.amount,o1_0.close_date,o1_0.created_at,o1_0.created_by,o1_0.name,o1_0.primary_lead_id,o1_0.probability,o1_0.stage,o1_0.updated_at,o1_0.updated_by from opportunities o1_0 where o1_0.account_id=?
Hibernate: select a1_0.account_id,a1_0.id,a1_0.completed,a1_0.contact_id,a1_0.created_at,a1_0.created_by,a1_0.description,a1_0.due_at,a1_0.lead_id,a1_0.opportunity_id,a1_0.outcome,a1_0.subject,a1_0.type,a1_0.updated_at,a1_0.updated_by from activities a1_0 where a1_0.account_id=?
Hibernate: select o1_0.account_id,o1_0.id,o1_0.amount,o1_0.close_date,o1_0.created_at,o1_0.created_by,o1_0.name,o1_0.primary_lead_id,o1_0.probability,o1_0.stage,o1_0.updated_at,o1_0.updated_by from opportunities o1_0 where o1_0.account_id=?
Hibernate: delete from account_contacts where account_id=?
Hibernate: delete from account_contacts where account_id=?
Hibernate: delete from accounts where id=?
Hibernate: delete from accounts where id=?
Hibernate: select c1_0.id,c1_0.created_at,c1_0.created_by,c1_0.email,c1_0.first_name,c1_0.is_primary_contact,c1_0.job_title,c1_0.last_name,c1_0.phone,c1_0.updated_at,c1_0.updated_by from contacts c1_0
Hibernate: insert into accounts (account_name,billing_address,created_at,created_by,industry,phone,shipping_address,status,updated_at,updated_by,website) values (?,?,?,?,?,?,?,?,?,?,?)
Hibernate: insert into accounts (account_name,billing_address,created_at,created_by,industry,phone,shipping_address,status,updated_at,updated_by,website) values (?,?,?,?,?,?,?,?,?,?,?)
Hibernate: select a1_0.id,a1_0.account_id,a1_0.completed,a1_0.contact_id,a1_0.created_at,a1_0.created_by,a1_0.description,a1_0.due_at,a1_0.lead_id,a1_0.opportunity_id,a1_0.outcome,a1_0.subject,a1_0.type,a1_0.updated_at,a1_0.updated_by from activities a1_0
Hibernate: select o1_0.id,o1_0.account_id,o1_0.amount,o1_0.close_date,o1_0.created_at,o1_0.created_by,o1_0.name,o1_0.primary_lead_id,o1_0.probability,o1_0.stage,o1_0.updated_at,o1_0.updated_by from opportunities o1_0
Hibernate: select a1_0.id,a1_0.account_name,a1_0.billing_address,a1_0.created_at,a1_0.created_by,a1_0.industry,a1_0.phone,a1_0.shipping_address,a1_0.status,a1_0.updated_at,a1_0.updated_by,a1_0.website from accounts a1_0
Hibernate: select a1_0.account_id,a1_0.id,a1_0.completed,a1_0.contact_id,a1_0.created_at,a1_0.created_by,a1_0.description,a1_0.due_at,a1_0.lead_id,a1_0.opportunity_id,a1_0.outcome,a1_0.subject,a1_0.type,a1_0.updated_at,a1_0.updated_by from activities a1_0 where a1_0.account_id=?
Hibernate: select o1_0.account_id,o1_0.id,o1_0.amount,o1_0.close_date,o1_0.created_at,o1_0.created_by,o1_0.name,o1_0.primary_lead_id,o1_0.probability,o1_0.stage,o1_0.updated_at,o1_0.updated_by from opportunities o1_0 where o1_0.account_id=?
Hibernate: select a1_0.account_id,a1_0.id,a1_0.completed,a1_0.contact_id,a1_0.created_at,a1_0.created_by,a1_0.description,a1_0.due_at,a1_0.lead_id,a1_0.opportunity_id,a1_0.outcome,a1_0.subject,a1_0.type,a1_0.updated_at,a1_0.updated_by from activities a1_0 where a1_0.account_id=?
Hibernate: select o1_0.account_id,o1_0.id,o1_0.amount,o1_0.close_date,o1_0.created_at,o1_0.created_by,o1_0.name,o1_0.primary_lead_id,o1_0.probability,o1_0.stage,o1_0.updated_at,o1_0.updated_by from opportunities o1_0 where o1_0.account_id=?
Hibernate: delete from account_contacts where account_id=?
Hibernate: delete from account_contacts where account_id=?
Hibernate: delete from accounts where id=?
Hibernate: delete from accounts where id=?
Hibernate: select c1_0.id,c1_0.created_at,c1_0.created_by,c1_0.email,c1_0.first_name,c1_0.is_primary_contact,c1_0.job_title,c1_0.last_name,c1_0.phone,c1_0.updated_at,c1_0.updated_by from contacts c1_0
Hibernate: insert into accounts (account_name,billing_address,created_at,created_by,industry,phone,shipping_address,status,updated_at,updated_by,website) values (?,?,?,?,?,?,?,?,?,?,?)
Hibernate: insert into accounts (account_name,billing_address,created_at,created_by,industry,phone,shipping_address,status,updated_at,updated_by,website) values (?,?,?,?,?,?,?,?,?,?,?)
Hibernate: insert into contacts (created_at,created_by,email,first_name,is_primary_contact,job_title,last_name,phone,updated_at,updated_by) values (?,?,?,?,?,?,?,?,?,?)
Hibernate: select c1_0.id,c1_0.created_at,c1_0.created_by,c1_0.email,c1_0.first_name,c1_0.is_primary_contact,c1_0.job_title,c1_0.last_name,c1_0.phone,c1_0.updated_at,c1_0.updated_by from contacts c1_0 where c1_0.id=?
Hibernate: select a1_0.contact_id,a1_1.id,a1_1.account_name,a1_1.billing_address,a1_1.created_at,a1_1.created_by,a1_1.industry,a1_1.phone,a1_1.shipping_address,a1_1.status,a1_1.updated_at,a1_1.updated_by,a1_1.website from account_contacts a1_0 join accounts a1_1 on a1_1.id=a1_0.account_id where a1_0.contact_id=?
Hibernate: select a1_0.contact_id,a1_0.id,a1_0.account_id,a1_0.completed,a1_0.created_at,a1_0.created_by,a1_0.description,a1_0.due_at,a1_0.lead_id,a1_0.opportunity_id,a1_0.outcome,a1_0.subject,a1_0.type,a1_0.updated_at,a1_0.updated_by from activities a1_0 where a1_0.contact_id=?
Hibernate: select a1_0.id,a1_0.account_id,a1_0.completed,a1_0.contact_id,a1_0.created_at,a1_0.created_by,a1_0.description,a1_0.due_at,a1_0.lead_id,a1_0.opportunity_id,a1_0.outcome,a1_0.subject,a1_0.type,a1_0.updated_at,a1_0.updated_by from activities a1_0
Hibernate: select o1_0.id,o1_0.account_id,o1_0.amount,o1_0.close_date,o1_0.created_at,o1_0.created_by,o1_0.name,o1_0.primary_lead_id,o1_0.probability,o1_0.stage,o1_0.updated_at,o1_0.updated_by from opportunities o1_0
Hibernate: select a1_0.id,a1_0.account_name,a1_0.billing_address,a1_0.created_at,a1_0.created_by,a1_0.industry,a1_0.phone,a1_0.shipping_address,a1_0.status,a1_0.updated_at,a1_0.updated_by,a1_0.website from accounts a1_0
Hibernate: select a1_0.account_id,a1_0.id,a1_0.completed,a1_0.contact_id,a1_0.created_at,a1_0.created_by,a1_0.description,a1_0.due_at,a1_0.lead_id,a1_0.opportunity_id,a1_0.outcome,a1_0.subject,a1_0.type,a1_0.updated_at,a1_0.updated_by from activities a1_0 where a1_0.account_id=?
Hibernate: select o1_0.account_id,o1_0.id,o1_0.amount,o1_0.close_date,o1_0.created_at,o1_0.created_by,o1_0.name,o1_0.primary_lead_id,o1_0.probability,o1_0.stage,o1_0.updated_at,o1_0.updated_by from opportunities o1_0 where o1_0.account_id=?
Hibernate: select a1_0.account_id,a1_0.id,a1_0.completed,a1_0.contact_id,a1_0.created_at,a1_0.created_by,a1_0.description,a1_0.due_at,a1_0.lead_id,a1_0.opportunity_id,a1_0.outcome,a1_0.subject,a1_0.type,a1_0.updated_at,a1_0.updated_by from activities a1_0 where a1_0.account_id=?
Hibernate: select o1_0.account_id,o1_0.id,o1_0.amount,o1_0.close_date,o1_0.created_at,o1_0.created_by,o1_0.name,o1_0.primary_lead_id,o1_0.probability,o1_0.stage,o1_0.updated_at,o1_0.updated_by from opportunities o1_0 where o1_0.account_id=?
Hibernate: delete from account_contacts where account_id=?
Hibernate: delete from account_contacts where account_id=?
Hibernate: delete from accounts where id=?
Hibernate: delete from accounts where id=?
Hibernate: select c1_0.id,c1_0.created_at,c1_0.created_by,c1_0.email,c1_0.first_name,c1_0.is_primary_contact,c1_0.job_title,c1_0.last_name,c1_0.phone,c1_0.updated_at,c1_0.updated_by from contacts c1_0
Hibernate: select a1_0.contact_id,a1_0.id,a1_0.account_id,a1_0.completed,a1_0.created_at,a1_0.created_by,a1_0.description,a1_0.due_at,a1_0.lead_id,a1_0.opportunity_id,a1_0.outcome,a1_0.subject,a1_0.type,a1_0.updated_at,a1_0.updated_by from activities a1_0 where a1_0.contact_id=?
Hibernate: delete from contacts where id=?
Hibernate: insert into accounts (account_name,billing_address,created_at,created_by,industry,phone,shipping_address,status,updated_at,updated_by,website) values (?,?,?,?,?,?,?,?,?,?,?)
Hibernate: insert into accounts (account_name,billing_address,created_at,created_by,industry,phone,shipping_address,status,updated_at,updated_by,website) values (?,?,?,?,?,?,?,?,?,?,?)
Hibernate: select a1_0.id,a1_0.account_name,a1_0.billing_address,a1_0.created_at,a1_0.created_by,a1_0.industry,a1_0.phone,a1_0.shipping_address,a1_0.status,a1_0.updated_at,a1_0.updated_by,a1_0.website from accounts a1_0 where a1_0.id in (?)
Hibernate: select c1_0.account_id,c1_1.id,c1_1.created_at,c1_1.created_by,c1_1.email,c1_1.first_name,c1_1.is_primary_contact,c1_1.job_title,c1_1.last_name,c1_1.phone,c1_1.updated_at,c1_1.updated_by from account_contacts c1_0 join contacts c1_1 on c1_1.id=c1_0.contact_id where c1_0.account_id=?
Hibernate: insert into contacts (created_at,created_by,email,first_name,is_primary_contact,job_title,last_name,phone,updated_at,updated_by) values (?,?,?,?,?,?,?,?,?,?)
Hibernate: insert into account_contacts (account_id,contact_id) values (?,?)
Hibernate: select c1_0.id,c1_0.created_at,c1_0.created_by,c1_0.email,c1_0.first_name,c1_0.is_primary_contact,c1_0.job_title,c1_0.last_name,c1_0.phone,c1_0.updated_at,c1_0.updated_by from contacts c1_0 where c1_0.id=?
Hibernate: select a1_0.id,a1_0.account_name,a1_0.billing_address,a1_0.created_at,a1_0.created_by,a1_0.industry,a1_0.phone,a1_0.shipping_address,a1_0.status,a1_0.updated_at,a1_0.updated_by,a1_0.website from accounts a1_0 where a1_0.id in (?,?)
Hibernate: select a1_0.contact_id,a1_1.id,a1_1.account_name,a1_1.billing_address,a1_1.created_at,a1_1.created_by,a1_1.industry,a1_1.phone,a1_1.shipping_address,a1_1.status,a1_1.updated_at,a1_1.updated_by,a1_1.website from account_contacts a1_0 join accounts a1_1 on a1_1.id=a1_0.account_id where a1_0.contact_id=?
Hibernate: select c1_0.account_id,c1_1.id,c1_1.created_at,c1_1.created_by,c1_1.email,c1_1.first_name,c1_1.is_primary_contact,c1_1.job_title,c1_1.last_name,c1_1.phone,c1_1.updated_at,c1_1.updated_by from account_contacts c1_0 join contacts c1_1 on c1_1.id=c1_0.contact_id where c1_0.account_id=?
Hibernate: select c1_0.account_id,c1_1.id,c1_1.created_at,c1_1.created_by,c1_1.email,c1_1.first_name,c1_1.is_primary_contact,c1_1.job_title,c1_1.last_name,c1_1.phone,c1_1.updated_at,c1_1.updated_by from account_contacts c1_0 join contacts c1_1 on c1_1.id=c1_0.contact_id where c1_0.account_id=?
Hibernate: select a1_0.contact_id,a1_0.id,a1_0.account_id,a1_0.completed,a1_0.created_at,a1_0.created_by,a1_0.description,a1_0.due_at,a1_0.lead_id,a1_0.opportunity_id,a1_0.outcome,a1_0.subject,a1_0.type,a1_0.updated_at,a1_0.updated_by from activities a1_0 where a1_0.contact_id=?
Hibernate: update contacts set email=?,first_name=?,is_primary_contact=?,job_title=?,last_name=?,phone=?,updated_at=?,updated_by=? where id=?
Hibernate: delete from account_contacts where account_id=?
Hibernate: insert into account_contacts (account_id,contact_id) values (?,?)
Hibernate: insert into account_contacts (account_id,contact_id) values (?,?)
Hibernate: select c1_0.id,c1_0.created_at,c1_0.created_by,c1_0.email,c1_0.first_name,c1_0.is_primary_contact,c1_0.job_title,c1_0.last_name,c1_0.phone,c1_0.updated_at,c1_0.updated_by from contacts c1_0 where c1_0.id=?
Hibernate: select a1_0.id,a1_0.account_name,a1_0.billing_address,a1_0.created_at,a1_0.created_by,a1_0.industry,a1_0.phone,a1_0.shipping_address,a1_0.status,a1_0.updated_at,a1_0.updated_by,a1_0.website from accounts a1_0 where a1_0.id in (?)
Hibernate: select a1_0.contact_id,a1_1.id,a1_1.account_name,a1_1.billing_address,a1_1.created_at,a1_1.created_by,a1_1.industry,a1_1.phone,a1_1.shipping_address,a1_1.status,a1_1.updated_at,a1_1.updated_by,a1_1.website from account_contacts a1_0 join accounts a1_1 on a1_1.id=a1_0.account_id where a1_0.contact_id=?
Hibernate: select c1_0.account_id,c1_1.id,c1_1.created_at,c1_1.created_by,c1_1.email,c1_1.first_name,c1_1.is_primary_contact,c1_1.job_title,c1_1.last_name,c1_1.phone,c1_1.updated_at,c1_1.updated_by from account_contacts c1_0 join contacts c1_1 on c1_1.id=c1_0.contact_id where c1_0.account_id=?
Hibernate: select c1_0.account_id,c1_1.id,c1_1.created_at,c1_1.created_by,c1_1.email,c1_1.first_name,c1_1.is_primary_contact,c1_1.job_title,c1_1.last_name,c1_1.phone,c1_1.updated_at,c1_1.updated_by from account_contacts c1_0 join contacts c1_1 on c1_1.id=c1_0.contact_id where c1_0.account_id=?
Hibernate: select a1_0.contact_id,a1_0.id,a1_0.account_id,a1_0.completed,a1_0.created_at,a1_0.created_by,a1_0.description,a1_0.due_at,a1_0.lead_id,a1_0.opportunity_id,a1_0.outcome,a1_0.subject,a1_0.type,a1_0.updated_at,a1_0.updated_by from activities a1_0 where a1_0.contact_id=?
Hibernate: update contacts set email=?,first_name=?,is_primary_contact=?,job_title=?,last_name=?,phone=?,updated_at=?,updated_by=? where id=?
Hibernate: delete from account_contacts where account_id=?
Hibernate: insert into account_contacts (account_id,contact_id) values (?,?)
Hibernate: delete from account_contacts where account_id=?
Hibernate: select a1_0.id,a1_0.account_id,a1_0.completed,a1_0.contact_id,a1_0.created_at,a1_0.created_by,a1_0.description,a1_0.due_at,a1_0.lead_id,a1_0.opportunity_id,a1_0.outcome,a1_0.subject,a1_0.type,a1_0.updated_at,a1_0.updated_by from activities a1_0
Hibernate: select o1_0.id,o1_0.account_id,o1_0.amount,o1_0.close_date,o1_0.created_at,o1_0.created_by,o1_0.name,o1_0.primary_lead_id,o1_0.probability,o1_0.stage,o1_0.updated_at,o1_0.updated_by from opportunities o1_0
Hibernate: select a1_0.id,a1_0.account_name,a1_0.billing_address,a1_0.created_at,a1_0.created_by,a1_0.industry,a1_0.phone,a1_0.shipping_address,a1_0.status,a1_0.updated_at,a1_0.updated_by,a1_0.website from accounts a1_0
Hibernate: select a1_0.account_id,a1_0.id,a1_0.completed,a1_0.contact_id,a1_0.created_at,a1_0.created_by,a1_0.description,a1_0.due_at,a1_0.lead_id,a1_0.opportunity_id,a1_0.outcome,a1_0.subject,a1_0.type,a1_0.updated_at,a1_0.updated_by from activities a1_0 where a1_0.account_id=?
Hibernate: select o1_0.account_id,o1_0.id,o1_0.amount,o1_0.close_date,o1_0.created_at,o1_0.created_by,o1_0.name,o1_0.primary_lead_id,o1_0.probability,o1_0.stage,o1_0.updated_at,o1_0.updated_by from opportunities o1_0 where o1_0.account_id=?
Hibernate: select a1_0.account_id,a1_0.id,a1_0.completed,a1_0.contact_id,a1_0.created_at,a1_0.created_by,a1_0.description,a1_0.due_at,a1_0.lead_id,a1_0.opportunity_id,a1_0.outcome,a1_0.subject,a1_0.type,a1_0.updated_at,a1_0.updated_by from activities a1_0 where a1_0.account_id=?
Hibernate: select o1_0.account_id,o1_0.id,o1_0.amount,o1_0.close_date,o1_0.created_at,o1_0.created_by,o1_0.name,o1_0.primary_lead_id,o1_0.probability,o1_0.stage,o1_0.updated_at,o1_0.updated_by from opportunities o1_0 where o1_0.account_id=?
Hibernate: delete from account_contacts where account_id=?
Hibernate: delete from account_contacts where account_id=?
Hibernate: delete from accounts where id=?
Hibernate: delete from accounts where id=?
Hibernate: select c1_0.id,c1_0.created_at,c1_0.created_by,c1_0.email,c1_0.first_name,c1_0.is_primary_contact,c1_0.job_title,c1_0.last_name,c1_0.phone,c1_0.updated_at,c1_0.updated_by from contacts c1_0
Hibernate: select a1_0.contact_id,a1_0.id,a1_0.account_id,a1_0.completed,a1_0.created_at,a1_0.created_by,a1_0.description,a1_0.due_at,a1_0.lead_id,a1_0.opportunity_id,a1_0.outcome,a1_0.subject,a1_0.type,a1_0.updated_at,a1_0.updated_by from activities a1_0 where a1_0.contact_id=?
Hibernate: delete from contacts where id=?
Hibernate: insert into accounts (account_name,billing_address,created_at,created_by,industry,phone,shipping_address,status,updated_at,updated_by,website) values (?,?,?,?,?,?,?,?,?,?,?)
Hibernate: insert into accounts (account_name,billing_address,created_at,created_by,industry,phone,shipping_address,status,updated_at,updated_by,website) values (?,?,?,?,?,?,?,?,?,?,?)
Hibernate: select a1_0.id,a1_0.account_name,a1_0.billing_address,a1_0.created_at,a1_0.created_by,a1_0.industry,a1_0.phone,a1_0.shipping_address,a1_0.status,a1_0.updated_at,a1_0.updated_by,a1_0.website from accounts a1_0 where a1_0.id in (?,?)
Hibernate: select c1_0.account_id,c1_1.id,c1_1.created_at,c1_1.created_by,c1_1.email,c1_1.first_name,c1_1.is_primary_contact,c1_1.job_title,c1_1.last_name,c1_1.phone,c1_1.updated_at,c1_1.updated_by from account_contacts c1_0 join contacts c1_1 on c1_1.id=c1_0.contact_id where c1_0.account_id=?
Hibernate: select c1_0.account_id,c1_1.id,c1_1.created_at,c1_1.created_by,c1_1.email,c1_1.first_name,c1_1.is_primary_contact,c1_1.job_title,c1_1.last_name,c1_1.phone,c1_1.updated_at,c1_1.updated_by from account_contacts c1_0 join contacts c1_1 on c1_1.id=c1_0.contact_id where c1_0.account_id=?
Hibernate: insert into contacts (created_at,created_by,email,first_name,is_primary_contact,job_title,last_name,phone,updated_at,updated_by) values (?,?,?,?,?,?,?,?,?,?)
Hibernate: insert into account_contacts (account_id,contact_id) values (?,?)
Hibernate: insert into account_contacts (account_id,contact_id) values (?,?)
Hibernate: select a1_0.id,a1_0.account_id,a1_0.completed,a1_0.contact_id,a1_0.created_at,a1_0.created_by,a1_0.description,a1_0.due_at,a1_0.lead_id,a1_0.opportunity_id,a1_0.outcome,a1_0.subject,a1_0.type,a1_0.updated_at,a1_0.updated_by from activities a1_0
Hibernate: select o1_0.id,o1_0.account_id,o1_0.amount,o1_0.close_date,o1_0.created_at,o1_0.created_by,o1_0.name,o1_0.primary_lead_id,o1_0.probability,o1_0.stage,o1_0.updated_at,o1_0.updated_by from opportunities o1_0
Hibernate: select a1_0.id,a1_0.account_name,a1_0.billing_address,a1_0.created_at,a1_0.created_by,a1_0.industry,a1_0.phone,a1_0.shipping_address,a1_0.status,a1_0.updated_at,a1_0.updated_by,a1_0.website from accounts a1_0
Hibernate: select a1_0.account_id,a1_0.id,a1_0.completed,a1_0.contact_id,a1_0.created_at,a1_0.created_by,a1_0.description,a1_0.due_at,a1_0.lead_id,a1_0.opportunity_id,a1_0.outcome,a1_0.subject,a1_0.type,a1_0.updated_at,a1_0.updated_by from activities a1_0 where a1_0.account_id=?
Hibernate: select o1_0.account_id,o1_0.id,o1_0.amount,o1_0.close_date,o1_0.created_at,o1_0.created_by,o1_0.name,o1_0.primary_lead_id,o1_0.probability,o1_0.stage,o1_0.updated_at,o1_0.updated_by from opportunities o1_0 where o1_0.account_id=?
Hibernate: select a1_0.account_id,a1_0.id,a1_0.completed,a1_0.contact_id,a1_0.created_at,a1_0.created_by,a1_0.description,a1_0.due_at,a1_0.lead_id,a1_0.opportunity_id,a1_0.outcome,a1_0.subject,a1_0.type,a1_0.updated_at,a1_0.updated_by from activities a1_0 where a1_0.account_id=?
Hibernate: select o1_0.account_id,o1_0.id,o1_0.amount,o1_0.close_date,o1_0.created_at,o1_0.created_by,o1_0.name,o1_0.primary_lead_id,o1_0.probability,o1_0.stage,o1_0.updated_at,o1_0.updated_by from opportunities o1_0 where o1_0.account_id=?
Hibernate: delete from account_contacts where account_id=?
Hibernate: delete from account_contacts where account_id=?
Hibernate: delete from accounts where id=?
Hibernate: delete from accounts where id=?
Hibernate: select c1_0.id,c1_0.created_at,c1_0.created_by,c1_0.email,c1_0.first_name,c1_0.is_primary_contact,c1_0.job_title,c1_0.last_name,c1_0.phone,c1_0.updated_at,c1_0.updated_by from contacts c1_0
Hibernate: select a1_0.contact_id,a1_0.id,a1_0.account_id,a1_0.completed,a1_0.created_at,a1_0.created_by,a1_0.description,a1_0.due_at,a1_0.lead_id,a1_0.opportunity_id,a1_0.outcome,a1_0.subject,a1_0.type,a1_0.updated_at,a1_0.updated_by from activities a1_0 where a1_0.contact_id=?
Hibernate: delete from contacts where id=?
Hibernate: insert into accounts (account_name,billing_address,created_at,created_by,industry,phone,shipping_address,status,updated_at,updated_by,website) values (?,?,?,?,?,?,?,?,?,?,?)
Hibernate: insert into accounts (account_name,billing_address,created_at,created_by,industry,phone,shipping_address,status,updated_at,updated_by,website) values (?,?,?,?,?,?,?,?,?,?,?)
Hibernate: insert into contacts (created_at,created_by,email,first_name,is_primary_contact,job_title,last_name,phone,updated_at,updated_by) values (?,?,?,?,?,?,?,?,?,?)
Hibernate: select c1_0.id,c1_0.created_at,c1_0.created_by,c1_0.email,c1_0.first_name,c1_0.is_primary_contact,c1_0.job_title,c1_0.last_name,c1_0.phone,c1_0.updated_at,c1_0.updated_by from contacts c1_0 where c1_0.id=?
Hibernate: select a1_0.contact_id,a1_0.id,a1_0.account_id,a1_0.completed,a1_0.created_at,a1_0.created_by,a1_0.description,a1_0.due_at,a1_0.lead_id,a1_0.opportunity_id,a1_0.outcome,a1_0.subject,a1_0.type,a1_0.updated_at,a1_0.updated_by from activities a1_0 where a1_0.contact_id=?
Hibernate: delete from contacts where id=?
Hibernate: select c1_0.id,c1_0.created_at,c1_0.created_by,c1_0.email,c1_0.first_name,c1_0.is_primary_contact,c1_0.job_title,c1_0.last_name,c1_0.phone,c1_0.updated_at,c1_0.updated_by from contacts c1_0 where c1_0.id=?
Hibernate: select a1_0.id,a1_0.account_id,a1_0.completed,a1_0.contact_id,a1_0.created_at,a1_0.created_by,a1_0.description,a1_0.due_at,a1_0.lead_id,a1_0.opportunity_id,a1_0.outcome,a1_0.subject,a1_0.type,a1_0.updated_at,a1_0.updated_by from activities a1_0
Hibernate: select o1_0.id,o1_0.account_id,o1_0.amount,o1_0.close_date,o1_0.created_at,o1_0.created_by,o1_0.name,o1_0.primary_lead_id,o1_0.probability,o1_0.stage,o1_0.updated_at,o1_0.updated_by from opportunities o1_0
Hibernate: select a1_0.id,a1_0.account_name,a1_0.billing_address,a1_0.created_at,a1_0.created_by,a1_0.industry,a1_0.phone,a1_0.shipping_address,a1_0.status,a1_0.updated_at,a1_0.updated_by,a1_0.website from accounts a1_0
Hibernate: select a1_0.account_id,a1_0.id,a1_0.completed,a1_0.contact_id,a1_0.created_at,a1_0.created_by,a1_0.description,a1_0.due_at,a1_0.lead_id,a1_0.opportunity_id,a1_0.outcome,a1_0.subject,a1_0.type,a1_0.updated_at,a1_0.updated_by from activities a1_0 where a1_0.account_id=?
Hibernate: select o1_0.account_id,o1_0.id,o1_0.amount,o1_0.close_date,o1_0.created_at,o1_0.created_by,o1_0.name,o1_0.primary_lead_id,o1_0.probability,o1_0.stage,o1_0.updated_at,o1_0.updated_by from opportunities o1_0 where o1_0.account_id=?
Hibernate: select a1_0.account_id,a1_0.id,a1_0.completed,a1_0.contact_id,a1_0.created_at,a1_0.created_by,a1_0.description,a1_0.due_at,a1_0.lead_id,a1_0.opportunity_id,a1_0.outcome,a1_0.subject,a1_0.type,a1_0.updated_at,a1_0.updated_by from activities a1_0 where a1_0.account_id=?
Hibernate: select o1_0.account_id,o1_0.id,o1_0.amount,o1_0.close_date,o1_0.created_at,o1_0.created_by,o1_0.name,o1_0.primary_lead_id,o1_0.probability,o1_0.stage,o1_0.updated_at,o1_0.updated_by from opportunities o1_0 where o1_0.account_id=?
Hibernate: delete from account_contacts where account_id=?
Hibernate: delete from account_contacts where account_id=?
Hibernate: delete from accounts where id=?
Hibernate: delete from accounts where id=?
Hibernate: select c1_0.id,c1_0.created_at,c1_0.created_by,c1_0.email,c1_0.first_name,c1_0.is_primary_contact,c1_0.job_title,c1_0.last_name,c1_0.phone,c1_0.updated_at,c1_0.updated_by from contacts c1_0
Hibernate: insert into accounts (account_name,billing_address,created_at,created_by,industry,phone,shipping_address,status,updated_at,updated_by,website) values (?,?,?,?,?,?,?,?,?,?,?)
Hibernate: insert into accounts (account_name,billing_address,created_at,created_by,industry,phone,shipping_address,status,updated_at,updated_by,website) values (?,?,?,?,?,?,?,?,?,?,?)
Hibernate: select c1_0.id,c1_0.created_at,c1_0.created_by,c1_0.email,c1_0.first_name,c1_0.is_primary_contact,c1_0.job_title,c1_0.last_name,c1_0.phone,c1_0.updated_at,c1_0.updated_by from contacts c1_0 where c1_0.id=?
Hibernate: select a1_0.id,a1_0.account_id,a1_0.completed,a1_0.contact_id,a1_0.created_at,a1_0.created_by,a1_0.description,a1_0.due_at,a1_0.lead_id,a1_0.opportunity_id,a1_0.outcome,a1_0.subject,a1_0.type,a1_0.updated_at,a1_0.updated_by from activities a1_0
Hibernate: select o1_0.id,o1_0.account_id,o1_0.amount,o1_0.close_date,o1_0.created_at,o1_0.created_by,o1_0.name,o1_0.primary_lead_id,o1_0.probability,o1_0.stage,o1_0.updated_at,o1_0.updated_by from opportunities o1_0
Hibernate: select a1_0.id,a1_0.account_name,a1_0.billing_address,a1_0.created_at,a1_0.created_by,a1_0.industry,a1_0.phone,a1_0.shipping_address,a1_0.status,a1_0.updated_at,a1_0.updated_by,a1_0.website from accounts a1_0
Hibernate: select a1_0.account_id,a1_0.id,a1_0.completed,a1_0.contact_id,a1_0.created_at,a1_0.created_by,a1_0.description,a1_0.due_at,a1_0.lead_id,a1_0.opportunity_id,a1_0.outcome,a1_0.subject,a1_0.type,a1_0.updated_at,a1_0.updated_by from activities a1_0 where a1_0.account_id=?
Hibernate: select o1_0.account_id,o1_0.id,o1_0.amount,o1_0.close_date,o1_0.created_at,o1_0.created_by,o1_0.name,o1_0.primary_lead_id,o1_0.probability,o1_0.stage,o1_0.updated_at,o1_0.updated_by from opportunities o1_0 where o1_0.account_id=?
Hibernate: select a1_0.account_id,a1_0.id,a1_0.completed,a1_0.contact_id,a1_0.created_at,a1_0.created_by,a1_0.description,a1_0.due_at,a1_0.lead_id,a1_0.opportunity_id,a1_0.outcome,a1_0.subject,a1_0.type,a1_0.updated_at,a1_0.updated_by from activities a1_0 where a1_0.account_id=?
Hibernate: select o1_0.account_id,o1_0.id,o1_0.amount,o1_0.close_date,o1_0.created_at,o1_0.created_by,o1_0.name,o1_0.primary_lead_id,o1_0.probability,o1_0.stage,o1_0.updated_at,o1_0.updated_by from opportunities o1_0 where o1_0.account_id=?
Hibernate: delete from account_contacts where account_id=?
Hibernate: delete from account_contacts where account_id=?
Hibernate: delete from accounts where id=?
Hibernate: delete from accounts where id=?
Hibernate: select c1_0.id,c1_0.created_at,c1_0.created_by,c1_0.email,c1_0.first_name,c1_0.is_primary_contact,c1_0.job_title,c1_0.last_name,c1_0.phone,c1_0.updated_at,c1_0.updated_by from contacts c1_0
Hibernate: insert into accounts (account_name,billing_address,created_at,created_by,industry,phone,shipping_address,status,updated_at,updated_by,website) values (?,?,?,?,?,?,?,?,?,?,?)
Hibernate: insert into accounts (account_name,billing_address,created_at,created_by,industry,phone,shipping_address,status,updated_at,updated_by,website) values (?,?,?,?,?,?,?,?,?,?,?)
Hibernate: select a1_0.id,a1_0.account_id,a1_0.completed,a1_0.contact_id,a1_0.created_at,a1_0.created_by,a1_0.description,a1_0.due_at,a1_0.lead_id,a1_0.opportunity_id,a1_0.outcome,a1_0.subject,a1_0.type,a1_0.updated_at,a1_0.updated_by from activities a1_0
Hibernate: select o1_0.id,o1_0.account_id,o1_0.amount,o1_0.close_date,o1_0.created_at,o1_0.created_by,o1_0.name,o1_0.primary_lead_id,o1_0.probability,o1_0.stage,o1_0.updated_at,o1_0.updated_by from opportunities o1_0
Hibernate: select a1_0.id,a1_0.account_name,a1_0.billing_address,a1_0.created_at,a1_0.created_by,a1_0.industry,a1_0.phone,a1_0.shipping_address,a1_0.status,a1_0.updated_at,a1_0.updated_by,a1_0.website from accounts a1_0
Hibernate: select a1_0.account_id,a1_0.id,a1_0.completed,a1_0.contact_id,a1_0.created_at,a1_0.created_by,a1_0.description,a1_0.due_at,a1_0.lead_id,a1_0.opportunity_id,a1_0.outcome,a1_0.subject,a1_0.type,a1_0.updated_at,a1_0.updated_by from activities a1_0 where a1_0.account_id=?
Hibernate: select o1_0.account_id,o1_0.id,o1_0.amount,o1_0.close_date,o1_0.created_at,o1_0.created_by,o1_0.name,o1_0.primary_lead_id,o1_0.probability,o1_0.stage,o1_0.updated_at,o1_0.updated_by from opportunities o1_0 where o1_0.account_id=?
Hibernate: select a1_0.account_id,a1_0.id,a1_0.completed,a1_0.contact_id,a1_0.created_at,a1_0.created_by,a1_0.description,a1_0.due_at,a1_0.lead_id,a1_0.opportunity_id,a1_0.outcome,a1_0.subject,a1_0.type,a1_0.updated_at,a1_0.updated_by from activities a1_0 where a1_0.account_id=?
Hibernate: select o1_0.account_id,o1_0.id,o1_0.amount,o1_0.close_date,o1_0.created_at,o1_0.created_by,o1_0.name,o1_0.primary_lead_id,o1_0.probability,o1_0.stage,o1_0.updated_at,o1_0.updated_by from opportunities o1_0 where o1_0.account_id=?
Hibernate: delete from account_contacts where account_id=?
Hibernate: delete from account_contacts where account_id=?
Hibernate: delete from accounts where id=?
Hibernate: delete from accounts where id=?
Hibernate: select c1_0.id,c1_0.created_at,c1_0.created_by,c1_0.email,c1_0.first_name,c1_0.is_primary_contact,c1_0.job_title,c1_0.last_name,c1_0.phone,c1_0.updated_at,c1_0.updated_by from contacts c1_0
Hibernate: insert into accounts (account_name,billing_address,created_at,created_by,industry,phone,shipping_address,status,updated_at,updated_by,website) values (?,?,?,?,?,?,?,?,?,?,?)
Hibernate: insert into accounts (account_name,billing_address,created_at,created_by,industry,phone,shipping_address,status,updated_at,updated_by,website) values (?,?,?,?,?,?,?,?,?,?,?)
Hibernate: insert into contacts (created_at,created_by,email,first_name,is_primary_contact,job_title,last_name,phone,updated_at,updated_by) values (?,?,?,?,?,?,?,?,?,?)
Hibernate: insert into contacts (created_at,created_by,email,first_name,is_primary_contact,job_title,last_name,phone,updated_at,updated_by) values (?,?,?,?,?,?,?,?,?,?)
Hibernate: select c1_0.id,c1_0.created_at,c1_0.created_by,c1_0.email,c1_0.first_name,c1_0.is_primary_contact,c1_0.job_title,c1_0.last_name,c1_0.phone,c1_0.updated_at,c1_0.updated_by from contacts c1_0 where (? is null or lower(c1_0.first_name) like lower(concat('%',?,'%')) escape '' or lower(c1_0.last_name) like lower(concat('%',?,'%')) escape '' or lower(c1_0.email) like lower(concat('%',?,'%')) escape '') limit ?,?
Hibernate: select a1_0.contact_id,a1_1.id,a1_1.account_name,a1_1.billing_address,a1_1.created_at,a1_1.created_by,a1_1.industry,a1_1.phone,a1_1.shipping_address,a1_1.status,a1_1.updated_at,a1_1.updated_by,a1_1.website from account_contacts a1_0 join accounts a1_1 on a1_1.id=a1_0.account_id where a1_0.contact_id=?
Hibernate: select a1_0.contact_id,a1_0.id,a1_0.account_id,a1_0.completed,a1_0.created_at,a1_0.created_by,a1_0.description,a1_0.due_at,a1_0.lead_id,a1_0.opportunity_id,a1_0.outcome,a1_0.subject,a1_0.type,a1_0.updated_at,a1_0.updated_by from activities a1_0 where a1_0.contact_id=?
Hibernate: select c1_0.id,c1_0.created_at,c1_0.created_by,c1_0.email,c1_0.first_name,c1_0.is_primary_contact,c1_0.job_title,c1_0.last_name,c1_0.phone,c1_0.updated_at,c1_0.updated_by from contacts c1_0 where (? is null or lower(c1_0.first_name) like lower(concat('%',?,'%')) escape '' or lower(c1_0.last_name) like lower(concat('%',?,'%')) escape '' or lower(c1_0.email) like lower(concat('%',?,'%')) escape '') limit ?,?
Hibernate: select a1_0.contact_id,a1_1.id,a1_1.account_name,a1_1.billing_address,a1_1.created_at,a1_1.created_by,a1_1.industry,a1_1.phone,a1_1.shipping_address,a1_1.status,a1_1.updated_at,a1_1.updated_by,a1_1.website from account_contacts a1_0 join accounts a1_1 on a1_1.id=a1_0.account_id where a1_0.contact_id=?
Hibernate: select a1_0.contact_id,a1_0.id,a1_0.account_id,a1_0.completed,a1_0.created_at,a1_0.created_by,a1_0.description,a1_0.due_at,a1_0.lead_id,a1_0.opportunity_id,a1_0.outcome,a1_0.subject,a1_0.type,a1_0.updated_at,a1_0.updated_by from activities a1_0 where a1_0.contact_id=?
Hibernate: select a1_0.id,a1_0.account_id,a1_0.completed,a1_0.contact_id,a1_0.created_at,a1_0.created_by,a1_0.description,a1_0.due_at,a1_0.lead_id,a1_0.opportunity_id,a1_0.outcome,a1_0.subject,a1_0.type,a1_0.updated_at,a1_0.updated_by from activities a1_0
Hibernate: select o1_0.id,o1_0.account_id,o1_0.amount,o1_0.close_date,o1_0.created_at,o1_0.created_by,o1_0.name,o1_0.primary_lead_id,o1_0.probability,o1_0.stage,o1_0.updated_at,o1_0.updated_by from opportunities o1_0
Hibernate: select a1_0.id,a1_0.account_name,a1_0.billing_address,a1_0.created_at,a1_0.created_by,a1_0.industry,a1_0.phone,a1_0.shipping_address,a1_0.status,a1_0.updated_at,a1_0.updated_by,a1_0.website from accounts a1_0
Hibernate: select a1_0.account_id,a1_0.id,a1_0.completed,a1_0.contact_id,a1_0.created_at,a1_0.created_by,a1_0.description,a1_0.due_at,a1_0.lead_id,a1_0.opportunity_id,a1_0.outcome,a1_0.subject,a1_0.type,a1_0.updated_at,a1_0.updated_by from activities a1_0 where a1_0.account_id=?
Hibernate: select o1_0.account_id,o1_0.id,o1_0.amount,o1_0.close_date,o1_0.created_at,o1_0.created_by,o1_0.name,o1_0.primary_lead_id,o1_0.probability,o1_0.stage,o1_0.updated_at,o1_0.updated_by from opportunities o1_0 where o1_0.account_id=?
Hibernate: select a1_0.account_id,a1_0.id,a1_0.completed,a1_0.contact_id,a1_0.created_at,a1_0.created_by,a1_0.description,a1_0.due_at,a1_0.lead_id,a1_0.opportunity_id,a1_0.outcome,a1_0.subject,a1_0.type,a1_0.updated_at,a1_0.updated_by from activities a1_0 where a1_0.account_id=?
Hibernate: select o1_0.account_id,o1_0.id,o1_0.amount,o1_0.close_date,o1_0.created_at,o1_0.created_by,o1_0.name,o1_0.primary_lead_id,o1_0.probability,o1_0.stage,o1_0.updated_at,o1_0.updated_by from opportunities o1_0 where o1_0.account_id=?
Hibernate: delete from account_contacts where account_id=?
Hibernate: delete from account_contacts where account_id=?
Hibernate: delete from accounts where id=?
Hibernate: delete from accounts where id=?
Hibernate: select c1_0.id,c1_0.created_at,c1_0.created_by,c1_0.email,c1_0.first_name,c1_0.is_primary_contact,c1_0.job_title,c1_0.last_name,c1_0.phone,c1_0.updated_at,c1_0.updated_by from contacts c1_0
Hibernate: select a1_0.contact_id,a1_0.id,a1_0.account_id,a1_0.completed,a1_0.created_at,a1_0.created_by,a1_0.description,a1_0.due_at,a1_0.lead_id,a1_0.opportunity_id,a1_0.outcome,a1_0.subject,a1_0.type,a1_0.updated_at,a1_0.updated_by from activities a1_0 where a1_0.contact_id=?
Hibernate: select a1_0.contact_id,a1_0.id,a1_0.account_id,a1_0.completed,a1_0.created_at,a1_0.created_by,a1_0.description,a1_0.due_at,a1_0.lead_id,a1_0.opportunity_id,a1_0.outcome,a1_0.subject,a1_0.type,a1_0.updated_at,a1_0.updated_by from activities a1_0 where a1_0.contact_id=?
Hibernate: delete from contacts where id=?
Hibernate: delete from contacts where id=?
Hibernate: insert into accounts (account_name,billing_address,created_at,created_by,industry,phone,shipping_address,status,updated_at,updated_by,website) values (?,?,?,?,?,?,?,?,?,?,?)
Hibernate: insert into accounts (account_name,billing_address,created_at,created_by,industry,phone,shipping_address,status,updated_at,updated_by,website) values (?,?,?,?,?,?,?,?,?,?,?)
Hibernate: insert into contacts (created_at,created_by,email,first_name,is_primary_contact,job_title,last_name,phone,updated_at,updated_by) values (?,?,?,?,?,?,?,?,?,?)
Hibernate: insert into activities (account_id,completed,contact_id,created_at,created_by,description,due_at,lead_id,opportunity_id,outcome,subject,type,updated_at,updated_by) values (?,?,?,?,?,?,?,?,?,?,?,?,?,?)
Hibernate: select a1_0.id,a1_0.account_id,a1_0.completed,a1_0.contact_id,a1_0.created_at,a1_0.created_by,a1_0.description,a1_0.due_at,a1_0.lead_id,a1_0.opportunity_id,a1_0.outcome,a1_0.subject,a1_0.type,a1_0.updated_at,a1_0.updated_by from activities a1_0 where (? is null or a1_0.completed=?) and (? is null or a1_0.type=?) and (? is null or a1_0.due_at>=?) and (? is null or a1_0.due_at<=?) and (? is null or a1_0.lead_id=?) and (? is null or a1_0.opportunity_id=?) and (? is null or a1_0.account_id=?) and (? is null or a1_0.contact_id=?) limit ?,?
Hibernate: select a1_0.id,a1_0.account_id,a1_0.completed,a1_0.contact_id,a1_0.created_at,a1_0.created_by,a1_0.description,a1_0.due_at,a1_0.lead_id,a1_0.opportunity_id,a1_0.outcome,a1_0.subject,a1_0.type,a1_0.updated_at,a1_0.updated_by from activities a1_0
Hibernate: delete from activities where id=?
Hibernate: select o1_0.id,o1_0.account_id,o1_0.amount,o1_0.close_date,o1_0.created_at,o1_0.created_by,o1_0.name,o1_0.primary_lead_id,o1_0.probability,o1_0.stage,o1_0.updated_at,o1_0.updated_by from opportunities o1_0
Hibernate: select a1_0.id,a1_0.account_name,a1_0.billing_address,a1_0.created_at,a1_0.created_by,a1_0.industry,a1_0.phone,a1_0.shipping_address,a1_0.status,a1_0.updated_at,a1_0.updated_by,a1_0.website from accounts a1_0
Hibernate: select a1_0.account_id,a1_0.id,a1_0.completed,a1_0.contact_id,a1_0.created_at,a1_0.created_by,a1_0.description,a1_0.due_at,a1_0.lead_id,a1_0.opportunity_id,a1_0.outcome,a1_0.subject,a1_0.type,a1_0.updated_at,a1_0.updated_by from activities a1_0 where a1_0.account_id=?
Hibernate: select o1_0.account_id,o1_0.id,o1_0.amount,o1_0.close_date,o1_0.created_at,o1_0.created_by,o1_0.name,o1_0.primary_lead_id,o1_0.probability,o1_0.stage,o1_0.updated_at,o1_0.updated_by from opportunities o1_0 where o1_0.account_id=?
Hibernate: select a1_0.account_id,a1_0.id,a1_0.completed,a1_0.contact_id,a1_0.created_at,a1_0.created_by,a1_0.description,a1_0.due_at,a1_0.lead_id,a1_0.opportunity_id,a1_0.outcome,a1_0.subject,a1_0.type,a1_0.updated_at,a1_0.updated_by from activities a1_0 where a1_0.account_id=?
Hibernate: select o1_0.account_id,o1_0.id,o1_0.amount,o1_0.close_date,o1_0.created_at,o1_0.created_by,o1_0.name,o1_0.primary_lead_id,o1_0.probability,o1_0.stage,o1_0.updated_at,o1_0.updated_by from opportunities o1_0 where o1_0.account_id=?
Hibernate: delete from account_contacts where account_id=?
Hibernate: delete from account_contacts where account_id=?
Hibernate: delete from accounts where id=?
Hibernate: delete from accounts where id=?
Hibernate: select c1_0.id,c1_0.created_at,c1_0.created_by,c1_0.email,c1_0.first_name,c1_0.is_primary_contact,c1_0.job_title,c1_0.last_name,c1_0.phone,c1_0.updated_at,c1_0.updated_by from contacts c1_0
Hibernate: select a1_0.contact_id,a1_0.id,a1_0.account_id,a1_0.completed,a1_0.created_at,a1_0.created_by,a1_0.description,a1_0.due_at,a1_0.lead_id,a1_0.opportunity_id,a1_0.outcome,a1_0.subject,a1_0.type,a1_0.updated_at,a1_0.updated_by from activities a1_0 where a1_0.contact_id=?
Hibernate: delete from contacts where id=?
Hibernate: insert into accounts (account_name,billing_address,created_at,created_by,industry,phone,shipping_address,status,updated_at,updated_by,website) values (?,?,?,?,?,?,?,?,?,?,?)
Hibernate: insert into accounts (account_name,billing_address,created_at,created_by,industry,phone,shipping_address,status,updated_at,updated_by,website) values (?,?,?,?,?,?,?,?,?,?,?)
Hibernate: select a1_0.id,a1_0.account_name,a1_0.billing_address,a1_0.created_at,a1_0.created_by,a1_0.industry,a1_0.phone,a1_0.shipping_address,a1_0.status,a1_0.updated_at,a1_0.updated_by,a1_0.website from accounts a1_0 where a1_0.id in (?)
Hibernate: select c1_0.account_id,c1_1.id,c1_1.created_at,c1_1.created_by,c1_1.email,c1_1.first_name,c1_1.is_primary_contact,c1_1.job_title,c1_1.last_name,c1_1.phone,c1_1.updated_at,c1_1.updated_by from account_contacts c1_0 join contacts c1_1 on c1_1.id=c1_0.contact_id where c1_0.account_id=?
Hibernate: insert into contacts (created_at,created_by,email,first_name,is_primary_contact,job_title,last_name,phone,updated_at,updated_by) values (?,?,?,?,?,?,?,?,?,?)
Hibernate: insert into account_contacts (account_id,contact_id) values (?,?)
Hibernate: select c1_0.id,c1_0.created_at,c1_0.created_by,c1_0.email,c1_0.first_name,c1_0.is_primary_contact,c1_0.job_title,c1_0.last_name,c1_0.phone,c1_0.updated_at,c1_0.updated_by from contacts c1_0 where (? is null or lower(c1_0.first_name) like lower(concat('%',?,'%')) escape '' or lower(c1_0.last_name) like lower(concat('%',?,'%')) escape '' or lower(c1_0.email) like lower(concat('%',?,'%')) escape '') limit ?,?
Hibernate: select a1_0.contact_id,a1_1.id,a1_1.account_name,a1_1.billing_address,a1_1.created_at,a1_1.created_by,a1_1.industry,a1_1.phone,a1_1.shipping_address,a1_1.status,a1_1.updated_at,a1_1.updated_by,a1_1.website from account_contacts a1_0 join accounts a1_1 on a1_1.id=a1_0.account_id where a1_0.contact_id=?
Hibernate: select a1_0.contact_id,a1_0.id,a1_0.account_id,a1_0.completed,a1_0.created_at,a1_0.created_by,a1_0.description,a1_0.due_at,a1_0.lead_id,a1_0.opportunity_id,a1_0.outcome,a1_0.subject,a1_0.type,a1_0.updated_at,a1_0.updated_by from activities a1_0 where a1_0.contact_id=?
[INFO] Tests run: 11, Failures: 0, Errors: 0, Skipped: 0, Time elapsed: 1.726 s -- in com.esse.crm.controller.ContactControllerIT
[INFO] Running com.esse.crm.controller.LeadControllerIT
2026-03-07T22:57:23.373Z  INFO 65 --- [           main] t.c.s.AnnotationConfigContextLoaderUtils : Could not detect default configuration classes for test class [com.esse.crm.controller.LeadControllerIT]: LeadControllerIT does not declare any static, non-private, non-final, nested classes annotated with @Configuration.
2026-03-07T22:57:23.407Z  INFO 65 --- [           main] .b.t.c.SpringBootTestContextBootstrapper : Found @SpringBootConfiguration com.esse.crm.CrmApplication for test class com.esse.crm.controller.LeadControllerIT
Hibernate: select a1_0.id,a1_0.account_id,a1_0.completed,a1_0.contact_id,a1_0.created_at,a1_0.created_by,a1_0.description,a1_0.due_at,a1_0.lead_id,a1_0.opportunity_id,a1_0.outcome,a1_0.subject,a1_0.type,a1_0.updated_at,a1_0.updated_by from activities a1_0
Hibernate: select o1_0.id,o1_0.account_id,o1_0.amount,o1_0.close_date,o1_0.created_at,o1_0.created_by,o1_0.name,o1_0.primary_lead_id,o1_0.probability,o1_0.stage,o1_0.updated_at,o1_0.updated_by from opportunities o1_0
Hibernate: select a1_0.id,a1_0.account_name,a1_0.billing_address,a1_0.created_at,a1_0.created_by,a1_0.industry,a1_0.phone,a1_0.shipping_address,a1_0.status,a1_0.updated_at,a1_0.updated_by,a1_0.website from accounts a1_0
Hibernate: select a1_0.account_id,a1_0.id,a1_0.completed,a1_0.contact_id,a1_0.created_at,a1_0.created_by,a1_0.description,a1_0.due_at,a1_0.lead_id,a1_0.opportunity_id,a1_0.outcome,a1_0.subject,a1_0.type,a1_0.updated_at,a1_0.updated_by from activities a1_0 where a1_0.account_id=?
Hibernate: select o1_0.account_id,o1_0.id,o1_0.amount,o1_0.close_date,o1_0.created_at,o1_0.created_by,o1_0.name,o1_0.primary_lead_id,o1_0.probability,o1_0.stage,o1_0.updated_at,o1_0.updated_by from opportunities o1_0 where o1_0.account_id=?
Hibernate: select a1_0.account_id,a1_0.id,a1_0.completed,a1_0.contact_id,a1_0.created_at,a1_0.created_by,a1_0.description,a1_0.due_at,a1_0.lead_id,a1_0.opportunity_id,a1_0.outcome,a1_0.subject,a1_0.type,a1_0.updated_at,a1_0.updated_by from activities a1_0 where a1_0.account_id=?
Hibernate: select o1_0.account_id,o1_0.id,o1_0.amount,o1_0.close_date,o1_0.created_at,o1_0.created_by,o1_0.name,o1_0.primary_lead_id,o1_0.probability,o1_0.stage,o1_0.updated_at,o1_0.updated_by from opportunities o1_0 where o1_0.account_id=?
Hibernate: delete from account_contacts where account_id=?
Hibernate: delete from account_contacts where account_id=?
Hibernate: delete from accounts where id=?
Hibernate: delete from accounts where id=?
Hibernate: select c1_0.id,c1_0.created_at,c1_0.created_by,c1_0.email,c1_0.first_name,c1_0.is_primary_contact,c1_0.job_title,c1_0.last_name,c1_0.phone,c1_0.updated_at,c1_0.updated_by from contacts c1_0
Hibernate: select a1_0.contact_id,a1_0.id,a1_0.account_id,a1_0.completed,a1_0.created_at,a1_0.created_by,a1_0.description,a1_0.due_at,a1_0.lead_id,a1_0.opportunity_id,a1_0.outcome,a1_0.subject,a1_0.type,a1_0.updated_at,a1_0.updated_by from activities a1_0 where a1_0.contact_id=?
Hibernate: delete from contacts where id=?
Hibernate: select l1_0.id,l1_0.company,l1_0.contact_name,l1_0.created_at,l1_0.created_by,l1_0.email,l1_0.owner_user,l1_0.phone,l1_0.source,l1_0.status,l1_0.updated_at,l1_0.updated_by from leads l1_0
Hibernate: select l1_0.id,l1_0.company,l1_0.contact_name,l1_0.created_at,l1_0.created_by,l1_0.email,l1_0.owner_user,l1_0.phone,l1_0.source,l1_0.status,l1_0.updated_at,l1_0.updated_by from leads l1_0 where l1_0.email=?
Hibernate: insert into leads (company,contact_name,created_at,created_by,email,owner_user,phone,source,status,updated_at,updated_by) values (?,?,?,?,?,?,?,?,?,?,?)
Hibernate: select l1_0.id,l1_0.company,l1_0.contact_name,l1_0.created_at,l1_0.created_by,l1_0.email,l1_0.owner_user,l1_0.phone,l1_0.source,l1_0.status,l1_0.updated_at,l1_0.updated_by from leads l1_0 where l1_0.id=?
Hibernate: select a1_0.lead_id,a1_0.id,a1_0.account_id,a1_0.completed,a1_0.contact_id,a1_0.created_at,a1_0.created_by,a1_0.description,a1_0.due_at,a1_0.opportunity_id,a1_0.outcome,a1_0.subject,a1_0.type,a1_0.updated_at,a1_0.updated_by from activities a1_0 where a1_0.lead_id=?
Hibernate: update leads set company=?,contact_name=?,email=?,owner_user=?,phone=?,source=?,status=?,updated_at=?,updated_by=? where id=?
Hibernate: select a1_0.id,a1_0.account_id,a1_0.completed,a1_0.contact_id,a1_0.created_at,a1_0.created_by,a1_0.description,a1_0.due_at,a1_0.lead_id,a1_0.opportunity_id,a1_0.outcome,a1_0.subject,a1_0.type,a1_0.updated_at,a1_0.updated_by from activities a1_0
Hibernate: select o1_0.id,o1_0.account_id,o1_0.amount,o1_0.close_date,o1_0.created_at,o1_0.created_by,o1_0.name,o1_0.primary_lead_id,o1_0.probability,o1_0.stage,o1_0.updated_at,o1_0.updated_by from opportunities o1_0
Hibernate: select a1_0.id,a1_0.account_name,a1_0.billing_address,a1_0.created_at,a1_0.created_by,a1_0.industry,a1_0.phone,a1_0.shipping_address,a1_0.status,a1_0.updated_at,a1_0.updated_by,a1_0.website from accounts a1_0
Hibernate: select c1_0.id,c1_0.created_at,c1_0.created_by,c1_0.email,c1_0.first_name,c1_0.is_primary_contact,c1_0.job_title,c1_0.last_name,c1_0.phone,c1_0.updated_at,c1_0.updated_by from contacts c1_0
Hibernate: select l1_0.id,l1_0.company,l1_0.contact_name,l1_0.created_at,l1_0.created_by,l1_0.email,l1_0.owner_user,l1_0.phone,l1_0.source,l1_0.status,l1_0.updated_at,l1_0.updated_by from leads l1_0
Hibernate: select a1_0.lead_id,a1_0.id,a1_0.account_id,a1_0.completed,a1_0.contact_id,a1_0.created_at,a1_0.created_by,a1_0.description,a1_0.due_at,a1_0.opportunity_id,a1_0.outcome,a1_0.subject,a1_0.type,a1_0.updated_at,a1_0.updated_by from activities a1_0 where a1_0.lead_id=?
Hibernate: delete from leads where id=?
Hibernate: select l1_0.id,l1_0.company,l1_0.contact_name,l1_0.created_at,l1_0.created_by,l1_0.email,l1_0.owner_user,l1_0.phone,l1_0.source,l1_0.status,l1_0.updated_at,l1_0.updated_by from leads l1_0 where l1_0.email=?
Hibernate: insert into leads (company,contact_name,created_at,created_by,email,owner_user,phone,source,status,updated_at,updated_by) values (?,?,?,?,?,?,?,?,?,?,?)
Hibernate: select l1_0.id,l1_0.company,l1_0.contact_name,l1_0.created_at,l1_0.created_by,l1_0.email,l1_0.owner_user,l1_0.phone,l1_0.source,l1_0.status,l1_0.updated_at,l1_0.updated_by from leads l1_0 where l1_0.id=?
Hibernate: select a1_0.id,a1_0.account_name,a1_0.billing_address,a1_0.created_at,a1_0.created_by,a1_0.industry,a1_0.phone,a1_0.shipping_address,a1_0.status,a1_0.updated_at,a1_0.updated_by,a1_0.website from accounts a1_0 where a1_0.account_name=?
Hibernate: insert into accounts (account_name,billing_address,created_at,created_by,industry,phone,shipping_address,status,updated_at,updated_by,website) values (?,?,?,?,?,?,?,?,?,?,?)
Hibernate: select c1_0.id,c1_0.created_at,c1_0.created_by,c1_0.email,c1_0.first_name,c1_0.is_primary_contact,c1_0.job_title,c1_0.last_name,c1_0.phone,c1_0.updated_at,c1_0.updated_by from contacts c1_0 where c1_0.email=?
Hibernate: insert into contacts (created_at,created_by,email,first_name,is_primary_contact,job_title,last_name,phone,updated_at,updated_by) values (?,?,?,?,?,?,?,?,?,?)
Hibernate: insert into opportunities (account_id,amount,close_date,created_at,created_by,name,primary_lead_id,probability,stage,updated_at,updated_by) values (?,?,?,?,?,?,?,?,?,?,?)
Hibernate: update leads set company=?,contact_name=?,email=?,owner_user=?,phone=?,source=?,status=?,updated_at=?,updated_by=? where id=?
Hibernate: select l1_0.id,l1_0.company,l1_0.contact_name,l1_0.created_at,l1_0.created_by,l1_0.email,l1_0.owner_user,l1_0.phone,l1_0.source,l1_0.status,l1_0.updated_at,l1_0.updated_by from leads l1_0 where l1_0.id=?
Hibernate: select a1_0.lead_id,a1_0.id,a1_0.account_id,a1_0.completed,a1_0.contact_id,a1_0.created_at,a1_0.created_by,a1_0.description,a1_0.due_at,a1_0.opportunity_id,a1_0.outcome,a1_0.subject,a1_0.type,a1_0.updated_at,a1_0.updated_by from activities a1_0 where a1_0.lead_id=?
Hibernate: select a1_0.id,a1_0.account_id,a1_0.completed,a1_0.contact_id,a1_0.created_at,a1_0.created_by,a1_0.description,a1_0.due_at,a1_0.lead_id,a1_0.opportunity_id,a1_0.outcome,a1_0.subject,a1_0.type,a1_0.updated_at,a1_0.updated_by from activities a1_0
Hibernate: select o1_0.id,o1_0.account_id,o1_0.amount,o1_0.close_date,o1_0.created_at,o1_0.created_by,o1_0.name,o1_0.primary_lead_id,o1_0.probability,o1_0.stage,o1_0.updated_at,o1_0.updated_by from opportunities o1_0
Hibernate: select a1_0.opportunity_id,a1_0.id,a1_0.account_id,a1_0.completed,a1_0.contact_id,a1_0.created_at,a1_0.created_by,a1_0.description,a1_0.due_at,a1_0.lead_id,a1_0.outcome,a1_0.subject,a1_0.type,a1_0.updated_at,a1_0.updated_by from activities a1_0 where a1_0.opportunity_id=?
Hibernate: delete from opportunities where id=?
Hibernate: select a1_0.id,a1_0.account_name,a1_0.billing_address,a1_0.created_at,a1_0.created_by,a1_0.industry,a1_0.phone,a1_0.shipping_address,a1_0.status,a1_0.updated_at,a1_0.updated_by,a1_0.website from accounts a1_0
Hibernate: select a1_0.account_id,a1_0.id,a1_0.completed,a1_0.contact_id,a1_0.created_at,a1_0.created_by,a1_0.description,a1_0.due_at,a1_0.lead_id,a1_0.opportunity_id,a1_0.outcome,a1_0.subject,a1_0.type,a1_0.updated_at,a1_0.updated_by from activities a1_0 where a1_0.account_id=?
Hibernate: select o1_0.account_id,o1_0.id,o1_0.amount,o1_0.close_date,o1_0.created_at,o1_0.created_by,o1_0.name,o1_0.primary_lead_id,o1_0.probability,o1_0.stage,o1_0.updated_at,o1_0.updated_by from opportunities o1_0 where o1_0.account_id=?
Hibernate: delete from account_contacts where account_id=?
Hibernate: delete from accounts where id=?
Hibernate: select c1_0.id,c1_0.created_at,c1_0.created_by,c1_0.email,c1_0.first_name,c1_0.is_primary_contact,c1_0.job_title,c1_0.last_name,c1_0.phone,c1_0.updated_at,c1_0.updated_by from contacts c1_0
Hibernate: select a1_0.contact_id,a1_0.id,a1_0.account_id,a1_0.completed,a1_0.created_at,a1_0.created_by,a1_0.description,a1_0.due_at,a1_0.lead_id,a1_0.opportunity_id,a1_0.outcome,a1_0.subject,a1_0.type,a1_0.updated_at,a1_0.updated_by from activities a1_0 where a1_0.contact_id=?
Hibernate: delete from contacts where id=?
Hibernate: select l1_0.id,l1_0.company,l1_0.contact_name,l1_0.created_at,l1_0.created_by,l1_0.email,l1_0.owner_user,l1_0.phone,l1_0.source,l1_0.status,l1_0.updated_at,l1_0.updated_by from leads l1_0
Hibernate: select a1_0.lead_id,a1_0.id,a1_0.account_id,a1_0.completed,a1_0.contact_id,a1_0.created_at,a1_0.created_by,a1_0.description,a1_0.due_at,a1_0.opportunity_id,a1_0.outcome,a1_0.subject,a1_0.type,a1_0.updated_at,a1_0.updated_by from activities a1_0 where a1_0.lead_id=?
Hibernate: delete from leads where id=?
Hibernate: select l1_0.id,l1_0.company,l1_0.contact_name,l1_0.created_at,l1_0.created_by,l1_0.email,l1_0.owner_user,l1_0.phone,l1_0.source,l1_0.status,l1_0.updated_at,l1_0.updated_by from leads l1_0 where l1_0.email=?
Hibernate: insert into leads (company,contact_name,created_at,created_by,email,owner_user,phone,source,status,updated_at,updated_by) values (?,?,?,?,?,?,?,?,?,?,?)
Hibernate: select l1_0.id,l1_0.company,l1_0.contact_name,l1_0.created_at,l1_0.created_by,l1_0.email,l1_0.owner_user,l1_0.phone,l1_0.source,l1_0.status,l1_0.updated_at,l1_0.updated_by from leads l1_0 where l1_0.id=?
Hibernate: select a1_0.id,a1_0.account_id,a1_0.completed,a1_0.contact_id,a1_0.created_at,a1_0.created_by,a1_0.description,a1_0.due_at,a1_0.lead_id,a1_0.opportunity_id,a1_0.outcome,a1_0.subject,a1_0.type,a1_0.updated_at,a1_0.updated_by from activities a1_0
Hibernate: select o1_0.id,o1_0.account_id,o1_0.amount,o1_0.close_date,o1_0.created_at,o1_0.created_by,o1_0.name,o1_0.primary_lead_id,o1_0.probability,o1_0.stage,o1_0.updated_at,o1_0.updated_by from opportunities o1_0
Hibernate: select a1_0.id,a1_0.account_name,a1_0.billing_address,a1_0.created_at,a1_0.created_by,a1_0.industry,a1_0.phone,a1_0.shipping_address,a1_0.status,a1_0.updated_at,a1_0.updated_by,a1_0.website from accounts a1_0
Hibernate: select c1_0.id,c1_0.created_at,c1_0.created_by,c1_0.email,c1_0.first_name,c1_0.is_primary_contact,c1_0.job_title,c1_0.last_name,c1_0.phone,c1_0.updated_at,c1_0.updated_by from contacts c1_0
Hibernate: select l1_0.id,l1_0.company,l1_0.contact_name,l1_0.created_at,l1_0.created_by,l1_0.email,l1_0.owner_user,l1_0.phone,l1_0.source,l1_0.status,l1_0.updated_at,l1_0.updated_by from leads l1_0
Hibernate: select a1_0.lead_id,a1_0.id,a1_0.account_id,a1_0.completed,a1_0.contact_id,a1_0.created_at,a1_0.created_by,a1_0.description,a1_0.due_at,a1_0.opportunity_id,a1_0.outcome,a1_0.subject,a1_0.type,a1_0.updated_at,a1_0.updated_by from activities a1_0 where a1_0.lead_id=?
Hibernate: delete from leads where id=?
Hibernate: select l1_0.id,l1_0.company,l1_0.contact_name,l1_0.created_at,l1_0.created_by,l1_0.email,l1_0.owner_user,l1_0.phone,l1_0.source,l1_0.status,l1_0.updated_at,l1_0.updated_by from leads l1_0 where l1_0.email=?
Hibernate: insert into leads (company,contact_name,created_at,created_by,email,owner_user,phone,source,status,updated_at,updated_by) values (?,?,?,?,?,?,?,?,?,?,?)
Hibernate: select a1_0.id,a1_0.account_id,a1_0.completed,a1_0.contact_id,a1_0.created_at,a1_0.created_by,a1_0.description,a1_0.due_at,a1_0.lead_id,a1_0.opportunity_id,a1_0.outcome,a1_0.subject,a1_0.type,a1_0.updated_at,a1_0.updated_by from activities a1_0
Hibernate: select o1_0.id,o1_0.account_id,o1_0.amount,o1_0.close_date,o1_0.created_at,o1_0.created_by,o1_0.name,o1_0.primary_lead_id,o1_0.probability,o1_0.stage,o1_0.updated_at,o1_0.updated_by from opportunities o1_0
Hibernate: select a1_0.id,a1_0.account_name,a1_0.billing_address,a1_0.created_at,a1_0.created_by,a1_0.industry,a1_0.phone,a1_0.shipping_address,a1_0.status,a1_0.updated_at,a1_0.updated_by,a1_0.website from accounts a1_0
Hibernate: select c1_0.id,c1_0.created_at,c1_0.created_by,c1_0.email,c1_0.first_name,c1_0.is_primary_contact,c1_0.job_title,c1_0.last_name,c1_0.phone,c1_0.updated_at,c1_0.updated_by from contacts c1_0
Hibernate: select l1_0.id,l1_0.company,l1_0.contact_name,l1_0.created_at,l1_0.created_by,l1_0.email,l1_0.owner_user,l1_0.phone,l1_0.source,l1_0.status,l1_0.updated_at,l1_0.updated_by from leads l1_0
Hibernate: select a1_0.lead_id,a1_0.id,a1_0.account_id,a1_0.completed,a1_0.contact_id,a1_0.created_at,a1_0.created_by,a1_0.description,a1_0.due_at,a1_0.opportunity_id,a1_0.outcome,a1_0.subject,a1_0.type,a1_0.updated_at,a1_0.updated_by from activities a1_0 where a1_0.lead_id=?
Hibernate: delete from leads where id=?
Hibernate: select l1_0.id,l1_0.company,l1_0.contact_name,l1_0.created_at,l1_0.created_by,l1_0.email,l1_0.owner_user,l1_0.phone,l1_0.source,l1_0.status,l1_0.updated_at,l1_0.updated_by from leads l1_0 where l1_0.email=?
Hibernate: insert into leads (company,contact_name,created_at,created_by,email,owner_user,phone,source,status,updated_at,updated_by) values (?,?,?,?,?,?,?,?,?,?,?)
Hibernate: select l1_0.id,l1_0.company,l1_0.contact_name,l1_0.created_at,l1_0.created_by,l1_0.email,l1_0.owner_user,l1_0.phone,l1_0.source,l1_0.status,l1_0.updated_at,l1_0.updated_by from leads l1_0 where l1_0.id=?
Hibernate: select a1_0.lead_id,a1_0.id,a1_0.account_id,a1_0.completed,a1_0.contact_id,a1_0.created_at,a1_0.created_by,a1_0.description,a1_0.due_at,a1_0.opportunity_id,a1_0.outcome,a1_0.subject,a1_0.type,a1_0.updated_at,a1_0.updated_by from activities a1_0 where a1_0.lead_id=?
[INFO] Tests run: 5, Failures: 0, Errors: 0, Skipped: 0, Time elapsed: 0.612 s -- in com.esse.crm.controller.LeadControllerIT
[INFO] Running com.esse.crm.controller.OpportunityControllerIT
2026-03-07T22:57:23.979Z  INFO 65 --- [           main] t.c.s.AnnotationConfigContextLoaderUtils : Could not detect default configuration classes for test class [com.esse.crm.controller.OpportunityControllerIT]: OpportunityControllerIT does not declare any static, non-private, non-final, nested classes annotated with @Configuration.
2026-03-07T22:57:23.996Z  INFO 65 --- [           main] .b.t.c.SpringBootTestContextBootstrapper : Found @SpringBootConfiguration com.esse.crm.CrmApplication for test class com.esse.crm.controller.OpportunityControllerIT
Hibernate: select a1_0.id,a1_0.account_id,a1_0.completed,a1_0.contact_id,a1_0.created_at,a1_0.created_by,a1_0.description,a1_0.due_at,a1_0.lead_id,a1_0.opportunity_id,a1_0.outcome,a1_0.subject,a1_0.type,a1_0.updated_at,a1_0.updated_by from activities a1_0
Hibernate: select o1_0.id,o1_0.account_id,o1_0.amount,o1_0.close_date,o1_0.created_at,o1_0.created_by,o1_0.name,o1_0.primary_lead_id,o1_0.probability,o1_0.stage,o1_0.updated_at,o1_0.updated_by from opportunities o1_0
Hibernate: select a1_0.id,a1_0.account_name,a1_0.billing_address,a1_0.created_at,a1_0.created_by,a1_0.industry,a1_0.phone,a1_0.shipping_address,a1_0.status,a1_0.updated_at,a1_0.updated_by,a1_0.website from accounts a1_0
Hibernate: select c1_0.id,c1_0.created_at,c1_0.created_by,c1_0.email,c1_0.first_name,c1_0.is_primary_contact,c1_0.job_title,c1_0.last_name,c1_0.phone,c1_0.updated_at,c1_0.updated_by from contacts c1_0
Hibernate: select l1_0.id,l1_0.company,l1_0.contact_name,l1_0.created_at,l1_0.created_by,l1_0.email,l1_0.owner_user,l1_0.phone,l1_0.source,l1_0.status,l1_0.updated_at,l1_0.updated_by from leads l1_0
Hibernate: select a1_0.lead_id,a1_0.id,a1_0.account_id,a1_0.completed,a1_0.contact_id,a1_0.created_at,a1_0.created_by,a1_0.description,a1_0.due_at,a1_0.opportunity_id,a1_0.outcome,a1_0.subject,a1_0.type,a1_0.updated_at,a1_0.updated_by from activities a1_0 where a1_0.lead_id=?
Hibernate: delete from leads where id=?
Hibernate: insert into accounts (account_name,billing_address,created_at,created_by,industry,phone,shipping_address,status,updated_at,updated_by,website) values (?,?,?,?,?,?,?,?,?,?,?)
Hibernate: select a1_0.id,a1_0.account_name,a1_0.billing_address,a1_0.created_at,a1_0.created_by,a1_0.industry,a1_0.phone,a1_0.shipping_address,a1_0.status,a1_0.updated_at,a1_0.updated_by,a1_0.website from accounts a1_0 where a1_0.id=?
Hibernate: insert into opportunities (account_id,amount,close_date,created_at,created_by,name,primary_lead_id,probability,stage,updated_at,updated_by) values (?,?,?,?,?,?,?,?,?,?,?)
Hibernate: select a1_0.id,a1_0.account_id,a1_0.completed,a1_0.contact_id,a1_0.created_at,a1_0.created_by,a1_0.description,a1_0.due_at,a1_0.lead_id,a1_0.opportunity_id,a1_0.outcome,a1_0.subject,a1_0.type,a1_0.updated_at,a1_0.updated_by from activities a1_0
Hibernate: select o1_0.id,o1_0.account_id,o1_0.amount,o1_0.close_date,o1_0.created_at,o1_0.created_by,o1_0.name,o1_0.primary_lead_id,o1_0.probability,o1_0.stage,o1_0.updated_at,o1_0.updated_by from opportunities o1_0
Hibernate: select a1_0.opportunity_id,a1_0.id,a1_0.account_id,a1_0.completed,a1_0.contact_id,a1_0.created_at,a1_0.created_by,a1_0.description,a1_0.due_at,a1_0.lead_id,a1_0.outcome,a1_0.subject,a1_0.type,a1_0.updated_at,a1_0.updated_by from activities a1_0 where a1_0.opportunity_id=?
Hibernate: delete from opportunities where id=?
Hibernate: select a1_0.id,a1_0.account_name,a1_0.billing_address,a1_0.created_at,a1_0.created_by,a1_0.industry,a1_0.phone,a1_0.shipping_address,a1_0.status,a1_0.updated_at,a1_0.updated_by,a1_0.website from accounts a1_0
Hibernate: select a1_0.account_id,a1_0.id,a1_0.completed,a1_0.contact_id,a1_0.created_at,a1_0.created_by,a1_0.description,a1_0.due_at,a1_0.lead_id,a1_0.opportunity_id,a1_0.outcome,a1_0.subject,a1_0.type,a1_0.updated_at,a1_0.updated_by from activities a1_0 where a1_0.account_id=?
Hibernate: select o1_0.account_id,o1_0.id,o1_0.amount,o1_0.close_date,o1_0.created_at,o1_0.created_by,o1_0.name,o1_0.primary_lead_id,o1_0.probability,o1_0.stage,o1_0.updated_at,o1_0.updated_by from opportunities o1_0 where o1_0.account_id=?
Hibernate: delete from account_contacts where account_id=?
Hibernate: delete from accounts where id=?
Hibernate: select c1_0.id,c1_0.created_at,c1_0.created_by,c1_0.email,c1_0.first_name,c1_0.is_primary_contact,c1_0.job_title,c1_0.last_name,c1_0.phone,c1_0.updated_at,c1_0.updated_by from contacts c1_0
Hibernate: select l1_0.id,l1_0.company,l1_0.contact_name,l1_0.created_at,l1_0.created_by,l1_0.email,l1_0.owner_user,l1_0.phone,l1_0.source,l1_0.status,l1_0.updated_at,l1_0.updated_by from leads l1_0
Hibernate: insert into accounts (account_name,billing_address,created_at,created_by,industry,phone,shipping_address,status,updated_at,updated_by,website) values (?,?,?,?,?,?,?,?,?,?,?)
Hibernate: select a1_0.id,a1_0.account_name,a1_0.billing_address,a1_0.created_at,a1_0.created_by,a1_0.industry,a1_0.phone,a1_0.shipping_address,a1_0.status,a1_0.updated_at,a1_0.updated_by,a1_0.website from accounts a1_0 where a1_0.id=?
Hibernate: insert into opportunities (account_id,amount,close_date,created_at,created_by,name,primary_lead_id,probability,stage,updated_at,updated_by) values (?,?,?,?,?,?,?,?,?,?,?)
Hibernate: select a1_0.id,a1_0.account_name,a1_0.billing_address,a1_0.created_at,a1_0.created_by,a1_0.industry,a1_0.phone,a1_0.shipping_address,a1_0.status,a1_0.updated_at,a1_0.updated_by,a1_0.website from accounts a1_0 where a1_0.id=?
Hibernate: insert into opportunities (account_id,amount,close_date,created_at,created_by,name,primary_lead_id,probability,stage,updated_at,updated_by) values (?,?,?,?,?,?,?,?,?,?,?)
Hibernate: select o1_0.id,o1_0.account_id,o1_0.amount,o1_0.close_date,o1_0.created_at,o1_0.created_by,o1_0.name,o1_0.primary_lead_id,o1_0.probability,o1_0.stage,o1_0.updated_at,o1_0.updated_by from opportunities o1_0 where (? is null or o1_0.stage=?) and (? is null or o1_0.account_id=?) and (? is null or o1_0.close_date>=?) and (? is null or o1_0.close_date<=?) and (? is null or o1_0.amount>=?) and (? is null or o1_0.amount<=?) limit ?,?
Hibernate: select a1_0.opportunity_id,a1_0.id,a1_0.account_id,a1_0.completed,a1_0.contact_id,a1_0.created_at,a1_0.created_by,a1_0.description,a1_0.due_at,a1_0.lead_id,a1_0.outcome,a1_0.subject,a1_0.type,a1_0.updated_at,a1_0.updated_by from activities a1_0 where a1_0.opportunity_id=?
Hibernate: select o1_0.id,o1_0.account_id,o1_0.amount,o1_0.close_date,o1_0.created_at,o1_0.created_by,o1_0.name,o1_0.primary_lead_id,o1_0.probability,o1_0.stage,o1_0.updated_at,o1_0.updated_by from opportunities o1_0 where (? is null or o1_0.stage=?) and (? is null or o1_0.account_id=?) and (? is null or o1_0.close_date>=?) and (? is null or o1_0.close_date<=?) and (? is null or o1_0.amount>=?) and (? is null or o1_0.amount<=?) limit ?,?
Hibernate: select a1_0.opportunity_id,a1_0.id,a1_0.account_id,a1_0.completed,a1_0.contact_id,a1_0.created_at,a1_0.created_by,a1_0.description,a1_0.due_at,a1_0.lead_id,a1_0.outcome,a1_0.subject,a1_0.type,a1_0.updated_at,a1_0.updated_by from activities a1_0 where a1_0.opportunity_id=?
Hibernate: select a1_0.id,a1_0.account_id,a1_0.completed,a1_0.contact_id,a1_0.created_at,a1_0.created_by,a1_0.description,a1_0.due_at,a1_0.lead_id,a1_0.opportunity_id,a1_0.outcome,a1_0.subject,a1_0.type,a1_0.updated_at,a1_0.updated_by from activities a1_0
Hibernate: select o1_0.id,o1_0.account_id,o1_0.amount,o1_0.close_date,o1_0.created_at,o1_0.created_by,o1_0.name,o1_0.primary_lead_id,o1_0.probability,o1_0.stage,o1_0.updated_at,o1_0.updated_by from opportunities o1_0
Hibernate: select a1_0.opportunity_id,a1_0.id,a1_0.account_id,a1_0.completed,a1_0.contact_id,a1_0.created_at,a1_0.created_by,a1_0.description,a1_0.due_at,a1_0.lead_id,a1_0.outcome,a1_0.subject,a1_0.type,a1_0.updated_at,a1_0.updated_by from activities a1_0 where a1_0.opportunity_id=?
Hibernate: select a1_0.opportunity_id,a1_0.id,a1_0.account_id,a1_0.completed,a1_0.contact_id,a1_0.created_at,a1_0.created_by,a1_0.description,a1_0.due_at,a1_0.lead_id,a1_0.outcome,a1_0.subject,a1_0.type,a1_0.updated_at,a1_0.updated_by from activities a1_0 where a1_0.opportunity_id=?
Hibernate: delete from opportunities where id=?
Hibernate: delete from opportunities where id=?
Hibernate: select a1_0.id,a1_0.account_name,a1_0.billing_address,a1_0.created_at,a1_0.created_by,a1_0.industry,a1_0.phone,a1_0.shipping_address,a1_0.status,a1_0.updated_at,a1_0.updated_by,a1_0.website from accounts a1_0
Hibernate: select a1_0.account_id,a1_0.id,a1_0.completed,a1_0.contact_id,a1_0.created_at,a1_0.created_by,a1_0.description,a1_0.due_at,a1_0.lead_id,a1_0.opportunity_id,a1_0.outcome,a1_0.subject,a1_0.type,a1_0.updated_at,a1_0.updated_by from activities a1_0 where a1_0.account_id=?
Hibernate: select o1_0.account_id,o1_0.id,o1_0.amount,o1_0.close_date,o1_0.created_at,o1_0.created_by,o1_0.name,o1_0.primary_lead_id,o1_0.probability,o1_0.stage,o1_0.updated_at,o1_0.updated_by from opportunities o1_0 where o1_0.account_id=?
Hibernate: delete from account_contacts where account_id=?
Hibernate: delete from accounts where id=?
Hibernate: select c1_0.id,c1_0.created_at,c1_0.created_by,c1_0.email,c1_0.first_name,c1_0.is_primary_contact,c1_0.job_title,c1_0.last_name,c1_0.phone,c1_0.updated_at,c1_0.updated_by from contacts c1_0
Hibernate: select l1_0.id,l1_0.company,l1_0.contact_name,l1_0.created_at,l1_0.created_by,l1_0.email,l1_0.owner_user,l1_0.phone,l1_0.source,l1_0.status,l1_0.updated_at,l1_0.updated_by from leads l1_0
Hibernate: insert into accounts (account_name,billing_address,created_at,created_by,industry,phone,shipping_address,status,updated_at,updated_by,website) values (?,?,?,?,?,?,?,?,?,?,?)
Hibernate: select a1_0.id,a1_0.account_name,a1_0.billing_address,a1_0.created_at,a1_0.created_by,a1_0.industry,a1_0.phone,a1_0.shipping_address,a1_0.status,a1_0.updated_at,a1_0.updated_by,a1_0.website from accounts a1_0 where a1_0.id=?
Hibernate: insert into opportunities (account_id,amount,close_date,created_at,created_by,name,primary_lead_id,probability,stage,updated_at,updated_by) values (?,?,?,?,?,?,?,?,?,?,?)
Hibernate: select o1_0.id,o1_0.account_id,o1_0.amount,o1_0.close_date,o1_0.created_at,o1_0.created_by,o1_0.name,o1_0.primary_lead_id,o1_0.probability,o1_0.stage,o1_0.updated_at,o1_0.updated_by from opportunities o1_0 where o1_0.id=?
Hibernate: select a1_0.opportunity_id,a1_0.id,a1_0.account_id,a1_0.completed,a1_0.contact_id,a1_0.created_at,a1_0.created_by,a1_0.description,a1_0.due_at,a1_0.lead_id,a1_0.outcome,a1_0.subject,a1_0.type,a1_0.updated_at,a1_0.updated_by from activities a1_0 where a1_0.opportunity_id=?
Hibernate: update opportunities set account_id=?,amount=?,close_date=?,name=?,primary_lead_id=?,probability=?,stage=?,updated_at=?,updated_by=? where id=?
Hibernate: select a1_0.id,a1_0.account_id,a1_0.completed,a1_0.contact_id,a1_0.created_at,a1_0.created_by,a1_0.description,a1_0.due_at,a1_0.lead_id,a1_0.opportunity_id,a1_0.outcome,a1_0.subject,a1_0.type,a1_0.updated_at,a1_0.updated_by from activities a1_0
Hibernate: select o1_0.id,o1_0.account_id,o1_0.amount,o1_0.close_date,o1_0.created_at,o1_0.created_by,o1_0.name,o1_0.primary_lead_id,o1_0.probability,o1_0.stage,o1_0.updated_at,o1_0.updated_by from opportunities o1_0
Hibernate: select a1_0.opportunity_id,a1_0.id,a1_0.account_id,a1_0.completed,a1_0.contact_id,a1_0.created_at,a1_0.created_by,a1_0.description,a1_0.due_at,a1_0.lead_id,a1_0.outcome,a1_0.subject,a1_0.type,a1_0.updated_at,a1_0.updated_by from activities a1_0 where a1_0.opportunity_id=?
Hibernate: delete from opportunities where id=?
Hibernate: select a1_0.id,a1_0.account_name,a1_0.billing_address,a1_0.created_at,a1_0.created_by,a1_0.industry,a1_0.phone,a1_0.shipping_address,a1_0.status,a1_0.updated_at,a1_0.updated_by,a1_0.website from accounts a1_0
Hibernate: select a1_0.account_id,a1_0.id,a1_0.completed,a1_0.contact_id,a1_0.created_at,a1_0.created_by,a1_0.description,a1_0.due_at,a1_0.lead_id,a1_0.opportunity_id,a1_0.outcome,a1_0.subject,a1_0.type,a1_0.updated_at,a1_0.updated_by from activities a1_0 where a1_0.account_id=?
Hibernate: select o1_0.account_id,o1_0.id,o1_0.amount,o1_0.close_date,o1_0.created_at,o1_0.created_by,o1_0.name,o1_0.primary_lead_id,o1_0.probability,o1_0.stage,o1_0.updated_at,o1_0.updated_by from opportunities o1_0 where o1_0.account_id=?
Hibernate: delete from account_contacts where account_id=?
Hibernate: delete from accounts where id=?
Hibernate: select c1_0.id,c1_0.created_at,c1_0.created_by,c1_0.email,c1_0.first_name,c1_0.is_primary_contact,c1_0.job_title,c1_0.last_name,c1_0.phone,c1_0.updated_at,c1_0.updated_by from contacts c1_0
Hibernate: select l1_0.id,l1_0.company,l1_0.contact_name,l1_0.created_at,l1_0.created_by,l1_0.email,l1_0.owner_user,l1_0.phone,l1_0.source,l1_0.status,l1_0.updated_at,l1_0.updated_by from leads l1_0
Hibernate: insert into accounts (account_name,billing_address,created_at,created_by,industry,phone,shipping_address,status,updated_at,updated_by,website) values (?,?,?,?,?,?,?,?,?,?,?)
Hibernate: select a1_0.id,a1_0.account_name,a1_0.billing_address,a1_0.created_at,a1_0.created_by,a1_0.industry,a1_0.phone,a1_0.shipping_address,a1_0.status,a1_0.updated_at,a1_0.updated_by,a1_0.website from accounts a1_0 where a1_0.id=?
Hibernate: insert into opportunities (account_id,amount,close_date,created_at,created_by,name,primary_lead_id,probability,stage,updated_at,updated_by) values (?,?,?,?,?,?,?,?,?,?,?)
Hibernate: select o1_0.id,o1_0.account_id,o1_0.amount,o1_0.close_date,o1_0.created_at,o1_0.created_by,o1_0.name,o1_0.primary_lead_id,o1_0.probability,o1_0.stage,o1_0.updated_at,o1_0.updated_by from opportunities o1_0 where o1_0.id=?
Hibernate: select a1_0.opportunity_id,a1_0.id,a1_0.account_id,a1_0.completed,a1_0.contact_id,a1_0.created_at,a1_0.created_by,a1_0.description,a1_0.due_at,a1_0.lead_id,a1_0.outcome,a1_0.subject,a1_0.type,a1_0.updated_at,a1_0.updated_by from activities a1_0 where a1_0.opportunity_id=?
Hibernate: update opportunities set account_id=?,amount=?,close_date=?,name=?,primary_lead_id=?,probability=?,stage=?,updated_at=?,updated_by=? where id=?
Hibernate: select a1_0.id,a1_0.account_id,a1_0.completed,a1_0.contact_id,a1_0.created_at,a1_0.created_by,a1_0.description,a1_0.due_at,a1_0.lead_id,a1_0.opportunity_id,a1_0.outcome,a1_0.subject,a1_0.type,a1_0.updated_at,a1_0.updated_by from activities a1_0
Hibernate: select o1_0.id,o1_0.account_id,o1_0.amount,o1_0.close_date,o1_0.created_at,o1_0.created_by,o1_0.name,o1_0.primary_lead_id,o1_0.probability,o1_0.stage,o1_0.updated_at,o1_0.updated_by from opportunities o1_0
Hibernate: select a1_0.opportunity_id,a1_0.id,a1_0.account_id,a1_0.completed,a1_0.contact_id,a1_0.created_at,a1_0.created_by,a1_0.description,a1_0.due_at,a1_0.lead_id,a1_0.outcome,a1_0.subject,a1_0.type,a1_0.updated_at,a1_0.updated_by from activities a1_0 where a1_0.opportunity_id=?
Hibernate: delete from opportunities where id=?
Hibernate: select a1_0.id,a1_0.account_name,a1_0.billing_address,a1_0.created_at,a1_0.created_by,a1_0.industry,a1_0.phone,a1_0.shipping_address,a1_0.status,a1_0.updated_at,a1_0.updated_by,a1_0.website from accounts a1_0
Hibernate: select a1_0.account_id,a1_0.id,a1_0.completed,a1_0.contact_id,a1_0.created_at,a1_0.created_by,a1_0.description,a1_0.due_at,a1_0.lead_id,a1_0.opportunity_id,a1_0.outcome,a1_0.subject,a1_0.type,a1_0.updated_at,a1_0.updated_by from activities a1_0 where a1_0.account_id=?
Hibernate: select o1_0.account_id,o1_0.id,o1_0.amount,o1_0.close_date,o1_0.created_at,o1_0.created_by,o1_0.name,o1_0.primary_lead_id,o1_0.probability,o1_0.stage,o1_0.updated_at,o1_0.updated_by from opportunities o1_0 where o1_0.account_id=?
Hibernate: delete from account_contacts where account_id=?
Hibernate: delete from accounts where id=?
Hibernate: select c1_0.id,c1_0.created_at,c1_0.created_by,c1_0.email,c1_0.first_name,c1_0.is_primary_contact,c1_0.job_title,c1_0.last_name,c1_0.phone,c1_0.updated_at,c1_0.updated_by from contacts c1_0
Hibernate: select l1_0.id,l1_0.company,l1_0.contact_name,l1_0.created_at,l1_0.created_by,l1_0.email,l1_0.owner_user,l1_0.phone,l1_0.source,l1_0.status,l1_0.updated_at,l1_0.updated_by from leads l1_0
Hibernate: insert into accounts (account_name,billing_address,created_at,created_by,industry,phone,shipping_address,status,updated_at,updated_by,website) values (?,?,?,?,?,?,?,?,?,?,?)
Hibernate: select a1_0.id,a1_0.account_name,a1_0.billing_address,a1_0.created_at,a1_0.created_by,a1_0.industry,a1_0.phone,a1_0.shipping_address,a1_0.status,a1_0.updated_at,a1_0.updated_by,a1_0.website from accounts a1_0 where a1_0.id=?
Hibernate: insert into opportunities (account_id,amount,close_date,created_at,created_by,name,primary_lead_id,probability,stage,updated_at,updated_by) values (?,?,?,?,?,?,?,?,?,?,?)
Hibernate: select o1_0.id,o1_0.account_id,o1_0.amount,o1_0.close_date,o1_0.created_at,o1_0.created_by,o1_0.name,o1_0.primary_lead_id,o1_0.probability,o1_0.stage,o1_0.updated_at,o1_0.updated_by from opportunities o1_0 where o1_0.id=?
Hibernate: select a1_0.opportunity_id,a1_0.id,a1_0.account_id,a1_0.completed,a1_0.contact_id,a1_0.created_at,a1_0.created_by,a1_0.description,a1_0.due_at,a1_0.lead_id,a1_0.outcome,a1_0.subject,a1_0.type,a1_0.updated_at,a1_0.updated_by from activities a1_0 where a1_0.opportunity_id=?
Hibernate: select a1_0.id,a1_0.account_id,a1_0.completed,a1_0.contact_id,a1_0.created_at,a1_0.created_by,a1_0.description,a1_0.due_at,a1_0.lead_id,a1_0.opportunity_id,a1_0.outcome,a1_0.subject,a1_0.type,a1_0.updated_at,a1_0.updated_by from activities a1_0
Hibernate: select o1_0.id,o1_0.account_id,o1_0.amount,o1_0.close_date,o1_0.created_at,o1_0.created_by,o1_0.name,o1_0.primary_lead_id,o1_0.probability,o1_0.stage,o1_0.updated_at,o1_0.updated_by from opportunities o1_0
Hibernate: select a1_0.opportunity_id,a1_0.id,a1_0.account_id,a1_0.completed,a1_0.contact_id,a1_0.created_at,a1_0.created_by,a1_0.description,a1_0.due_at,a1_0.lead_id,a1_0.outcome,a1_0.subject,a1_0.type,a1_0.updated_at,a1_0.updated_by from activities a1_0 where a1_0.opportunity_id=?
Hibernate: delete from opportunities where id=?
Hibernate: select a1_0.id,a1_0.account_name,a1_0.billing_address,a1_0.created_at,a1_0.created_by,a1_0.industry,a1_0.phone,a1_0.shipping_address,a1_0.status,a1_0.updated_at,a1_0.updated_by,a1_0.website from accounts a1_0
Hibernate: select a1_0.account_id,a1_0.id,a1_0.completed,a1_0.contact_id,a1_0.created_at,a1_0.created_by,a1_0.description,a1_0.due_at,a1_0.lead_id,a1_0.opportunity_id,a1_0.outcome,a1_0.subject,a1_0.type,a1_0.updated_at,a1_0.updated_by from activities a1_0 where a1_0.account_id=?
Hibernate: select o1_0.account_id,o1_0.id,o1_0.amount,o1_0.close_date,o1_0.created_at,o1_0.created_by,o1_0.name,o1_0.primary_lead_id,o1_0.probability,o1_0.stage,o1_0.updated_at,o1_0.updated_by from opportunities o1_0 where o1_0.account_id=?
Hibernate: delete from account_contacts where account_id=?
Hibernate: delete from accounts where id=?
Hibernate: select c1_0.id,c1_0.created_at,c1_0.created_by,c1_0.email,c1_0.first_name,c1_0.is_primary_contact,c1_0.job_title,c1_0.last_name,c1_0.phone,c1_0.updated_at,c1_0.updated_by from contacts c1_0
Hibernate: select l1_0.id,l1_0.company,l1_0.contact_name,l1_0.created_at,l1_0.created_by,l1_0.email,l1_0.owner_user,l1_0.phone,l1_0.source,l1_0.status,l1_0.updated_at,l1_0.updated_by from leads l1_0
Hibernate: insert into accounts (account_name,billing_address,created_at,created_by,industry,phone,shipping_address,status,updated_at,updated_by,website) values (?,?,?,?,?,?,?,?,?,?,?)
Hibernate: select a1_0.id,a1_0.account_name,a1_0.billing_address,a1_0.created_at,a1_0.created_by,a1_0.industry,a1_0.phone,a1_0.shipping_address,a1_0.status,a1_0.updated_at,a1_0.updated_by,a1_0.website from accounts a1_0 where a1_0.id=?
Hibernate: insert into opportunities (account_id,amount,close_date,created_at,created_by,name,primary_lead_id,probability,stage,updated_at,updated_by) values (?,?,?,?,?,?,?,?,?,?,?)
Hibernate: select o1_0.id,o1_0.account_id,o1_0.amount,o1_0.close_date,o1_0.created_at,o1_0.created_by,o1_0.name,o1_0.primary_lead_id,o1_0.probability,o1_0.stage,o1_0.updated_at,o1_0.updated_by from opportunities o1_0 where o1_0.id=?
Hibernate: select a1_0.opportunity_id,a1_0.id,a1_0.account_id,a1_0.completed,a1_0.contact_id,a1_0.created_at,a1_0.created_by,a1_0.description,a1_0.due_at,a1_0.lead_id,a1_0.outcome,a1_0.subject,a1_0.type,a1_0.updated_at,a1_0.updated_by from activities a1_0 where a1_0.opportunity_id=?
Hibernate: delete from opportunities where id=?
Hibernate: select o1_0.id,o1_0.account_id,o1_0.amount,o1_0.close_date,o1_0.created_at,o1_0.created_by,o1_0.name,o1_0.primary_lead_id,o1_0.probability,o1_0.stage,o1_0.updated_at,o1_0.updated_by from opportunities o1_0 where o1_0.id=?
[INFO] Tests run: 6, Failures: 0, Errors: 0, Skipped: 0, Time elapsed: 0.862 s -- in com.esse.crm.controller.OpportunityControllerIT
[INFO] Running com.esse.crm.mapper.AccountMapperTest
[INFO] Tests run: 3, Failures: 0, Errors: 0, Skipped: 0, Time elapsed: 0.060 s -- in com.esse.crm.mapper.AccountMapperTest
[INFO] Running com.esse.crm.mapper.ActivityMapperTest
[INFO] Tests run: 1, Failures: 0, Errors: 0, Skipped: 0, Time elapsed: 0.003 s -- in com.esse.crm.mapper.ActivityMapperTest
[INFO] Running com.esse.crm.mapper.ContactMapperTest
[INFO] Tests run: 2, Failures: 0, Errors: 0, Skipped: 0, Time elapsed: 0.002 s -- in com.esse.crm.mapper.ContactMapperTest
[INFO] Running com.esse.crm.mapper.LeadMapperTest
[INFO] Tests run: 3, Failures: 0, Errors: 0, Skipped: 0, Time elapsed: 0.004 s -- in com.esse.crm.mapper.LeadMapperTest
[INFO] Running com.esse.crm.mapper.OpportunityMapperTest
[INFO] Tests run: 1, Failures: 0, Errors: 0, Skipped: 0, Time elapsed: 0.002 s -- in com.esse.crm.mapper.OpportunityMapperTest
[INFO] Running com.esse.crm.security.SecurityTimestampsIT
2026-03-07T22:57:24.980Z  INFO 65 --- [           main] t.c.s.AnnotationConfigContextLoaderUtils : Could not detect default configuration classes for test class [com.esse.crm.security.SecurityTimestampsIT]: SecurityTimestampsIT does not declare any static, non-private, non-final, nested classes annotated with @Configuration.
2026-03-07T22:57:25.146Z  INFO 65 --- [           main] .b.t.c.SpringBootTestContextBootstrapper : Found @SpringBootConfiguration com.esse.crm.CrmApplication for test class com.esse.crm.security.SecurityTimestampsIT

  .   ____          _            __ _ _
 /\\ / ___'_ __ _ _(_)_ __  __ _ \ \ \ \
( ( )\___ | '_ | '_| | '_ \/ _` | \ \ \ \
 \\/  ___)| |_)| | | | | || (_| |  ) ) ) )
  '  |____| .__|_| |_|_| |_\__, | / / / /
 =========|_|==============|___/=/_/_/_/
 :: Spring Boot ::                (v3.2.2)

2026-03-07T22:57:26.098Z  INFO 65 --- [           main] c.e.crm.security.SecurityTimestampsIT    : Starting SecurityTimestampsIT using Java 17.0.11 with PID 65 (started by root in /app)
2026-03-07T22:57:26.099Z  INFO 65 --- [           main] c.e.crm.security.SecurityTimestampsIT    : The following 1 profile is active: "test"
2026-03-07T22:57:30.365Z  INFO 65 --- [           main] .s.d.r.c.RepositoryConfigurationDelegate : Bootstrapping Spring Data JPA repositories in DEFAULT mode.
2026-03-07T22:57:30.720Z  INFO 65 --- [           main] .s.d.r.c.RepositoryConfigurationDelegate : Finished Spring Data repository scanning in 354 ms. Found 9 JPA repository interfaces.
2026-03-07T22:57:31.169Z  INFO 65 --- [           main] o.hibernate.jpa.internal.util.LogHelper  : HHH000204: Processing PersistenceUnitInfo [name: default]
2026-03-07T22:57:31.273Z  INFO 65 --- [           main] o.h.c.internal.RegionFactoryInitiator    : HHH000026: Second-level cache disabled
2026-03-07T22:57:31.404Z  INFO 65 --- [           main] o.s.o.j.p.SpringPersistenceUnitInfo      : No LoadTimeWeaver setup: ignoring JPA class transformer
2026-03-07T22:57:31.425Z  INFO 65 --- [           main] com.zaxxer.hikari.HikariDataSource       : HikariPool-2 - Starting...
2026-03-07T22:57:31.435Z  INFO 65 --- [           main] com.zaxxer.hikari.pool.HikariPool        : HikariPool-2 - Added connection com.mysql.cj.jdbc.ConnectionImpl@3d8afc23
2026-03-07T22:57:31.436Z  INFO 65 --- [           main] com.zaxxer.hikari.HikariDataSource       : HikariPool-2 - Start completed.
2026-03-07T22:57:31.438Z  WARN 65 --- [           main] org.hibernate.orm.deprecation            : HHH90000025: MySQLDialect does not need to be specified explicitly using 'hibernate.dialect' (remove the property setting and it will be selected by default)
2026-03-07T22:57:32.163Z  INFO 65 --- [           main] o.h.e.t.j.p.i.JtaPlatformInitiator       : HHH000489: No JTA platform available (set 'hibernate.transaction.jta.platform' to enable JTA platform integration)
Hibernate: alter table account_contacts drop foreign key FK1i4p37b8too4t95ommx3c4nnq
Hibernate: alter table account_contacts drop foreign key FK3qloc4ujwfpq0jxnngv4emdow
Hibernate: alter table activities drop foreign key FKj97fvvdgk04axcyp5d6w838pb
Hibernate: alter table activities drop foreign key FKmdpx4pw34wl4uv1pnuiqfapgv
Hibernate: alter table activities drop foreign key FKf7dwdqdh5opaejcemm2r16t0m
Hibernate: alter table activities drop foreign key FKtehic8fiattwna4dgrmw35w60
Hibernate: alter table opportunities drop foreign key FKeyutus9ng4fxunsxib6elbxrt
Hibernate: alter table opportunities drop foreign key FKhetfoouns9lskt9sq75lvt0xg
Hibernate: alter table refresh_tokens drop foreign key FK1lih5y2npsf8u5o3vhdb9y0os
Hibernate: alter table role_permissions drop foreign key FKegdk29eiy7mdtefy5c7eirr6e
Hibernate: alter table role_permissions drop foreign key FKn5fotdgk8d1xvo8nav9uv3muc
Hibernate: alter table user_roles drop foreign key FKh8ciramu9cc9q3qcqiv4ue8a6
Hibernate: alter table user_roles drop foreign key FKhfh9dx7w3ubf1co1vdev94g3f
Hibernate: drop table if exists account_contacts
Hibernate: drop table if exists accounts
Hibernate: drop table if exists activities
Hibernate: drop table if exists contacts
Hibernate: drop table if exists leads
Hibernate: drop table if exists opportunities
Hibernate: drop table if exists permissions
Hibernate: drop table if exists refresh_tokens
Hibernate: drop table if exists role_permissions
Hibernate: drop table if exists roles
Hibernate: drop table if exists user_roles
Hibernate: drop table if exists users
Hibernate: create table account_contacts (account_id bigint not null, contact_id bigint not null) engine=InnoDB
Hibernate: create table accounts (created_at datetime(6) not null, id bigint not null auto_increment, updated_at datetime(6) not null, created_by varchar(200), updated_by varchar(200), account_name varchar(255) not null, billing_address TEXT, industry varchar(255), phone varchar(255), shipping_address TEXT, website varchar(255), status enum ('ACTIVE','INACTIVE') not null, primary key (id)) engine=InnoDB
Hibernate: create table activities (completed bit not null, account_id bigint, contact_id bigint, created_at datetime(6) not null, due_at datetime(6), id bigint not null auto_increment, lead_id bigint, opportunity_id bigint, updated_at datetime(6) not null, created_by varchar(200), updated_by varchar(200), description TEXT, outcome varchar(255), subject varchar(255) not null, type enum ('CALL','EMAIL','MEETING','TASK','NOTE') not null, primary key (id)) engine=InnoDB
Hibernate: create table contacts (is_primary_contact bit not null, created_at datetime(6) not null, id bigint not null auto_increment, updated_at datetime(6) not null, created_by varchar(200), updated_by varchar(200), email varchar(255) not null, first_name varchar(255) not null, job_title varchar(255), last_name varchar(255) not null, phone varchar(255), primary key (id)) engine=InnoDB
Hibernate: create table leads (created_at datetime(6) not null, id bigint not null auto_increment, updated_at datetime(6) not null, created_by varchar(200), updated_by varchar(200), company varchar(255) not null, contact_name varchar(255) not null, email varchar(255) not null, owner_user varchar(255), phone varchar(255), source enum ('WEB','REFERRAL','PHONE','OTHER') not null, status enum ('NEW','QUALIFIED','DISQUALIFIED','CONVERTED') not null, primary key (id)) engine=InnoDB
Hibernate: create table opportunities (amount decimal(19,2) not null, close_date date, probability integer, account_id bigint not null, created_at datetime(6) not null, id bigint not null auto_increment, primary_lead_id bigint, updated_at datetime(6) not null, created_by varchar(200), updated_by varchar(200), name varchar(255) not null, stage enum ('PROSPECTING','QUALIFICATION','PROPOSAL','NEGOTIATION','WON','LOST') not null, primary key (id)) engine=InnoDB
Hibernate: create table permissions (created_at datetime(6), id bigint not null auto_increment, updated_at datetime(6), name varchar(255) not null, primary key (id)) engine=InnoDB
Hibernate: create table refresh_tokens (created_at datetime(6) not null, expires_at datetime(6) not null, id bigint not null auto_increment, last_used_at datetime(6), revoked_at datetime(6), user_id bigint not null, device_info varchar(255), ip_address varchar(255), token_family varchar(255) not null, token_hash varchar(255) not null, token_id varchar(255) not null, primary key (id)) engine=InnoDB
Hibernate: create table role_permissions (permission_id bigint not null, role_id bigint not null, primary key (permission_id, role_id)) engine=InnoDB
Hibernate: create table roles (created_at datetime(6), id bigint not null auto_increment, updated_at datetime(6), name varchar(255) not null, primary key (id)) engine=InnoDB
Hibernate: create table user_roles (role_id bigint not null, user_id bigint not null, primary key (role_id, user_id)) engine=InnoDB
Hibernate: create table users (created_at datetime(6), id bigint not null auto_increment, updated_at datetime(6), email varchar(255) not null, password varchar(255) not null, username varchar(255) not null, primary key (id)) engine=InnoDB
Hibernate: alter table permissions add constraint UK_pnvtwliis6p05pn6i3ndjrqt2 unique (name)
Hibernate: alter table refresh_tokens add constraint UK_kt71wnjd35heo0p6pewmrdf5f unique (token_id)
Hibernate: alter table roles add constraint UK_ofx66keruapi6vyqpv6f2or37 unique (name)
Hibernate: alter table users add constraint UK_6dotkott2kjsp8vw4d0m25fb7 unique (email)
Hibernate: alter table users add constraint UK_r43af9ap4edm43mmtq01oddj6 unique (username)
Hibernate: alter table account_contacts add constraint FK1i4p37b8too4t95ommx3c4nnq foreign key (contact_id) references contacts (id)
Hibernate: alter table account_contacts add constraint FK3qloc4ujwfpq0jxnngv4emdow foreign key (account_id) references accounts (id)
Hibernate: alter table activities add constraint FKj97fvvdgk04axcyp5d6w838pb foreign key (account_id) references accounts (id)
Hibernate: alter table activities add constraint FKmdpx4pw34wl4uv1pnuiqfapgv foreign key (contact_id) references contacts (id)
Hibernate: alter table activities add constraint FKf7dwdqdh5opaejcemm2r16t0m foreign key (lead_id) references leads (id)
Hibernate: alter table activities add constraint FKtehic8fiattwna4dgrmw35w60 foreign key (opportunity_id) references opportunities (id)
Hibernate: alter table opportunities add constraint FKeyutus9ng4fxunsxib6elbxrt foreign key (account_id) references accounts (id)
Hibernate: alter table opportunities add constraint FKhetfoouns9lskt9sq75lvt0xg foreign key (primary_lead_id) references leads (id)
Hibernate: alter table refresh_tokens add constraint FK1lih5y2npsf8u5o3vhdb9y0os foreign key (user_id) references users (id)
Hibernate: alter table role_permissions add constraint FKegdk29eiy7mdtefy5c7eirr6e foreign key (permission_id) references permissions (id)
Hibernate: alter table role_permissions add constraint FKn5fotdgk8d1xvo8nav9uv3muc foreign key (role_id) references roles (id)
Hibernate: alter table user_roles add constraint FKh8ciramu9cc9q3qcqiv4ue8a6 foreign key (role_id) references roles (id)
Hibernate: alter table user_roles add constraint FKhfh9dx7w3ubf1co1vdev94g3f foreign key (user_id) references users (id)
2026-03-07T22:57:34.690Z  INFO 65 --- [           main] j.LocalContainerEntityManagerFactoryBean : Initialized JPA EntityManagerFactory for persistence unit 'default'
2026-03-07T22:57:36.043Z  WARN 65 --- [           main] JpaBaseConfiguration$JpaWebConfiguration : spring.jpa.open-in-view is enabled by default. Therefore, database queries may be performed during view rendering. Explicitly configure spring.jpa.open-in-view to disable this warning
2026-03-07T22:57:37.094Z  INFO 65 --- [           main] o.s.b.a.e.web.EndpointLinksResolver      : Exposing 3 endpoint(s) beneath base path '/actuator'
2026-03-07T22:57:37.234Z  INFO 65 --- [           main] o.s.s.web.DefaultSecurityFilterChain     : Will secure any request with [org.springframework.security.web.session.DisableEncodeUrlFilter@909ac95, org.springframework.security.web.context.request.async.WebAsyncManagerIntegrationFilter@771f644a, org.springframework.security.web.context.SecurityContextHolderFilter@42bbcbde, org.springframework.security.web.header.HeaderWriterFilter@48f28766, org.springframework.web.filter.CorsFilter@63e2d17d, org.springframework.security.web.authentication.logout.LogoutFilter@287aebce, com.esse.crm.security.filter.JwtAuthenticationFilter@3fb92027, org.springframework.security.web.savedrequest.RequestCacheAwareFilter@5386087c, org.springframework.security.web.servletapi.SecurityContextHolderAwareRequestFilter@54014a35, org.springframework.security.web.authentication.AnonymousAuthenticationFilter@20e5f5ae, org.springframework.security.web.session.SessionManagementFilter@4e21d3c, org.springframework.security.web.access.ExceptionTranslationFilter@48907397, org.springframework.security.web.access.intercept.AuthorizationFilter@4ca649cf]
2026-03-07T22:57:39.422Z  INFO 65 --- [           main] c.e.crm.security.SecurityTimestampsIT    : Started SecurityTimestampsIT in 14.226 seconds (process running for 105.738)
Hibernate: insert into roles (created_at,name,updated_at) values (?,?,?)
Hibernate: insert into users (created_at,email,password,updated_at,username) values (?,?,?,?,?)
Hibernate: insert into permissions (created_at,name,updated_at) values (?,?,?)
[INFO] Tests run: 3, Failures: 0, Errors: 0, Skipped: 0, Time elapsed: 15.65 s -- in com.esse.crm.security.SecurityTimestampsIT
[INFO] Running com.esse.crm.service.AccountServiceTest
[INFO] Tests run: 6, Failures: 0, Errors: 0, Skipped: 0, Time elapsed: 2.596 s -- in com.esse.crm.service.AccountServiceTest
[INFO] Running com.esse.crm.service.ActivityServiceTest
[INFO] Tests run: 5, Failures: 0, Errors: 0, Skipped: 0, Time elapsed: 0.292 s -- in com.esse.crm.service.ActivityServiceTest
[INFO] Running com.esse.crm.service.ContactServiceTest
[INFO] Tests run: 5, Failures: 0, Errors: 0, Skipped: 0, Time elapsed: 0.162 s -- in com.esse.crm.service.ContactServiceTest
[INFO] Running com.esse.crm.service.LeadServiceTest
[INFO] Tests run: 5, Failures: 0, Errors: 0, Skipped: 0, Time elapsed: 0.439 s -- in com.esse.crm.service.LeadServiceTest
[INFO] Running com.esse.crm.service.OpportunityServiceTest
[INFO] Tests run: 5, Failures: 0, Errors: 0, Skipped: 0, Time elapsed: 0.158 s -- in com.esse.crm.service.OpportunityServiceTest
2026-03-07T22:57:46.302Z  INFO 65 --- [ionShutdownHook] j.LocalContainerEntityManagerFactoryBean : Closing JPA EntityManagerFactory for persistence unit 'default'
[ERROR] Surefire is going to kill self fork JVM. The exit has elapsed 30 seconds after System.exit(0).
[INFO] 
[INFO] Results:
[INFO] 
[INFO] Tests run: 82, Failures: 0, Errors: 0, Skipped: 0
[INFO] 
[INFO] 
[INFO] --- jacoco:0.8.11:report (report) @ crm-app ---
[INFO] Loading execution data file /app/target/jacoco.exec
[INFO] ------------------------------------------------------------------------
[INFO] BUILD FAILURE
[INFO] ------------------------------------------------------------------------
[INFO] Total time:  03:47 min
[INFO] Finished at: 2026-03-07T22:59:38Z
[INFO] ------------------------------------------------------------------------
[ERROR] Failed to execute goal org.jacoco:jacoco-maven-plugin:0.8.11:report (report) on project crm-app: An error has occurred in JaCoCo report generation.: Error while creating report: Unknown block type c0. -> [Help 1]
[ERROR] 
[ERROR] To see the full stack trace of the errors, re-run Maven with the -e switch.
[ERROR] Re-run Maven using the -X switch to enable full debug logging.
[ERROR] 
[ERROR] For more information about the errors and possible solutions, please read the following articles:
[ERROR] [Help 1] http://cwiki.apache.org/confluence/display/MAVEN/MojoExecutionException
